
Optional file libmchp_peripheral.a not found

Optional file libmchp_peripheral_32MX795F512L.a not found
Archive member included because of file (symbol)

c:/program files (x86)/microchip/xc32/v1.40/bin/bin/../../lib/gcc/pic32mx/4.8.3/../../../../pic32mx/lib\libpic32.a(memcpy.o)
                              build/default/production/_ext/1834516116/queue.o (memcpy)
c:/program files (x86)/microchip/xc32/v1.40/bin/bin/../../lib/gcc/pic32mx/4.8.3/../../../../pic32mx/lib\libpic32.a(memset.o)
                              build/default/production/_ext/1360937237/Coms.o (memset)
c:/program files (x86)/microchip/xc32/v1.40/bin/bin/../../lib/gcc/pic32mx/4.8.3/../../../../pic32mx/lib\libpic32.a(strlen.o)
                              build/default/production/_ext/1360937237/Coms.o (strlen)
c:/program files (x86)/microchip/xc32/v1.40/bin/bin/../../lib/gcc/pic32mx/4.8.3/../../../../pic32mx/lib\libpic32.a(default-bootstrap-exception-handler.o)
                              c:/program files (x86)/microchip/xc32/v1.40/bin/bin/../../lib/gcc/pic32mx/4.8.3/../../../../pic32mx/lib/./proc/32MX795F512L/crt0_mips32r2.o (_bootstrap_exception_handler)
c:/program files (x86)/microchip/xc32/v1.40/bin/bin/../../lib/gcc/pic32mx/4.8.3/../../../../pic32mx/lib\libpic32.a(default-on-reset.o)
                              c:/program files (x86)/microchip/xc32/v1.40/bin/bin/../../lib/gcc/pic32mx/4.8.3/../../../../pic32mx/lib/./proc/32MX795F512L/crt0_mips32r2.o (_on_reset)
c:/program files (x86)/microchip/xc32/v1.40/bin/bin/../../lib/gcc/pic32mx/4.8.3/../../../../pic32mx/lib\libpic32.a(default-on-bootstrap.o)
                              c:/program files (x86)/microchip/xc32/v1.40/bin/bin/../../lib/gcc/pic32mx/4.8.3/../../../../pic32mx/lib/./proc/32MX795F512L/crt0_mips32r2.o (_on_bootstrap)
c:/program files (x86)/microchip/xc32/v1.40/bin/bin/../../lib/gcc/pic32mx/4.8.3/../../../../pic32mx/lib\libpic32.a(default-nmi-handler.o)
                              c:/program files (x86)/microchip/xc32/v1.40/bin/bin/../../lib/gcc/pic32mx/4.8.3/../../../../pic32mx/lib/./proc/32MX795F512L/crt0_mips32r2.o (_nmi_handler)
c:/program files (x86)/microchip/xc32/v1.40/bin/bin/../../lib/gcc/pic32mx/4.8.3/../../../../pic32mx/lib\libpic32.a(general-exception.o)
                              c:/program files (x86)/microchip/xc32/v1.40/bin/bin/../../lib/gcc/pic32mx/4.8.3/../../../../pic32mx/lib/./proc/32MX795F512L/crt0_mips32r2.o (_general_exception_context)
c:/program files (x86)/microchip/xc32/v1.40/bin/bin/../../lib/gcc/pic32mx/4.8.3/../../../../pic32mx/lib\libpic32.a(vector0.o)
                              c:/program files (x86)/microchip/xc32/v1.40/bin/bin/../../lib/gcc/pic32mx/4.8.3/../../../../pic32mx/lib/./proc/32MX795F512L\default_isr_vectors.o (__vector_dispatch_0)
c:/program files (x86)/microchip/xc32/v1.40/bin/bin/../../lib/gcc/pic32mx/4.8.3/../../../../pic32mx/lib\libpic32.a(vector2.o)
                              c:/program files (x86)/microchip/xc32/v1.40/bin/bin/../../lib/gcc/pic32mx/4.8.3/../../../../pic32mx/lib/./proc/32MX795F512L\default_isr_vectors.o (__vector_dispatch_2)
c:/program files (x86)/microchip/xc32/v1.40/bin/bin/../../lib/gcc/pic32mx/4.8.3/../../../../pic32mx/lib\libpic32.a(vector3.o)
                              c:/program files (x86)/microchip/xc32/v1.40/bin/bin/../../lib/gcc/pic32mx/4.8.3/../../../../pic32mx/lib/./proc/32MX795F512L\default_isr_vectors.o (__vector_dispatch_3)
c:/program files (x86)/microchip/xc32/v1.40/bin/bin/../../lib/gcc/pic32mx/4.8.3/../../../../pic32mx/lib\libpic32.a(vector5.o)
                              c:/program files (x86)/microchip/xc32/v1.40/bin/bin/../../lib/gcc/pic32mx/4.8.3/../../../../pic32mx/lib/./proc/32MX795F512L\default_isr_vectors.o (__vector_dispatch_5)
c:/program files (x86)/microchip/xc32/v1.40/bin/bin/../../lib/gcc/pic32mx/4.8.3/../../../../pic32mx/lib\libpic32.a(vector6.o)
                              c:/program files (x86)/microchip/xc32/v1.40/bin/bin/../../lib/gcc/pic32mx/4.8.3/../../../../pic32mx/lib/./proc/32MX795F512L\default_isr_vectors.o (__vector_dispatch_6)
c:/program files (x86)/microchip/xc32/v1.40/bin/bin/../../lib/gcc/pic32mx/4.8.3/../../../../pic32mx/lib\libpic32.a(vector8.o)
                              c:/program files (x86)/microchip/xc32/v1.40/bin/bin/../../lib/gcc/pic32mx/4.8.3/../../../../pic32mx/lib/./proc/32MX795F512L\default_isr_vectors.o (__vector_dispatch_8)
c:/program files (x86)/microchip/xc32/v1.40/bin/bin/../../lib/gcc/pic32mx/4.8.3/../../../../pic32mx/lib\libpic32.a(vector9.o)
                              c:/program files (x86)/microchip/xc32/v1.40/bin/bin/../../lib/gcc/pic32mx/4.8.3/../../../../pic32mx/lib/./proc/32MX795F512L\default_isr_vectors.o (__vector_dispatch_9)
c:/program files (x86)/microchip/xc32/v1.40/bin/bin/../../lib/gcc/pic32mx/4.8.3/../../../../pic32mx/lib\libpic32.a(vector10.o)
[...]
Memory Configuration

Name             Origin             Length             Attributes
kseg0_program_mem 0x9d000000         0x00080000         xr
kseg0_boot_mem   0x9fc00490         0x00000970
exception_mem    0x9fc01000         0x00001000
kseg1_boot_mem   0xbfc00000         0x00000490
debug_exec_mem   0xbfc02000         0x00000ff0
config3          0xbfc02ff0         0x00000004
config2          0xbfc02ff4         0x00000004
config1          0xbfc02ff8         0x00000004
config0          0xbfc02ffc         0x00000004
kseg1_data_mem   0xa0000000         0x00020000         w !x
sfrs             0xbf800000         0x00100000
configsfrs       0xbfc02ff0         0x00000010
*default*        0x00000000         0xffffffff

Linker script and memory map

LOAD c:/program files (x86)/microchip/xc32/v1.40/bin/bin/../../lib/gcc/pic32mx/4.8.3/../../../../pic32mx/lib/./proc/32MX795F512L/crt0_mips32r2.o
LOAD c:/program files (x86)/microchip/xc32/v1.40/bin/bin/../../lib/gcc/pic32mx/4.8.3/../../../../pic32mx/lib\debug-exception-return.o
LOAD build/default/production/_ext/1361460060/drv_adc_static.o
LOAD build/default/production/_ext/1047219354/drv_oc_static.o
LOAD build/default/production/_ext/1407244131/drv_tmr_static.o
LOAD build/default/production/_ext/639803181/sys_clk_static.o
LOAD build/default/production/_ext/822048611/sys_ports_static.o
LOAD build/default/production/_ext/1688732426/system_init.o
LOAD build/default/production/_ext/1688732426/system_interrupt.o
LOAD build/default/production/_ext/1688732426/system_exceptions.o
LOAD build/default/production/_ext/1688732426/system_tasks.o
LOAD build/default/production/_ext/1688732426/system_interrupt_a.o
LOAD build/default/production/_ext/1688732426/rtos_hooks.o
LOAD build/default/production/_ext/1360937237/app.o
LOAD build/default/production/_ext/1360937237/main.o
LOAD build/default/production/_ext/1360937237/Coms.o
LOAD build/default/production/_ext/1360937237/FindAndFollow.o
LOAD build/default/production/_ext/1360937237/Sensors.o
LOAD build/default/production/_ext/1360937237/Motors.o
LOAD build/default/production/_ext/1360937237/PacketManip.o
LOAD build/default/production/_ext/589191024/drv_usart.o
LOAD build/default/production/_ext/589191024/drv_usart_buffer_queue.o
LOAD build/default/production/_ext/589191024/drv_usart_read_write.o
LOAD build/default/production/_ext/1645233519/osal_freertos.o
LOAD build/default/production/_ext/59525387/sys_devcon.o
LOAD build/default/production/_ext/59525387/sys_devcon_pic32mx.o
LOAD build/default/production/_ext/1713828911/sys_int_pic32.o
LOAD build/default/production/_ext/156848948/sys_ports.o
LOAD build/default/production/_ext/1047663089/sys_reset.o
LOAD build/default/production/_ext/471252175/heap_1.o
LOAD build/default/production/_ext/415989026/port.o
LOAD build/default/production/_ext/415989026/port_asm.o
LOAD build/default/production/_ext/1834516116/croutine.o
LOAD build/default/production/_ext/1834516116/list.o
LOAD build/default/production/_ext/1834516116/queue.o
LOAD build/default/production/_ext/1834516116/tasks.o
LOAD build/default/production/_ext/1834516116/timers.o
LOAD build/default/production/_ext/1834516116/event_groups.o
LOAD ..\..\..\..\..\..\..\microchip\harmony\v1_06\bin\framework\peripheral\PIC32MX795F512L_peripherals.a
                0x00000001                __MPLAB_BUILD = 0x1
                0x00000000                _min_heap_size = 0x0
LOAD c:/program files (x86)/microchip/xc32/v1.40/bin/bin/../../lib/gcc/pic32mx/4.8.3/../../../../pic32mx/lib/./proc/32MX795F512L\default_isr_vectors.o
LOAD c:/program files (x86)/microchip/xc32/v1.40/bin/bin/../../lib/gcc/pic32mx/4.8.3/../../../../pic32mx/lib\pic32_software_reset.o
                0x00000400                PROVIDE (_min_stack_size, 0x400)
LOAD c:/program files (x86)/microchip/xc32/v1.40/bin/bin/../../lib/gcc/pic32mx/4.8.3/../../../../pic32mx/lib/./proc/32MX795F512L\processor.o
START GROUP
LOAD libmchp_peripheral.a
END GROUP
START GROUP
LOAD libmchp_peripheral_32MX795F512L.a
END GROUP
                0x00000001                PROVIDE (_vector_spacing, 0x1)
                0x9fc01000                _ebase_address = 0x9fc01000
                0xbfc00000                _RESET_ADDR = 0xbfc00000
                0xbfc00380                _BEV_EXCPT_ADDR = 0xbfc00380
                0xbfc00480                _DBG_EXCPT_ADDR = 0xbfc00480
                0xbfc02000                _DBG_CODE_ADDR = 0xbfc02000
                0x00000ff0                _DBG_CODE_SIZE = 0xff0
                0x9fc01180                _GEN_EXCPT_ADDR = (_ebase_address + 0x180)

.config_BFC02FF0
                0xbfc02ff0        0x4
 *(.config_BFC02FF0)
 .config_BFC02FF0
                0xbfc02ff0        0x4 build/default/production/_ext/1688732426/system_init.o

.config_BFC02FF4
                0xbfc02ff4        0x4
 *(.config_BFC02FF4)
 .config_BFC02FF4
                0xbfc02ff4        0x4 build/default/production/_ext/1688732426/system_init.o

.config_BFC02FF8
                0xbfc02ff8        0x4
 *(.config_BFC02FF8)
 .config_BFC02FF8
                0xbfc02ff8        0x4 build/default/production/_ext/1688732426/system_init.o

.config_BFC02FFC
                0xbfc02ffc        0x4
 *(.config_BFC02FFC)
 .config_BFC02FFC
                0xbfc02ffc        0x4 build/default/production/_ext/1688732426/system_init.o
                0xbfc02000                PROVIDE (_DBG_CODE_ADDR, 0xbfc02000)
                0x00000ff0                PROVIDE (_DBG_CODE_SIZE, 0xff0)

.reset          0xbfc00000      0x1f4
 *(.reset)
 .reset         0xbfc00000        0x8 c:/program files (x86)/microchip/xc32/v1.40/bin/bin/../../lib/gcc/pic32mx/4.8.3/../../../../pic32mx/lib/./proc/32MX795F512L/crt0_mips32r2.o
                0xbfc00000                _reset
 *(.reset.startup)
 .reset.startup
                0xbfc00008      0x1ec c:/program files (x86)/microchip/xc32/v1.40/bin/bin/../../lib/gcc/pic32mx/4.8.3/../../../../pic32mx/lib/./proc/32MX795F512L/crt0_mips32r2.o

.bev_excpt      0xbfc00380       0x10
 *(.bev_handler)
 .bev_handler   0xbfc00380       0x10 c:/program files (x86)/microchip/xc32/v1.40/bin/bin/../../lib/gcc/pic32mx/4.8.3/../../../../pic32mx/lib/./proc/32MX795F512L/crt0_mips32r2.o

.dbg_excpt      0xbfc00480        0x0
                0xbfc00480                . = (. + DEFINED (_DEBUGGER)?0x8:0x0)

.dbg_code       0xbfc02000        0x0
                0xbfc02000                . = (. + DEFINED (_DEBUGGER)?_DBG_CODE_SIZE:0x0)

.app_excpt      0x9fc01180       0x10
 *(.gen_handler)
 .gen_handler   0x9fc01180       0x10 c:/program files (x86)/microchip/xc32/v1.40/bin/bin/../../lib/gcc/pic32mx/4.8.3/../../../../pic32mx/lib/./proc/32MX795F512L/crt0_mips32r2.o

.vector_0       0x9fc01200        0x8
 *(.vector_0)
 .vector_0      0x9fc01200        0x8 c:/program files (x86)/microchip/xc32/v1.40/bin/bin/../../lib/gcc/pic32mx/4.8.3/../../../../pic32mx/lib\libpic32.a(vector0.o)
                0x9fc01200                __vector_dispatch_0
                0x00000001                ASSERT (((_vector_spacing == 0x0) || (SIZEOF (.vector_0) <= (_vector_spacing << 0x5))), function at exception vector 0 too large)

.vector_1       0x9fc01220        0x8
 *(.vector_1)
 .vector_1      0x9fc01220        0x8 build/default/production/_ext/415989026/port.o
                0x9fc01220                __vector_dispatch_1
                0x00000001                ASSERT (((_vector_spacing == 0x0) || (SIZEOF (.vector_1) <= (_vector_spacing << 0x5))), function at exception vector 1 too large)

.vector_2       0x9fc01240        0x8
 *(.vector_2)
 .vector_2      0x9fc01240        0x8 c:/program files (x86)/microchip/xc32/v1.40/bin/bin/../../lib/gcc/pic32mx/4.8.3/../../../../pic32mx/lib\libpic32.a(vector2.o)
                0x9fc01240                __vector_dispatch_2
                0x00000001                ASSERT (((_vector_spacing == 0x0) || (SIZEOF (.vector_2) <= (_vector_spacing << 0x5))), function at exception vector 2 too large)

.vector_3       0x9fc01260        0x8
 *(.vector_3)
 .vector_3      0x9fc01260        0x8 c:/program files (x86)/microchip/xc32/v1.40/bin/bin/../../lib/gcc/pic32mx/4.8.3/../../../../pic32mx/lib\libpic32.a(vector3.o)
                0x9fc01260                __vector_dispatch_3
                0x00000001                ASSERT (((_vector_spacing == 0x0) || (SIZEOF (.vector_3) <= (_vector_spacing << 0x5))), function at exception vector 3 too large)

.vector_4       0x9fc01280        0x8
 *(.vector_4)
 .vector_4      0x9fc01280        0x8 build/default/production/_ext/415989026/port.o
                0x9fc01280                __vector_dispatch_4
                0x00000001                ASSERT (((_vector_spacing == 0x0) || (SIZEOF (.vector_4) <= (_vector_spacing << 0x5))), function at exception vector 4 too large)

.vector_5       0x9fc012a0        0x8
 *(.vector_5)
 .vector_5      0x9fc012a0        0x8 c:/program files (x86)/microchip/xc32/v1.40/bin/bin/../../lib/gcc/pic32mx/4.8.3/../../../../pic32mx/lib\libpic32.a(vector5.o)
                0x9fc012a0                __vector_dispatch_5
                0x00000001                ASSERT (((_vector_spacing == 0x0) || (SIZEOF (.vector_5) <= (_vector_spacing << 0x5))), function at exception vector 5 too large)

.vector_6       0x9fc012c0        0x8
 *(.vector_6)
 .vector_6      0x9fc012c0        0x8 c:/program files (x86)/microchip/xc32/v1.40/bin/bin/../../lib/gcc/pic32mx/4.8.3/../../../../pic32mx/lib\libpic32.a(vector6.o)
                0x9fc012c0                __vector_dispatch_6
                0x00000001                ASSERT (((_vector_spacing == 0x0) || (SIZEOF (.vector_6) <= (_vector_spacing << 0x5))), function at exception vector 6 too large)

.vector_7       0x9fc012e0       0x10
 *(.vector_7)
 .vector_7      0x9fc012e0       0x10 build/default/production/_ext/1688732426/system_interrupt_a.o
                0x9fc012e0                __vector_dispatch_7
                0x00000001                ASSERT (((_vector_spacing == 0x0) || (SIZEOF (.vector_7) <= (_vector_spacing << 0x5))), function at exception vector 7 too large)

.vector_8       0x9fc01300        0x8
 *(.vector_8)
 .vector_8      0x9fc01300        0x8 c:/program files (x86)/microchip/xc32/v1.40/bin/bin/../../lib/gcc/pic32mx/4.8.3/../../../../pic32mx/lib\libpic32.a(vector8.o)
                0x9fc01300                __vector_dispatch_8
                0x00000001                ASSERT (((_vector_spacing == 0x0) || (SIZEOF (.vector_8) <= (_vector_spacing << 0x5))), function at exception vector 8 too large)

.vector_9       0x9fc01320        0x8
 *(.vector_9)
 .vector_9      0x9fc01320        0x8 c:/program files (x86)/microchip/xc32/v1.40/bin/bin/../../lib/gcc/pic32mx/4.8.3/../../../../pic32mx/lib\libpic32.a(vector9.o)
                0x9fc01320                __vector_dispatch_9
                0x00000001                ASSERT (((_vector_spacing == 0x0) || (SIZEOF (.vector_9) <= (_vector_spacing << 0x5))), function at exception vector 9 too large)

.vector_10      0x9fc01340        0x8
 *(.vector_10)
 .vector_10     0x9fc01340        0x8 c:/program files (x86)/microchip/xc32/v1.40/bin/bin/../../lib/gcc/pic32mx/4.8.3/../../../../pic32mx/lib\libpic32.a(vector10.o)
                0x9fc01340                __vector_dispatch_10
                0x00000001                ASSERT (((_vector_spacing == 0x0) || (SIZEOF (.vector_10) <= (_vector_spacing << 0x5))), function at exception vector 10 too large)

.vector_11      0x9fc01360       0x10
 *(.vector_11)
 .vector_11     0x9fc01360       0x10 build/default/production/_ext/1688732426/system_interrupt_a.o
                0x9fc01360                __vector_dispatch_11
                0x00000001                ASSERT (((_vector_spacing == 0x0) || (SIZEOF (.vector_11) <= (_vector_spacing << 0x5))), function at exception vector 11 too large)

.vector_12      0x9fc01380       0x10
 *(.vector_12)
 .vector_12     0x9fc01380       0x10 build/default/production/_ext/1688732426/system_interrupt_a.o
                0x9fc01380                __vector_dispatch_12
                0x00000001                ASSERT (((_vector_spacing == 0x0) || (SIZEOF (.vector_12) <= (_vector_spacing << 0x5))), function at exception vector 12 too large)

.vector_13      0x9fc013a0        0x8
 *(.vector_13)
 .vector_13     0x9fc013a0        0x8 c:/program files (x86)/microchip/xc32/v1.40/bin/bin/../../lib/gcc/pic32mx/4.8.3/../../../../pic32mx/lib\libpic32.a(vector13.o)
                0x9fc013a0                __vector_dispatch_13
                0x00000001                ASSERT (((_vector_spacing == 0x0) || (SIZEOF (.vector_13) <= (_vector_spacing << 0x5))), function at exception vector 13 too large)

.vector_14      0x9fc013c0        0x8
 *(.vector_14)
 .vector_14     0x9fc013c0        0x8 c:/program files (x86)/microchip/xc32/v1.40/bin/bin/../../lib/gcc/pic32mx/4.8.3/../../../../pic32mx/lib\libpic32.a(vector14.o)
                0x9fc013c0                __vector_dispatch_14
                0x00000001                ASSERT (((_vector_spacing == 0x0) || (SIZEOF (.vector_14) <= (_vector_spacing << 0x5))), function at exception vector 14 too large)

.vector_15      0x9fc013e0        0x8
 *(.vector_15)
 .vector_15     0x9fc013e0        0x8 c:/program files (x86)/microchip/xc32/v1.40/bin/bin/../../lib/gcc/pic32mx/4.8.3/../../../../pic32mx/lib\libpic32.a(vector15.o)
                0x9fc013e0                __vector_dispatch_15
                0x00000001                ASSERT (((_vector_spacing == 0x0) || (SIZEOF (.vector_15) <= (_vector_spacing << 0x5))), function at exception vector 15 too large)

.vector_16      0x9fc01400        0x8
 *(.vector_16)
 .vector_16     0x9fc01400        0x8 c:/program files (x86)/microchip/xc32/v1.40/bin/bin/../../lib/gcc/pic32mx/4.8.3/../../../../pic32mx/lib\libpic32.a(vector16.o)
                0x9fc01400                __vector_dispatch_16
                0x00000001                ASSERT (((_vector_spacing == 0x0) || (SIZEOF (.vector_16) <= (_vector_spacing << 0x5))), function at exception vector 16 too large)

.vector_17      0x9fc01420        0x8
 *(.vector_17)
 .vector_17     0x9fc01420        0x8 c:/program files (x86)/microchip/xc32/v1.40/bin/bin/../../lib/gcc/pic32mx/4.8.3/../../../../pic32mx/lib\libpic32.a(vector17.o)
                0x9fc01420                __vector_dispatch_17
                0x00000001                ASSERT (((_vector_spacing == 0x0) || (SIZEOF (.vector_17) <= (_vector_spacing << 0x5))), function at exception vector 17 too large)

.vector_18      0x9fc01440        0x8
 *(.vector_18)
 .vector_18     0x9fc01440        0x8 c:/program files (x86)/microchip/xc32/v1.40/bin/bin/../../lib/gcc/pic32mx/4.8.3/../../../../pic32mx/lib\libpic32.a(vector18.o)
                0x9fc01440                __vector_dispatch_18
                0x00000001                ASSERT (((_vector_spacing == 0x0) || (SIZEOF (.vector_18) <= (_vector_spacing << 0x5))), function at exception vector 18 too large)

.vector_19      0x9fc01460        0x8
 *(.vector_19)
 .vector_19     0x9fc01460        0x8 c:/program files (x86)/microchip/xc32/v1.40/bin/bin/../../lib/gcc/pic32mx/4.8.3/../../../../pic32mx/lib\libpic32.a(vector19.o)
                0x9fc01460                __vector_dispatch_19
                0x00000001                ASSERT (((_vector_spacing == 0x0) || (SIZEOF (.vector_19) <= (_vector_spacing << 0x5))), function at exception vector 19 too large)

.vector_20      0x9fc01480        0x8
 *(.vector_20)
 .vector_20     0x9fc01480        0x8 c:/program files (x86)/microchip/xc32/v1.40/bin/bin/../../lib/gcc/pic32mx/4.8.3/../../../../pic32mx/lib\libpic32.a(vector20.o)
                0x9fc01480                __vector_dispatch_20
                0x00000001                ASSERT (((_vector_spacing == 0x0) || (SIZEOF (.vector_20) <= (_vector_spacing << 0x5))), function at exception vector 20 too large)

.vector_21      0x9fc014a0        0x8
 *(.vector_21)
 .vector_21     0x9fc014a0        0x8 c:/program files (x86)/microchip/xc32/v1.40/bin/bin/../../lib/gcc/pic32mx/4.8.3/../../../../pic32mx/lib\libpic32.a(vector21.o)
                0x9fc014a0                __vector_dispatch_21
                0x00000001                ASSERT (((_vector_spacing == 0x0) || (SIZEOF (.vector_21) <= (_vector_spacing << 0x5))), function at exception vector 21 too large)

.vector_22      0x9fc014c0        0x8
 *(.vector_22)
 .vector_22     0x9fc014c0        0x8 c:/program files (x86)/microchip/xc32/v1.40/bin/bin/../../lib/gcc/pic32mx/4.8.3/../../../../pic32mx/lib\libpic32.a(vector22.o)
                0x9fc014c0                __vector_dispatch_22
                0x00000001                ASSERT (((_vector_spacing == 0x0) || (SIZEOF (.vector_22) <= (_vector_spacing << 0x5))), function at exception vector 22 too large)

.vector_23      0x9fc014e0        0x8
 *(.vector_23)
 .vector_23     0x9fc014e0        0x8 c:/program files (x86)/microchip/xc32/v1.40/bin/bin/../../lib/gcc/pic32mx/4.8.3/../../../../pic32mx/lib\libpic32.a(vector23.o)
                0x9fc014e0                __vector_dispatch_23
                0x00000001                ASSERT (((_vector_spacing == 0x0) || (SIZEOF (.vector_23) <= (_vector_spacing << 0x5))), function at exception vector 23 too large)

.vector_24      0x9fc01500        0x8
 *(.vector_24)
 .vector_24     0x9fc01500        0x8 c:/program files (x86)/microchip/xc32/v1.40/bin/bin/../../lib/gcc/pic32mx/4.8.3/../../../../pic32mx/lib\libpic32.a(vector24.o)
                0x9fc01500                __vector_dispatch_24
                0x00000001                ASSERT (((_vector_spacing == 0x0) || (SIZEOF (.vector_24) <= (_vector_spacing << 0x5))), function at exception vector 24 too large)

.vector_25      0x9fc01520        0x8
 *(.vector_25)
 .vector_25     0x9fc01520        0x8 c:/program files (x86)/microchip/xc32/v1.40/bin/bin/../../lib/gcc/pic32mx/4.8.3/../../../../pic32mx/lib\libpic32.a(vector25.o)
                0x9fc01520                __vector_dispatch_25
                0x00000001                ASSERT (((_vector_spacing == 0x0) || (SIZEOF (.vector_25) <= (_vector_spacing << 0x5))), function at exception vector 25 too large)

.vector_26      0x9fc01540        0x8
 *(.vector_26)
 .vector_26     0x9fc01540        0x8 c:/program files (x86)/microchip/xc32/v1.40/bin/bin/../../lib/gcc/pic32mx/4.8.3/../../../../pic32mx/lib\libpic32.a(vector26.o)
                0x9fc01540                __vector_dispatch_26
                0x00000001                ASSERT (((_vector_spacing == 0x0) || (SIZEOF (.vector_26) <= (_vector_spacing << 0x5))), function at exception vector 26 too large)

.vector_27      0x9fc01560       0x10
 *(.vector_27)
 .vector_27     0x9fc01560       0x10 build/default/production/_ext/1688732426/system_interrupt_a.o
                0x9fc01560                __vector_dispatch_27
                0x00000001                ASSERT (((_vector_spacing == 0x0) || (SIZEOF (.vector_27) <= (_vector_spacing << 0x5))), function at exception vector 27 too large)

.vector_28      0x9fc01580        0x8
 *(.vector_28)
 .vector_28     0x9fc01580        0x8 c:/program files (x86)/microchip/xc32/v1.40/bin/bin/../../lib/gcc/pic32mx/4.8.3/../../../../pic32mx/lib\libpic32.a(vector28.o)
                0x9fc01580                __vector_dispatch_28
                0x00000001                ASSERT (((_vector_spacing == 0x0) || (SIZEOF (.vector_28) <= (_vector_spacing << 0x5))), function at exception vector 28 too large)

.vector_29      0x9fc015a0        0x8
 *(.vector_29)
 .vector_29     0x9fc015a0        0x8 c:/program files (x86)/microchip/xc32/v1.40/bin/bin/../../lib/gcc/pic32mx/4.8.3/../../../../pic32mx/lib\libpic32.a(vector29.o)
                0x9fc015a0                __vector_dispatch_29
                0x00000001                ASSERT (((_vector_spacing == 0x0) || (SIZEOF (.vector_29) <= (_vector_spacing << 0x5))), function at exception vector 29 too large)

.vector_30      0x9fc015c0        0x8
 *(.vector_30)
 .vector_30     0x9fc015c0        0x8 c:/program files (x86)/microchip/xc32/v1.40/bin/bin/../../lib/gcc/pic32mx/4.8.3/../../../../pic32mx/lib\libpic32.a(vector30.o)
                0x9fc015c0                __vector_dispatch_30
                0x00000001                ASSERT (((_vector_spacing == 0x0) || (SIZEOF (.vector_30) <= (_vector_spacing << 0x5))), function at exception vector 30 too large)

.vector_31      0x9fc015e0        0x8
 *(.vector_31)
 .vector_31     0x9fc015e0        0x8 c:/program files (x86)/microchip/xc32/v1.40/bin/bin/../../lib/gcc/pic32mx/4.8.3/../../../../pic32mx/lib\libpic32.a(vector31.o)
                0x9fc015e0                __vector_dispatch_31
                0x00000001                ASSERT (((_vector_spacing == 0x0) || (SIZEOF (.vector_31) <= (_vector_spacing << 0x5))), function at exception vector 31 too large)

.vector_32      0x9fc01600        0x8
 *(.vector_32)
 .vector_32     0x9fc01600        0x8 c:/program files (x86)/microchip/xc32/v1.40/bin/bin/../../lib/gcc/pic32mx/4.8.3/../../../../pic32mx/lib\libpic32.a(vector32.o)
                0x9fc01600                __vector_dispatch_32
                0x00000001                ASSERT (((_vector_spacing == 0x0) || (SIZEOF (.vector_32) <= (_vector_spacing << 0x5))), function at exception vector 32 too large)

.vector_33      0x9fc01620        0x8
 *(.vector_33)
 .vector_33     0x9fc01620        0x8 c:/program files (x86)/microchip/xc32/v1.40/bin/bin/../../lib/gcc/pic32mx/4.8.3/../../../../pic32mx/lib\libpic32.a(vector33.o)
                0x9fc01620                __vector_dispatch_33
                0x00000001                ASSERT (((_vector_spacing == 0x0) || (SIZEOF (.vector_33) <= (_vector_spacing << 0x5))), function at exception vector 33 too large)

.vector_34      0x9fc01640        0x8
 *(.vector_34)
 .vector_34     0x9fc01640        0x8 c:/program files (x86)/microchip/xc32/v1.40/bin/bin/../../lib/gcc/pic32mx/4.8.3/../../../../pic32mx/lib\libpic32.a(vector34.o)
                0x9fc01640                __vector_dispatch_34
                0x00000001                ASSERT (((_vector_spacing == 0x0) || (SIZEOF (.vector_34) <= (_vector_spacing << 0x5))), function at exception vector 34 too large)

.vector_35      0x9fc01660        0x8
 *(.vector_35)
 .vector_35     0x9fc01660        0x8 c:/program files (x86)/microchip/xc32/v1.40/bin/bin/../../lib/gcc/pic32mx/4.8.3/../../../../pic32mx/lib\libpic32.a(vector35.o)
                0x9fc01660                __vector_dispatch_35
                0x00000001                ASSERT (((_vector_spacing == 0x0) || (SIZEOF (.vector_35) <= (_vector_spacing << 0x5))), function at exception vector 35 too large)

.vector_36      0x9fc01680        0x8
 *(.vector_36)
 .vector_36     0x9fc01680        0x8 c:/program files (x86)/microchip/xc32/v1.40/bin/bin/../../lib/gcc/pic32mx/4.8.3/../../../../pic32mx/lib\libpic32.a(vector36.o)
                0x9fc01680                __vector_dispatch_36
                0x00000001                ASSERT (((_vector_spacing == 0x0) || (SIZEOF (.vector_36) <= (_vector_spacing << 0x5))), function at exception vector 36 too large)

.vector_37      0x9fc016a0        0x8
 *(.vector_37)
 .vector_37     0x9fc016a0        0x8 c:/program files (x86)/microchip/xc32/v1.40/bin/bin/../../lib/gcc/pic32mx/4.8.3/../../../../pic32mx/lib\libpic32.a(vector37.o)
                0x9fc016a0                __vector_dispatch_37
                0x00000001                ASSERT (((_vector_spacing == 0x0) || (SIZEOF (.vector_37) <= (_vector_spacing << 0x5))), function at exception vector 37 too large)

.vector_38      0x9fc016c0        0x8
 *(.vector_38)
 .vector_38     0x9fc016c0        0x8 c:/program files (x86)/microchip/xc32/v1.40/bin/bin/../../lib/gcc/pic32mx/4.8.3/../../../../pic32mx/lib\libpic32.a(vector38.o)
                0x9fc016c0                __vector_dispatch_38
                0x00000001                ASSERT (((_vector_spacing == 0x0) || (SIZEOF (.vector_38) <= (_vector_spacing << 0x5))), function at exception vector 38 too large)

.vector_39      0x9fc016e0        0x8
 *(.vector_39)
 .vector_39     0x9fc016e0        0x8 c:/program files (x86)/microchip/xc32/v1.40/bin/bin/../../lib/gcc/pic32mx/4.8.3/../../../../pic32mx/lib\libpic32.a(vector39.o)
                0x9fc016e0                __vector_dispatch_39
                0x00000001                ASSERT (((_vector_spacing == 0x0) || (SIZEOF (.vector_39) <= (_vector_spacing << 0x5))), function at exception vector 39 too large)

.vector_40      0x9fc01700        0x8
 *(.vector_40)
 .vector_40     0x9fc01700        0x8 c:/program files (x86)/microchip/xc32/v1.40/bin/bin/../../lib/gcc/pic32mx/4.8.3/../../../../pic32mx/lib\libpic32.a(vector40.o)
                0x9fc01700                __vector_dispatch_40
                0x00000001                ASSERT (((_vector_spacing == 0x0) || (SIZEOF (.vector_40) <= (_vector_spacing << 0x5))), function at exception vector 40 too large)

.vector_41      0x9fc01720        0x8
 *(.vector_41)
 .vector_41     0x9fc01720        0x8 c:/program files (x86)/microchip/xc32/v1.40/bin/bin/../../lib/gcc/pic32mx/4.8.3/../../../../pic32mx/lib\libpic32.a(vector41.o)
                0x9fc01720                __vector_dispatch_41
                0x00000001                ASSERT (((_vector_spacing == 0x0) || (SIZEOF (.vector_41) <= (_vector_spacing << 0x5))), function at exception vector 41 too large)

.vector_42      0x9fc01740        0x8
 *(.vector_42)
 .vector_42     0x9fc01740        0x8 c:/program files (x86)/microchip/xc32/v1.40/bin/bin/../../lib/gcc/pic32mx/4.8.3/../../../../pic32mx/lib\libpic32.a(vector42.o)
                0x9fc01740                __vector_dispatch_42
                0x00000001                ASSERT (((_vector_spacing == 0x0) || (SIZEOF (.vector_42) <= (_vector_spacing << 0x5))), function at exception vector 42 too large)

.vector_43      0x9fc01760        0x8
 *(.vector_43)
 .vector_43     0x9fc01760        0x8 c:/program files (x86)/microchip/xc32/v1.40/bin/bin/../../lib/gcc/pic32mx/4.8.3/../../../../pic32mx/lib\libpic32.a(vector43.o)
                0x9fc01760                __vector_dispatch_43
                0x00000001                ASSERT (((_vector_spacing == 0x0) || (SIZEOF (.vector_43) <= (_vector_spacing << 0x5))), function at exception vector 43 too large)

.vector_44      0x9fc01780        0x8
 *(.vector_44)
 .vector_44     0x9fc01780        0x8 c:/program files (x86)/microchip/xc32/v1.40/bin/bin/../../lib/gcc/pic32mx/4.8.3/../../../../pic32mx/lib\libpic32.a(vector44.o)
                0x9fc01780                __vector_dispatch_44
                0x00000001                ASSERT (((_vector_spacing == 0x0) || (SIZEOF (.vector_44) <= (_vector_spacing << 0x5))), function at exception vector 44 too large)

.vector_45      0x9fc017a0        0x8
 *(.vector_45)
 .vector_45     0x9fc017a0        0x8 c:/program files (x86)/microchip/xc32/v1.40/bin/bin/../../lib/gcc/pic32mx/4.8.3/../../../../pic32mx/lib\libpic32.a(vector45.o)
                0x9fc017a0                __vector_dispatch_45
                0x00000001                ASSERT (((_vector_spacing == 0x0) || (SIZEOF (.vector_45) <= (_vector_spacing << 0x5))), function at exception vector 45 too large)

.vector_46      0x9fc017c0        0x8
 *(.vector_46)
 .vector_46     0x9fc017c0        0x8 c:/program files (x86)/microchip/xc32/v1.40/bin/bin/../../lib/gcc/pic32mx/4.8.3/../../../../pic32mx/lib\libpic32.a(vector46.o)
                0x9fc017c0                __vector_dispatch_46
                0x00000001                ASSERT (((_vector_spacing == 0x0) || (SIZEOF (.vector_46) <= (_vector_spacing << 0x5))), function at exception vector 46 too large)

.vector_47      0x9fc017e0        0x8
 *(.vector_47)
 .vector_47     0x9fc017e0        0x8 c:/program files (x86)/microchip/xc32/v1.40/bin/bin/../../lib/gcc/pic32mx/4.8.3/../../../../pic32mx/lib\libpic32.a(vector47.o)
                0x9fc017e0                __vector_dispatch_47
                0x00000001                ASSERT (((_vector_spacing == 0x0) || (SIZEOF (.vector_47) <= (_vector_spacing << 0x5))), function at exception vector 47 too large)

.vector_48      0x9fc01800        0x8
 *(.vector_48)
 .vector_48     0x9fc01800        0x8 c:/program files (x86)/microchip/xc32/v1.40/bin/bin/../../lib/gcc/pic32mx/4.8.3/../../../../pic32mx/lib\libpic32.a(vector48.o)
                0x9fc01800                __vector_dispatch_48
                0x00000001                ASSERT (((_vector_spacing == 0x0) || (SIZEOF (.vector_48) <= (_vector_spacing << 0x5))), function at exception vector 48 too large)

.vector_49      0x9fc01820        0x8
 *(.vector_49)
 .vector_49     0x9fc01820        0x8 c:/program files (x86)/microchip/xc32/v1.40/bin/bin/../../lib/gcc/pic32mx/4.8.3/../../../../pic32mx/lib\libpic32.a(vector49.o)
                0x9fc01820                __vector_dispatch_49
                0x00000001                ASSERT (((_vector_spacing == 0x0) || (SIZEOF (.vector_49) <= (_vector_spacing << 0x5))), function at exception vector 49 too large)

.vector_50      0x9fc01840        0x8
 *(.vector_50)
 .vector_50     0x9fc01840        0x8 c:/program files (x86)/microchip/xc32/v1.40/bin/bin/../../lib/gcc/pic32mx/4.8.3/../../../../pic32mx/lib\libpic32.a(vector50.o)
                0x9fc01840                __vector_dispatch_50
                0x00000001                ASSERT (((_vector_spacing == 0x0) || (SIZEOF (.vector_50) <= (_vector_spacing << 0x5))), function at exception vector 50 too large)

.vector_51      0x9fc01860        0x8
 *(.vector_51)
 .vector_51     0x9fc01860        0x8 c:/program files (x86)/microchip/xc32/v1.40/bin/bin/../../lib/gcc/pic32mx/4.8.3/../../../../pic32mx/lib\libpic32.a(vector51.o)
                0x9fc01860                __vector_dispatch_51
                0x00000001                ASSERT (((_vector_spacing == 0x0) || (SIZEOF (.vector_51) <= (_vector_spacing << 0x5))), function at exception vector 51 too large)

.vector_52      0x9fc01880        0x0
 *(.vector_52)
                0x00000001                ASSERT (((_vector_spacing == 0x0) || (SIZEOF (.vector_52) <= (_vector_spacing << 0x5))), function at exception vector 52 too large)

.vector_53      0x9fc018a0        0x0
 *(.vector_53)
                0x00000001                ASSERT (((_vector_spacing == 0x0) || (SIZEOF (.vector_53) <= (_vector_spacing << 0x5))), function at exception vector 53 too large)

.vector_54      0x9fc018c0        0x0
 *(.vector_54)
                0x00000001                ASSERT (((_vector_spacing == 0x0) || (SIZEOF (.vector_54) <= (_vector_spacing << 0x5))), function at exception vector 54 too large)

.vector_55      0x9fc018e0        0x0
 *(.vector_55)
                0x00000001                ASSERT (((_vector_spacing == 0x0) || (SIZEOF (.vector_55) <= (_vector_spacing << 0x5))), function at exception vector 55 too large)

.vector_56      0x9fc01900        0x0
 *(.vector_56)
                0x00000001                ASSERT (((_vector_spacing == 0x0) || (SIZEOF (.vector_56) <= (_vector_spacing << 0x5))), function at exception vector 56 too large)

.vector_57      0x9fc01920        0x0
 *(.vector_57)
                0x00000001                ASSERT (((_vector_spacing == 0x0) || (SIZEOF (.vector_57) <= (_vector_spacing << 0x5))), function at exception vector 57 too large)

.vector_58      0x9fc01940        0x0
 *(.vector_58)
                0x00000001                ASSERT (((_vector_spacing == 0x0) || (SIZEOF (.vector_58) <= (_vector_spacing << 0x5))), function at exception vector 58 too large)

.vector_59      0x9fc01960        0x0
 *(.vector_59)
                0x00000001                ASSERT (((_vector_spacing == 0x0) || (SIZEOF (.vector_59) <= (_vector_spacing << 0x5))), function at exception vector 59 too large)

.vector_60      0x9fc01980        0x0
 *(.vector_60)
                0x00000001                ASSERT (((_vector_spacing == 0x0) || (SIZEOF (.vector_60) <= (_vector_spacing << 0x5))), function at exception vector 60 too large)

.vector_61      0x9fc019a0        0x0
 *(.vector_61)
                0x00000001                ASSERT (((_vector_spacing == 0x0) || (SIZEOF (.vector_61) <= (_vector_spacing << 0x5))), function at exception vector 61 too large)

.vector_62      0x9fc019c0        0x0
 *(.vector_62)
                0x00000001                ASSERT (((_vector_spacing == 0x0) || (SIZEOF (.vector_62) <= (_vector_spacing << 0x5))), function at exception vector 62 too large)

.vector_63      0x9fc019e0        0x0
 *(.vector_63)
                0x00000001                ASSERT (((_vector_spacing == 0x0) || (SIZEOF (.vector_63) <= (_vector_spacing << 0x5))), function at exception vector 63 too large)

.startup
 *(.startup)

.text           0x9d000000        0x0
 *(.stub .gnu.linkonce.t.*)
 *(.text.*personality*)
 *(.mips16.fn.*)
 *(.mips16.call.*)
 *(.gnu.warning)
                0x9d000000                . = ALIGN (0x4)

.init           0x9d000000        0x0
 *crti.o(.init)
 *crtbegin.o(.init)
 *(EXCLUDE_FILE(*crtn.o *crtend?.o *crtend.o) .init)
 *crtend.o(.init)
 *crtn.o(.init)
                0x9d000000                . = ALIGN (0x4)

.fini           0x9d000000        0x0
 *(.fini)
                0x9d000000                . = ALIGN (0x4)

.preinit_array  0x9d000000        0x0
                0x9d000000                PROVIDE (__preinit_array_start, .)
 *(.preinit_array)
                0x9d000000                PROVIDE (__preinit_array_end, .)
                0x9d000000                . = ALIGN (0x4)

.init_array     0x9d000000        0x0
                0x9d000000                PROVIDE (__init_array_start, .)
 *(SORT(.init_array.*))
 *(.init_array)
                0x9d000000                PROVIDE (__init_array_end, .)
                0x9d000000                . = ALIGN (0x4)

.fini_array     0x9d000000        0x0
                0x9d000000                PROVIDE (__fini_array_start, .)
 *(SORT(.fini_array.*))
 *(.fini_array)
                0x9d000000                PROVIDE (__fini_array_end, .)
                0x9d000000                . = ALIGN (0x4)

.ctors          0x9d000000        0x0
 *crtbegin.o(.ctors)
 *crtbegin?.o(.ctors)
 *(EXCLUDE_FILE(*crtend?.o *crtend.o) .ctors)
 *(SORT(.ctors.*))
 *(.ctors)
                0x9d000000                . = ALIGN (0x4)

.dtors          0x9d000000        0x0
 *crtbegin.o(.dtors)
 *crtbegin?.o(.dtors)
 *(EXCLUDE_FILE(*crtend?.o *crtend.o) .dtors)
 *(SORT(.dtors.*))
 *(.dtors)
                0x9d000000                . = ALIGN (0x4)

.rodata         0x9d000000        0x0
 *(.gnu.linkonce.r.*)
 *(.rodata1)
                0x9d000000                . = ALIGN (0x4)

.sdata2         0x9fc00490        0x0
 *(.sdata2 .sdata2.* .gnu.linkonce.s2.*)
                0x9fc00490                . = ALIGN (0x4)

.sbss2          0x9fc00490        0x0
 *(.sbss2 .sbss2.* .gnu.linkonce.sb2.*)
                0x9fc00490                . = ALIGN (0x4)

.eh_frame_hdr
 *(.eh_frame_hdr)
                0x9fc00490                . = ALIGN (0x4)

.eh_frame
 *(.eh_frame)
                0x9fc00490                . = ALIGN (0x4)

.gcc_except_table
 *(.gcc_except_table .gcc_except_table.*)
                0x9fc00490                . = ALIGN (0x4)

.dbg_data       0xa0000000        0x0
                0xa0000000                . = (. + DEFINED (_DEBUGGER)?0x200:0x0)

.jcr            0xa0000000        0x0
 *(.jcr)
                0xa0000000                . = ALIGN (0x4)

.eh_frame
 *(.eh_frame)
                0xa0000000                . = ALIGN (0x4)

.gcc_except_table
 *(.gcc_except_table .gcc_except_table.*)
                0xa0000000                . = ALIGN (0x4)

.persist        0xa0000000        0x0
                0xa0000000                _persist_begin = .
 *(.persist .persist.*)
 *(.pbss .pbss.*)
                0xa0000000                . = ALIGN (0x4)
                0xa0000000                _persist_end = .

.data           0xa0000000        0x0
 *(.gnu.linkonce.d.*)
 *(.data1)
                0xa0000000                . = ALIGN (0x4)
                0xa0000000                . = .
                0xa0007ff0                _gp = (ALIGN (0x10) + 0x7ff0)

.got            0xa0000000        0x0
 *(.got.plt)
 *(.got)
                0xa0000000                . = ALIGN (0x4)

.sdata          0xa0000000       0x14
                0xa0000000                _sdata_begin = .
 *(.sdata .sdata.* .gnu.linkonce.s.*)
 .sdata         0xa0000000        0x8 build/default/production/_ext/1360937237/Coms.o
                0xa0000000                stringPointer
                0xa0000004                tempPointer
 .sdata         0xa0000008        0x4 build/default/production/_ext/415989026/port.o
                0xa0000008                uxInterruptNesting
 .sdata         0xa000000c        0x4 build/default/production/_ext/1834516116/tasks.o
 .sdata         0xa0000010        0x4 c:/program files (x86)/microchip/xc32/v1.40/bin/bin/../../lib/gcc/pic32mx/4.8.3/../../../../pic32mx/lib\libpic32.a(xc32_uart.o)
                0xa0000010                __XC_UART
                0xa0000014                . = ALIGN (0x4)
                0xa0000014                _sdata_end = .

.lit8
 *(.lit8)

.lit4
 *(.lit4)
                0xa0000014                . = ALIGN (0x4)
                0xa0000014                _data_end = .
                0xa0000014                _bss_begin = .

.sbss           0xa0000014       0xc0
                0xa0000014                _sbss_begin = .
 *(.dynsbss)
 *(.sbss .sbss.* .gnu.linkonce.sb.*)
 .sbss          0xa0000014        0x4 build/default/production/_ext/1688732426/system_interrupt.o
                0xa0000014                sensorCounter
 .sbss          0xa0000018        0xc build/default/production/_ext/1688732426/system_exceptions.o
 .sbss          0xa0000024        0x4 build/default/production/_ext/1360937237/app.o
                0xa0000024                xTimerHandle
 .sbss          0xa0000028       0x38 build/default/production/_ext/1360937237/Sensors.o
                0xa0000028                FrontRightSensor
                0xa000002c                FrontRightSensorCM
                0xa0000030                FrontLeftSensor
                0xa0000034                FrontLeftSensorCM
                0xa0000038                BackRightSensor
                0xa000003c                BackRightSensorCM
                0xa0000040                BackLeftSensor
                0xa0000044                BackLeftSensorCM
                0xa0000048                ForwardLeftSensor
                0xa000004c                ForwardLeftSensorCM
                0xa0000050                ForwardCenterSensor
                0xa0000054                ForwardCenterSensorCM
                0xa0000058                ForwardRightSensor
                0xa000005c                ForwardRightSensorCM
 .sbss          0xa0000060        0x2 build/default/production/_ext/589191024/drv_usart_buffer_queue.o
 *fill*         0xa0000062        0x2 
 .sbss          0xa0000064        0x8 build/default/production/_ext/471252175/heap_1.o
 .sbss          0xa000006c        0x4 build/default/production/_ext/415989026/port.o
                0xa000006c                uxSavedTaskStackPointer
 .sbss          0xa0000070       0x34 build/default/production/_ext/1834516116/tasks.o
                0xa0000070                pxCurrentTCB
 .sbss          0xa00000a4       0x10 build/default/production/_ext/1834516116/timers.o
 *(.scommon)
 .scommon       0xa00000b4        0x4 build/default/production/_ext/1360937237/FindAndFollow.o
                0xa00000b4                leadermodeflag
 .scommon       0xa00000b8       0x10 build/default/production/_ext/1360937237/Sensors.o
                0xa00000b8                RS
                0xa00000bc                LS
                0xa00000c0                FS
                0xa00000c4                BS
 .scommon       0xa00000c8        0x4 build/default/production/_ext/1360937237/Motors.o
                0xa00000c8                NUM_ENCODER_TICKS
 .scommon       0xa00000cc        0x8 build/default/production/_ext/59525387/sys_devcon.o
                0xa00000cc                sysDevconObj
                0xa00000d4                _sbss_end = .
                0xa00000d4                . = ALIGN (0x4)

.bss            0xa00000d4      0x6c0
 *(.dynbss)
 *(COMMON)
 COMMON         0xa00000d4        0xc build/default/production/_ext/1688732426/system_init.o
                0xa00000d4                sysObj
 COMMON         0xa00000e0      0x60c build/default/production/_ext/1360937237/Coms.o
                0xa00000e0                motorsData
                0xa0000640                comsData
                0xa000066c                sensorsData
                0xa00006bc                findandfollowData
 COMMON         0xa00006ec       0xa8 build/default/production/_ext/589191024/drv_usart.o
                0xa00006ec                gDrvUSARTCommonDataObj
                0xa00006f8                gDrvUSARTClientObj
                0xa0000740                gDrvUSARTObj
                0xa0000794                . = ALIGN ((. != 0x0)?0x4:0x1)
                0xa0000794                . = ALIGN (0x4)
                0xa0000794                _end = .
                0xa0000794                _bss_end = .
                0x00020000                _bmxdudba_address = 0x20000
                0x00020000                _bmxdupba_address = 0x20000

/DISCARD/
 *(.pdr)
 *(.rel.dyn)
 *(.note.GNU-stack)
 *(.note.GNU-stack)
 *(.gnu_debuglink)
 *(.gnu.lto_*)
 *(.discard)

.gptab.sdata
 *(.gptab.data)
 *(.gptab.sdata)

.gptab.sbss
 *(.gptab.bss)
 *(.gptab.sbss)

.mdebug.abi32   0xa0000794        0x0
 *(.mdebug.abi32)
 .mdebug.abi32  0xa0000794        0x0 build/default/production/_ext/1361460060/drv_adc_static.o
 .mdebug.abi32  0xa0000794        0x0 build/default/production/_ext/1047219354/drv_oc_static.o
 .mdebug.abi32  0xa0000794        0x0 build/default/production/_ext/1407244131/drv_tmr_static.o
 .mdebug.abi32  0xa0000794        0x0 build/default/production/_ext/639803181/sys_clk_static.o
 .mdebug.abi32  0xa0000794        0x0 build/default/production/_ext/822048611/sys_ports_static.o
 .mdebug.abi32  0xa0000794        0x0 build/default/production/_ext/1688732426/system_init.o
 .mdebug.abi32  0xa0000794        0x0 build/default/production/_ext/1688732426/system_interrupt.o
 .mdebug.abi32  0xa0000794        0x0 build/default/production/_ext/1688732426/system_exceptions.o
 .mdebug.abi32  0xa0000794        0x0 build/default/production/_ext/1688732426/system_tasks.o
 .mdebug.abi32  0xa0000794        0x0 build/default/production/_ext/1688732426/rtos_hooks.o
 .mdebug.abi32  0xa0000794        0x0 build/default/production/_ext/1360937237/app.o
 .mdebug.abi32  0xa0000794        0x0 build/default/production/_ext/1360937237/main.o
 .mdebug.abi32  0xa0000794        0x0 build/default/production/_ext/1360937237/Coms.o
 .mdebug.abi32  0xa0000794        0x0 build/default/production/_ext/1360937237/FindAndFollow.o
 .mdebug.abi32  0xa0000794        0x0 build/default/production/_ext/1360937237/Sensors.o
 .mdebug.abi32  0xa0000794        0x0 build/default/production/_ext/1360937237/Motors.o
 .mdebug.abi32  0xa0000794        0x0 build/default/production/_ext/1360937237/PacketManip.o
 .mdebug.abi32  0xa0000794        0x0 build/default/production/_ext/589191024/drv_usart.o
 .mdebug.abi32  0xa0000794        0x0 build/default/production/_ext/589191024/drv_usart_buffer_queue.o
 .mdebug.abi32  0xa0000794        0x0 build/default/production/_ext/589191024/drv_usart_read_write.o
 .mdebug.abi32  0xa0000794        0x0 build/default/production/_ext/1645233519/osal_freertos.o
 .mdebug.abi32  0xa0000794        0x0 build/default/production/_ext/59525387/sys_devcon.o
 .mdebug.abi32  0xa0000794        0x0 build/default/production/_ext/59525387/sys_devcon_pic32mx.o
 .mdebug.abi32  0xa0000794        0x0 build/default/production/_ext/1713828911/sys_int_pic32.o
 .mdebug.abi32  0xa0000794        0x0 build/default/production/_ext/156848948/sys_ports.o
 .mdebug.abi32  0xa0000794        0x0 build/default/production/_ext/1047663089/sys_reset.o
 .mdebug.abi32  0xa0000794        0x0 build/default/production/_ext/471252175/heap_1.o
 .mdebug.abi32  0xa0000794        0x0 build/default/production/_ext/415989026/port.o
 .mdebug.abi32  0xa0000794        0x0 build/default/production/_ext/1834516116/croutine.o
 .mdebug.abi32  0xa0000794        0x0 build/default/production/_ext/1834516116/list.o
 .mdebug.abi32  0xa0000794        0x0 build/default/production/_ext/1834516116/queue.o
 .mdebug.abi32  0xa0000794        0x0 build/default/production/_ext/1834516116/tasks.o
 .mdebug.abi32  0xa0000794        0x0 build/default/production/_ext/1834516116/timers.o
 .mdebug.abi32  0xa0000794        0x0 build/default/production/_ext/1834516116/event_groups.o
 .mdebug.abi32  0xa0000794        0x0 c:/program files (x86)/microchip/xc32/v1.40/bin/bin/../../lib/gcc/pic32mx/4.8.3/../../../../pic32mx/lib\libpic32.a(default-bootstrap-exception-handler.o)
 .mdebug.abi32  0xa0000794        0x0 c:/program files (x86)/microchip/xc32/v1.40/bin/bin/../../lib/gcc/pic32mx/4.8.3/../../../../pic32mx/lib\libpic32.a(default-on-reset.o)
 .mdebug.abi32  0xa0000794        0x0 c:/program files (x86)/microchip/xc32/v1.40/bin/bin/../../lib/gcc/pic32mx/4.8.3/../../../../pic32mx/lib\libpic32.a(default-on-bootstrap.o)
 .mdebug.abi32  0xa0000794        0x0 c:/program files (x86)/microchip/xc32/v1.40/bin/bin/../../lib/gcc/pic32mx/4.8.3/../../../../pic32mx/lib\libpic32.a(defaultinterrupt.o)
 .mdebug.abi32  0xa0000794        0x0 c:/program files (x86)/microchip/xc32/v1.40/bin/bin/../../lib/gcc/pic32mx/4.8.3/../../../../pic32mx/lib\libc.a(atoi.o)
 .mdebug.abi32  0xa0000794        0x0 c:/program files (x86)/microchip/xc32/v1.40/bin/bin/../../lib/gcc/pic32mx/4.8.3/../../../../pic32mx/lib\libc.a(ctype.o)
 .mdebug.abi32  0xa0000794        0x0 c:/program files (x86)/microchip/xc32/v1.40/bin/bin/../../lib/gcc/pic32mx/4.8.3/../../../../pic32mx/lib\libc.a(snprintf_cdnopuxX.eo)
 .mdebug.abi32  0xa0000794        0x0 c:/program files (x86)/microchip/xc32/v1.40/bin/bin/../../lib/gcc/pic32mx/4.8.3/../../../../pic32mx/lib\libc.a(vsnprintf_cdnopuxX.eo)
 .mdebug.abi32  0xa0000794        0x0 c:/program files (x86)/microchip/xc32/v1.40/bin/bin/../../lib/gcc/pic32mx/4.8.3/../../../../pic32mx/lib\libc.a(doprnt_cdnopuxX.eo)
 .mdebug.abi32  0xa0000794        0x0 c:/program files (x86)/microchip/xc32/v1.40/bin/bin/../../lib/gcc/pic32mx/4.8.3/../../../../pic32mx/lib\libc.a(_fputc_simple.o)
 .mdebug.abi32  0xa0000794        0x0 c:/program files (x86)/microchip/xc32/v1.40/bin/bin/../../lib/gcc/pic32mx/4.8.3/../../../../pic32mx/lib\libc.a(_iob.o)
 .mdebug.abi32  0xa0000794        0x0 c:/program files (x86)/microchip/xc32/v1.40/bin/bin/../../lib/gcc/pic32mx/4.8.3/../../../../pic32mx/lib\libc.a(_flsbuf_simple.o)
 .mdebug.abi32  0xa0000794        0x0 c:/program files (x86)/microchip/xc32/v1.40/bin/bin/../../lib/gcc/pic32mx/4.8.3/../../../../pic32mx/lib\libpic32.a(write.o)
 .mdebug.abi32  0xa0000794        0x0 c:/program files (x86)/microchip/xc32/v1.40/bin/bin/../../lib/gcc/pic32mx/4.8.3/../../../../pic32mx/lib\libpic32.a(_mon_putc.o)
 .mdebug.abi32  0xa0000794        0x0 c:/program files (x86)/microchip/xc32/v1.40/bin/bin/../../lib/gcc/pic32mx/4.8.3/../../../../pic32mx/lib\libpic32.a(xc32_uart.o)
 .mdebug.abi32  0xa0000794        0x0 c:/program files (x86)/microchip/xc32/v1.40/bin/bin/../../lib/gcc/pic32mx/4.8.3\libgcc.a(_udivdi3.o)
 .mdebug.abi32  0xa0000794        0x0 c:/program files (x86)/microchip/xc32/v1.40/bin/bin/../../lib/gcc/pic32mx/4.8.3\libgcc.a(_umoddi3.o)

.mdebug.abiN32
 *(.mdebug.abiN32)

.mdebug.abi64
 *(.mdebug.abi64)

.mdebug.abiO64
 *(.mdebug.abiO64)

.mdebug.eabi32
 *(.mdebug.eabi32)

.mdebug.eabi64
 *(.mdebug.eabi64)

.gcc_compiled_long32
 *(.gcc_compiled_long32)

.gcc_compiled_long64
 *(.gcc_compiled_long64)

.stab
 *(.stab)

.stabstr
 *(.stabstr)

.stab.excl
 *(.stab.excl)

.stab.exclstr
 *(.stab.exclstr)

.stab.index
 *(.stab.index)

.stab.indexstr
 *(.stab.indexstr)

.comment        0x00000000       0xba
 *(.comment)
 .comment       0x00000000       0x3c build/default/production/_ext/1361460060/drv_adc_static.o
                                 0x3d (size before relaxing)
 .comment       0x00000000       0x3d build/default/production/_ext/1047219354/drv_oc_static.o
 .comment       0x00000000       0x3d build/default/production/_ext/1407244131/drv_tmr_static.o
 .comment       0x00000000       0x3d build/default/production/_ext/639803181/sys_clk_static.o
 .comment       0x00000000       0x3d build/default/production/_ext/822048611/sys_ports_static.o
 .comment       0x00000000       0x3d build/default/production/_ext/1688732426/system_init.o
 .comment       0x00000000       0x3d build/default/production/_ext/1688732426/system_interrupt.o
 .comment       0x00000000       0x3d build/default/production/_ext/1688732426/system_exceptions.o
 .comment       0x00000000       0x3d build/default/production/_ext/1688732426/system_tasks.o
 .comment       0x00000000       0x3d build/default/production/_ext/1688732426/rtos_hooks.o
 .comment       0x00000000       0x3d build/default/production/_ext/1360937237/app.o
 .comment       0x00000000       0x3d build/default/production/_ext/1360937237/main.o
 .comment       0x00000000       0x3d build/default/production/_ext/1360937237/Coms.o
 .comment       0x00000000       0x3d build/default/production/_ext/1360937237/FindAndFollow.o
 .comment       0x00000000       0x3d build/default/production/_ext/1360937237/Sensors.o
 .comment       0x00000000       0x3d build/default/production/_ext/1360937237/Motors.o
 .comment       0x00000000       0x3d build/default/production/_ext/1360937237/PacketManip.o
 .comment       0x00000000       0x3d build/default/production/_ext/589191024/drv_usart.o
 .comment       0x00000000       0x3d build/default/production/_ext/589191024/drv_usart_buffer_queue.o
 .comment       0x00000000       0x3d build/default/production/_ext/589191024/drv_usart_read_write.o
 .comment       0x00000000       0x3d build/default/production/_ext/1645233519/osal_freertos.o
 .comment       0x00000000       0x3d build/default/production/_ext/59525387/sys_devcon.o
 .comment       0x00000000       0x3d build/default/production/_ext/59525387/sys_devcon_pic32mx.o
 .comment       0x00000000       0x3d build/default/production/_ext/1713828911/sys_int_pic32.o
 .comment       0x00000000       0x3d build/default/production/_ext/156848948/sys_ports.o
 .comment       0x00000000       0x3d build/default/production/_ext/1047663089/sys_reset.o
 .comment       0x00000000       0x3d build/default/production/_ext/471252175/heap_1.o
 .comment       0x00000000       0x3d build/default/production/_ext/415989026/port.o
 .comment       0x00000000       0x3d build/default/production/_ext/1834516116/croutine.o
 .comment       0x00000000       0x3d build/default/production/_ext/1834516116/list.o
 .comment       0x00000000       0x3d build/default/production/_ext/1834516116/queue.o
 .comment       0x00000000       0x3d build/default/production/_ext/1834516116/tasks.o
 .comment       0x00000000       0x3d build/default/production/_ext/1834516116/timers.o
 .comment       0x00000000       0x3d build/default/production/_ext/1834516116/event_groups.o
 .comment       0x0000003c       0x18 c:/program files (x86)/microchip/xc32/v1.40/bin/bin/../../lib/gcc/pic32mx/4.8.3/../../../../pic32mx/lib\libpic32.a(memset.o)
                                 0x19 (size before relaxing)
 .comment       0x00000000       0x3d c:/program files (x86)/microchip/xc32/v1.40/bin/bin/../../lib/gcc/pic32mx/4.8.3/../../../../pic32mx/lib\libpic32.a(default-bootstrap-exception-handler.o)
 .comment       0x00000000       0x3d c:/program files (x86)/microchip/xc32/v1.40/bin/bin/../../lib/gcc/pic32mx/4.8.3/../../../../pic32mx/lib\libpic32.a(default-on-reset.o)
 .comment       0x00000000       0x3d c:/program files (x86)/microchip/xc32/v1.40/bin/bin/../../lib/gcc/pic32mx/4.8.3/../../../../pic32mx/lib\libpic32.a(default-on-bootstrap.o)
 .comment       0x00000054       0x18 c:/program files (x86)/microchip/xc32/v1.40/bin/bin/../../lib/gcc/pic32mx/4.8.3/../../../../pic32mx/lib\libpic32.a(memcmp.o)
                                 0x19 (size before relaxing)
 .comment       0x00000000       0x3d c:/program files (x86)/microchip/xc32/v1.40/bin/bin/../../lib/gcc/pic32mx/4.8.3/../../../../pic32mx/lib\libpic32.a(defaultinterrupt.o)
 .comment       0x00000000       0x3d c:/program files (x86)/microchip/xc32/v1.40/bin/bin/../../lib/gcc/pic32mx/4.8.3/../../../../pic32mx/lib\libc.a(atoi.o)
 .comment       0x0000006c       0x4e c:/program files (x86)/microchip/xc32/v1.40/bin/bin/../../lib/gcc/pic32mx/4.8.3/../../../../pic32mx/lib\libc.a(ctype.o)
                                 0x8b (size before relaxing)
 .comment       0x00000000       0x3d c:/program files (x86)/microchip/xc32/v1.40/bin/bin/../../lib/gcc/pic32mx/4.8.3/../../../../pic32mx/lib\libc.a(snprintf_cdnopuxX.eo)
 .comment       0x00000000       0x3d c:/program files (x86)/microchip/xc32/v1.40/bin/bin/../../lib/gcc/pic32mx/4.8.3/../../../../pic32mx/lib\libc.a(vsnprintf_cdnopuxX.eo)
 .comment       0x00000000       0x3d c:/program files (x86)/microchip/xc32/v1.40/bin/bin/../../lib/gcc/pic32mx/4.8.3/../../../../pic32mx/lib\libc.a(doprnt_cdnopuxX.eo)
 .comment       0x00000000       0x3d c:/program files (x86)/microchip/xc32/v1.40/bin/bin/../../lib/gcc/pic32mx/4.8.3/../../../../pic32mx/lib\libc.a(_fputc_simple.o)
 .comment       0x00000000       0x3d c:/program files (x86)/microchip/xc32/v1.40/bin/bin/../../lib/gcc/pic32mx/4.8.3/../../../../pic32mx/lib\libc.a(_iob.o)
 .comment       0x00000000       0x3d c:/program files (x86)/microchip/xc32/v1.40/bin/bin/../../lib/gcc/pic32mx/4.8.3/../../../../pic32mx/lib\libc.a(_flsbuf_simple.o)
 .comment       0x00000000       0x3d c:/program files (x86)/microchip/xc32/v1.40/bin/bin/../../lib/gcc/pic32mx/4.8.3/../../../../pic32mx/lib\libpic32.a(write.o)
 .comment       0x00000000       0x3d c:/program files (x86)/microchip/xc32/v1.40/bin/bin/../../lib/gcc/pic32mx/4.8.3/../../../../pic32mx/lib\libpic32.a(_mon_putc.o)
 .comment       0x00000000       0x3d c:/program files (x86)/microchip/xc32/v1.40/bin/bin/../../lib/gcc/pic32mx/4.8.3/../../../../pic32mx/lib\libpic32.a(xc32_uart.o)
 .comment       0x00000000       0x3d c:/program files (x86)/microchip/xc32/v1.40/bin/bin/../../lib/gcc/pic32mx/4.8.3\libgcc.a(_udivdi3.o)
 .comment       0x00000000       0x3d c:/program files (x86)/microchip/xc32/v1.40/bin/bin/../../lib/gcc/pic32mx/4.8.3\libgcc.a(_umoddi3.o)

.debug
 *(.debug)

.line
 *(.line)

.debug_srcinfo
 *(.debug_srcinfo)

.debug_sfnames
 *(.debug_sfnames)

.debug_aranges  0x00000000      0xe20
 *(.debug_aranges)
 .debug_aranges
                0x00000000       0x78 build/default/production/_ext/1361460060/drv_adc_static.o
 .debug_aranges
                0x00000078       0x78 build/default/production/_ext/1047219354/drv_oc_static.o
 .debug_aranges
                0x000000f0       0x48 build/default/production/_ext/1407244131/drv_tmr_static.o
 .debug_aranges
                0x00000138       0x38 build/default/production/_ext/639803181/sys_clk_static.o
 .debug_aranges
                0x00000170       0x20 build/default/production/_ext/822048611/sys_ports_static.o
 .debug_aranges
                0x00000190       0x20 build/default/production/_ext/1688732426/system_init.o
 .debug_aranges
                0x000001b0       0x28 build/default/production/_ext/1688732426/system_interrupt.o
 .debug_aranges
                0x000001d8       0x20 build/default/production/_ext/1688732426/system_exceptions.o
 .debug_aranges
                0x000001f8       0x48 build/default/production/_ext/1688732426/system_tasks.o
 .debug_aranges
                0x00000240       0x58 build/default/production/_ext/1688732426/system_interrupt_a.o
 .debug_aranges
                0x00000298       0x28 build/default/production/_ext/1688732426/rtos_hooks.o
 .debug_aranges
                0x000002c0       0x30 build/default/production/_ext/1360937237/app.o
 .debug_aranges
                0x000002f0       0x20 build/default/production/_ext/1360937237/main.o
 .debug_aranges
                0x00000310       0x58 build/default/production/_ext/1360937237/Coms.o
 .debug_aranges
                0x00000368       0x40 build/default/production/_ext/1360937237/FindAndFollow.o
 .debug_aranges
                0x000003a8       0x50 build/default/production/_ext/1360937237/Sensors.o
 .debug_aranges
                0x000003f8       0x70 build/default/production/_ext/1360937237/Motors.o
 .debug_aranges
                0x00000468       0x50 build/default/production/_ext/1360937237/PacketManip.o
 .debug_aranges
                0x000004b8       0xa8 build/default/production/_ext/589191024/drv_usart.o
 .debug_aranges
                0x00000560       0x38 build/default/production/_ext/589191024/drv_usart_buffer_queue.o
 .debug_aranges
                0x00000598       0x28 build/default/production/_ext/589191024/drv_usart_read_write.o
 .debug_aranges
                0x000005c0       0x88 build/default/production/_ext/1645233519/osal_freertos.o
 .debug_aranges
                0x00000648       0x78 build/default/production/_ext/59525387/sys_devcon.o
 .debug_aranges
                0x000006c0       0x20 build/default/production/_ext/59525387/sys_devcon_pic32mx.o
 .debug_aranges
                0x000006e0       0x48 build/default/production/_ext/1713828911/sys_int_pic32.o
 .debug_aranges
                0x00000728       0xf8 build/default/production/_ext/156848948/sys_ports.o
 .debug_aranges
                0x00000820       0x38 build/default/production/_ext/1047663089/sys_reset.o
 .debug_aranges
                0x00000858       0x38 build/default/production/_ext/471252175/heap_1.o
 .debug_aranges
                0x00000890       0x58 build/default/production/_ext/415989026/port.o
 .debug_aranges
                0x000008e8       0x20 build/default/production/_ext/415989026/port_asm.o
 .debug_aranges
                0x00000908       0x18 build/default/production/_ext/1834516116/croutine.o
 .debug_aranges
                0x00000920       0x40 build/default/production/_ext/1834516116/list.o
 .debug_aranges
                0x00000960       0xb8 build/default/production/_ext/1834516116/queue.o
 .debug_aranges
                0x00000a18      0x178 build/default/production/_ext/1834516116/tasks.o
 .debug_aranges
                0x00000b90       0x70 build/default/production/_ext/1834516116/timers.o
 .debug_aranges
                0x00000c00       0x60 build/default/production/_ext/1834516116/event_groups.o
 .debug_aranges
                0x00000c60       0x20 c:/program files (x86)/microchip/xc32/v1.40/bin/bin/../../lib/gcc/pic32mx/4.8.3/../../../../pic32mx/lib\libpic32.a(default-bootstrap-exception-handler.o)
 .debug_aranges
                0x00000c80       0x20 c:/program files (x86)/microchip/xc32/v1.40/bin/bin/../../lib/gcc/pic32mx/4.8.3/../../../../pic32mx/lib\libpic32.a(default-on-reset.o)
 .debug_aranges
                0x00000ca0       0x20 c:/program files (x86)/microchip/xc32/v1.40/bin/bin/../../lib/gcc/pic32mx/4.8.3/../../../../pic32mx/lib\libpic32.a(default-on-bootstrap.o)
 .debug_aranges
                0x00000cc0       0x20 c:/program files (x86)/microchip/xc32/v1.40/bin/bin/../../lib/gcc/pic32mx/4.8.3/../../../../pic32mx/lib\libpic32.a(defaultinterrupt.o)
 .debug_aranges
                0x00000ce0       0x20 c:/program files (x86)/microchip/xc32/v1.40/bin/bin/../../lib/gcc/pic32mx/4.8.3/../../../../pic32mx/lib\libc.a(atoi.o)
 .debug_aranges
                0x00000d00       0x20 c:/program files (x86)/microchip/xc32/v1.40/bin/bin/../../lib/gcc/pic32mx/4.8.3/../../../../pic32mx/lib\libc.a(snprintf_cdnopuxX.eo)
 .debug_aranges
                0x00000d20       0x20 c:/program files (x86)/microchip/xc32/v1.40/bin/bin/../../lib/gcc/pic32mx/4.8.3/../../../../pic32mx/lib\libc.a(vsnprintf_cdnopuxX.eo)
 .debug_aranges
                0x00000d40       0x20 c:/program files (x86)/microchip/xc32/v1.40/bin/bin/../../lib/gcc/pic32mx/4.8.3/../../../../pic32mx/lib\libc.a(doprnt_cdnopuxX.eo)
 .debug_aranges
                0x00000d60       0x20 c:/program files (x86)/microchip/xc32/v1.40/bin/bin/../../lib/gcc/pic32mx/4.8.3/../../../../pic32mx/lib\libc.a(_fputc_simple.o)
 .debug_aranges
                0x00000d80       0x20 c:/program files (x86)/microchip/xc32/v1.40/bin/bin/../../lib/gcc/pic32mx/4.8.3/../../../../pic32mx/lib\libc.a(_flsbuf_simple.o)
 .debug_aranges
                0x00000da0       0x20 c:/program files (x86)/microchip/xc32/v1.40/bin/bin/../../lib/gcc/pic32mx/4.8.3/../../../../pic32mx/lib\libpic32.a(write.o)
 .debug_aranges
                0x00000dc0       0x20 c:/program files (x86)/microchip/xc32/v1.40/bin/bin/../../lib/gcc/pic32mx/4.8.3/../../../../pic32mx/lib\libpic32.a(_mon_putc.o)
 .debug_aranges
                0x00000de0       0x20 c:/program files (x86)/microchip/xc32/v1.40/bin/bin/../../lib/gcc/pic32mx/4.8.3\libgcc.a(_udivdi3.o)
 .debug_aranges
                0x00000e00       0x20 c:/program files (x86)/microchip/xc32/v1.40/bin/bin/../../lib/gcc/pic32mx/4.8.3\libgcc.a(_umoddi3.o)

.debug_pubnames
 *(.debug_pubnames)

.debug_info     0x00000000    0x3ca11
 *(.debug_info .gnu.linkonce.wi.*)
 .debug_info    0x00000000     0x4302 build/default/production/_ext/1361460060/drv_adc_static.o
 .debug_info    0x00004302     0x12b5 build/default/production/_ext/1047219354/drv_oc_static.o
 .debug_info    0x000055b7     0x2151 build/default/production/_ext/1407244131/drv_tmr_static.o
 .debug_info    0x00007708     0x14b1 build/default/production/_ext/639803181/sys_clk_static.o
 .debug_info    0x00008bb9     0x1286 build/default/production/_ext/822048611/sys_ports_static.o
 .debug_info    0x00009e3f     0x36ec build/default/production/_ext/1688732426/system_init.o
 .debug_info    0x0000d52b     0x2610 build/default/production/_ext/1688732426/system_interrupt.o
 .debug_info    0x0000fb3b     0x14c2 build/default/production/_ext/1688732426/system_exceptions.o
 .debug_info    0x00010ffd     0x1101 build/default/production/_ext/1688732426/system_tasks.o
 .debug_info    0x000120fe       0xb2 build/default/production/_ext/1688732426/system_interrupt_a.o
 .debug_info    0x000121b0      0x268 build/default/production/_ext/1688732426/rtos_hooks.o
 .debug_info    0x00012418     0x1b1b build/default/production/_ext/1360937237/app.o
 .debug_info    0x00013f33      0x1c0 build/default/production/_ext/1360937237/main.o
 .debug_info    0x000140f3     0x2ee4 build/default/production/_ext/1360937237/Coms.o
 .debug_info    0x00016fd7     0x270e build/default/production/_ext/1360937237/FindAndFollow.o
 .debug_info    0x000196e5     0x27d4 build/default/production/_ext/1360937237/Sensors.o
 .debug_info    0x0001beb9     0x366c build/default/production/_ext/1360937237/Motors.o
 .debug_info    0x0001f525      0xf8e build/default/production/_ext/1360937237/PacketManip.o
 .debug_info    0x000204b3     0x618e build/default/production/_ext/589191024/drv_usart.o
 .debug_info    0x00026641     0x2348 build/default/production/_ext/589191024/drv_usart_buffer_queue.o
 .debug_info    0x00028989     0x2ade build/default/production/_ext/589191024/drv_usart_read_write.o
 .debug_info    0x0002b467      0xac5 build/default/production/_ext/1645233519/osal_freertos.o
 .debug_info    0x0002bf2c     0x10b3 build/default/production/_ext/59525387/sys_devcon.o
 .debug_info    0x0002cfdf      0xd8a build/default/production/_ext/59525387/sys_devcon_pic32mx.o
 .debug_info    0x0002dd69     0x15f1 build/default/production/_ext/1713828911/sys_int_pic32.o
 .debug_info    0x0002f35a     0x3274 build/default/production/_ext/156848948/sys_ports.o
 .debug_info    0x000325ce      0xab7 build/default/production/_ext/1047663089/sys_reset.o
 .debug_info    0x00033085      0x3aa build/default/production/_ext/471252175/heap_1.o
 .debug_info    0x0003342f     0x11d5 build/default/production/_ext/415989026/port.o
 .debug_info    0x00034604       0xf4 build/default/production/_ext/415989026/port_asm.o
 .debug_info    0x000346f8      0x1a6 build/default/production/_ext/1834516116/croutine.o
 .debug_info    0x0003489e      0x4aa build/default/production/_ext/1834516116/list.o
 .debug_info    0x00034d48     0x185b build/default/production/_ext/1834516116/queue.o
 .debug_info    0x000365a3     0x29e3 build/default/production/_ext/1834516116/tasks.o
 .debug_info    0x00038f86     0x152e build/default/production/_ext/1834516116/timers.o
 .debug_info    0x0003a4b4      0xd78 build/default/production/_ext/1834516116/event_groups.o
 .debug_info    0x0003b22c       0xe3 c:/program files (x86)/microchip/xc32/v1.40/bin/bin/../../lib/gcc/pic32mx/4.8.3/../../../../pic32mx/lib\libpic32.a(default-bootstrap-exception-handler.o)
 .debug_info    0x0003b30f       0xbd c:/program files (x86)/microchip/xc32/v1.40/bin/bin/../../lib/gcc/pic32mx/4.8.3/../../../../pic32mx/lib\libpic32.a(default-on-reset.o)
 .debug_info    0x0003b3cc       0xc5 c:/program files (x86)/microchip/xc32/v1.40/bin/bin/../../lib/gcc/pic32mx/4.8.3/../../../../pic32mx/lib\libpic32.a(default-on-bootstrap.o)
 .debug_info    0x0003b491       0xd7 c:/program files (x86)/microchip/xc32/v1.40/bin/bin/../../lib/gcc/pic32mx/4.8.3/../../../../pic32mx/lib\libpic32.a(defaultinterrupt.o)
 .debug_info    0x0003b568       0xb2 c:/program files (x86)/microchip/xc32/v1.40/bin/bin/../../lib/gcc/pic32mx/4.8.3/../../../../pic32mx/lib\libc.a(atoi.o)
 .debug_info    0x0003b61a       0xc4 c:/program files (x86)/microchip/xc32/v1.40/bin/bin/../../lib/gcc/pic32mx/4.8.3/../../../../pic32mx/lib\libc.a(snprintf_cdnopuxX.eo)
 .debug_info    0x0003b6de       0xc6 c:/program files (x86)/microchip/xc32/v1.40/bin/bin/../../lib/gcc/pic32mx/4.8.3/../../../../pic32mx/lib\libc.a(vsnprintf_cdnopuxX.eo)
 .debug_info    0x0003b7a4       0xc3 c:/program files (x86)/microchip/xc32/v1.40/bin/bin/../../lib/gcc/pic32mx/4.8.3/../../../../pic32mx/lib\libc.a(doprnt_cdnopuxX.eo)
 .debug_info    0x0003b867       0xb4 c:/program files (x86)/microchip/xc32/v1.40/bin/bin/../../lib/gcc/pic32mx/4.8.3/../../../../pic32mx/lib\libc.a(_fputc_simple.o)
 .debug_info    0x0003b91b       0xb7 c:/program files (x86)/microchip/xc32/v1.40/bin/bin/../../lib/gcc/pic32mx/4.8.3/../../../../pic32mx/lib\libc.a(_flsbuf_simple.o)
 .debug_info    0x0003b9d2       0xae c:/program files (x86)/microchip/xc32/v1.40/bin/bin/../../lib/gcc/pic32mx/4.8.3/../../../../pic32mx/lib\libpic32.a(write.o)
 .debug_info    0x0003ba80       0xb6 c:/program files (x86)/microchip/xc32/v1.40/bin/bin/../../lib/gcc/pic32mx/4.8.3/../../../../pic32mx/lib\libpic32.a(_mon_putc.o)
 .debug_info    0x0003bb36      0x74f c:/program files (x86)/microchip/xc32/v1.40/bin/bin/../../lib/gcc/pic32mx/4.8.3\libgcc.a(_udivdi3.o)
 .debug_info    0x0003c285      0x78c c:/program files (x86)/microchip/xc32/v1.40/bin/bin/../../lib/gcc/pic32mx/4.8.3\libgcc.a(_umoddi3.o)

.debug_abbrev   0x00000000     0x4b28
 *(.debug_abbrev)
 .debug_abbrev  0x00000000      0x1e4 build/default/production/_ext/1361460060/drv_adc_static.o
 .debug_abbrev  0x000001e4      0x157 build/default/production/_ext/1047219354/drv_oc_static.o
 .debug_abbrev  0x0000033b      0x1b3 build/default/production/_ext/1407244131/drv_tmr_static.o
 .debug_abbrev  0x000004ee      0x209 build/default/production/_ext/639803181/sys_clk_static.o
 .debug_abbrev  0x000006f7      0x138 build/default/production/_ext/822048611/sys_ports_static.o
 .debug_abbrev  0x0000082f      0x2e4 build/default/production/_ext/1688732426/system_init.o
 .debug_abbrev  0x00000b13      0x192 build/default/production/_ext/1688732426/system_interrupt.o
 .debug_abbrev  0x00000ca5       0xa2 build/default/production/_ext/1688732426/system_exceptions.o
 .debug_abbrev  0x00000d47      0x154 build/default/production/_ext/1688732426/system_tasks.o
 .debug_abbrev  0x00000e9b       0x12 build/default/production/_ext/1688732426/system_interrupt_a.o
 .debug_abbrev  0x00000ead       0x97 build/default/production/_ext/1688732426/rtos_hooks.o
 .debug_abbrev  0x00000f44      0x230 build/default/production/_ext/1360937237/app.o
 .debug_abbrev  0x00001174       0x93 build/default/production/_ext/1360937237/main.o
 .debug_abbrev  0x00001207      0x3ec build/default/production/_ext/1360937237/Coms.o
 .debug_abbrev  0x000015f3      0x205 build/default/production/_ext/1360937237/FindAndFollow.o
 .debug_abbrev  0x000017f8      0x2c7 build/default/production/_ext/1360937237/Sensors.o
 .debug_abbrev  0x00001abf      0x384 build/default/production/_ext/1360937237/Motors.o
 .debug_abbrev  0x00001e43      0x1ad build/default/production/_ext/1360937237/PacketManip.o
 .debug_abbrev  0x00001ff0      0x3ec build/default/production/_ext/589191024/drv_usart.o
 .debug_abbrev  0x000023dc      0x344 build/default/production/_ext/589191024/drv_usart_buffer_queue.o
 .debug_abbrev  0x00002720      0x317 build/default/production/_ext/589191024/drv_usart_read_write.o
 .debug_abbrev  0x00002a37      0x1fe build/default/production/_ext/1645233519/osal_freertos.o
 .debug_abbrev  0x00002c35      0x26d build/default/production/_ext/59525387/sys_devcon.o
 .debug_abbrev  0x00002ea2      0x16d build/default/production/_ext/59525387/sys_devcon_pic32mx.o
 .debug_abbrev  0x0000300f      0x1d0 build/default/production/_ext/1713828911/sys_int_pic32.o
 .debug_abbrev  0x000031df      0x219 build/default/production/_ext/156848948/sys_ports.o
 .debug_abbrev  0x000033f8      0x18b build/default/production/_ext/1047663089/sys_reset.o
 .debug_abbrev  0x00003583      0x13f build/default/production/_ext/471252175/heap_1.o
 .debug_abbrev  0x000036c2      0x2cf build/default/production/_ext/415989026/port.o
 .debug_abbrev  0x00003991       0x14 build/default/production/_ext/415989026/port_asm.o
 .debug_abbrev  0x000039a5       0x1b build/default/production/_ext/1834516116/croutine.o
 .debug_abbrev  0x000039c0       0xf1 build/default/production/_ext/1834516116/list.o
 .debug_abbrev  0x00003ab1      0x2c4 build/default/production/_ext/1834516116/queue.o
 .debug_abbrev  0x00003d75      0x383 build/default/production/_ext/1834516116/tasks.o
 .debug_abbrev  0x000040f8      0x337 build/default/production/_ext/1834516116/timers.o
 .debug_abbrev  0x0000442f      0x29a build/default/production/_ext/1834516116/event_groups.o
 .debug_abbrev  0x000046c9       0x28 c:/program files (x86)/microchip/xc32/v1.40/bin/bin/../../lib/gcc/pic32mx/4.8.3/../../../../pic32mx/lib\libpic32.a(default-bootstrap-exception-handler.o)
 .debug_abbrev  0x000046f1       0x28 c:/program files (x86)/microchip/xc32/v1.40/bin/bin/../../lib/gcc/pic32mx/4.8.3/../../../../pic32mx/lib\libpic32.a(default-on-reset.o)
 .debug_abbrev  0x00004719       0x28 c:/program files (x86)/microchip/xc32/v1.40/bin/bin/../../lib/gcc/pic32mx/4.8.3/../../../../pic32mx/lib\libpic32.a(default-on-bootstrap.o)
 .debug_abbrev  0x00004741       0x28 c:/program files (x86)/microchip/xc32/v1.40/bin/bin/../../lib/gcc/pic32mx/4.8.3/../../../../pic32mx/lib\libpic32.a(defaultinterrupt.o)
 .debug_abbrev  0x00004769       0x28 c:/program files (x86)/microchip/xc32/v1.40/bin/bin/../../lib/gcc/pic32mx/4.8.3/../../../../pic32mx/lib\libc.a(atoi.o)
 .debug_abbrev  0x00004791       0x28 c:/program files (x86)/microchip/xc32/v1.40/bin/bin/../../lib/gcc/pic32mx/4.8.3/../../../../pic32mx/lib\libc.a(snprintf_cdnopuxX.eo)
 .debug_abbrev  0x000047b9       0x28 c:/program files (x86)/microchip/xc32/v1.40/bin/bin/../../lib/gcc/pic32mx/4.8.3/../../../../pic32mx/lib\libc.a(vsnprintf_cdnopuxX.eo)
 .debug_abbrev  0x000047e1       0x28 c:/program files (x86)/microchip/xc32/v1.40/bin/bin/../../lib/gcc/pic32mx/4.8.3/../../../../pic32mx/lib\libc.a(doprnt_cdnopuxX.eo)
 .debug_abbrev  0x00004809       0x28 c:/program files (x86)/microchip/xc32/v1.40/bin/bin/../../lib/gcc/pic32mx/4.8.3/../../../../pic32mx/lib\libc.a(_fputc_simple.o)
 .debug_abbrev  0x00004831       0x28 c:/program files (x86)/microchip/xc32/v1.40/bin/bin/../../lib/gcc/pic32mx/4.8.3/../../../../pic32mx/lib\libc.a(_flsbuf_simple.o)
 .debug_abbrev  0x00004859       0x28 c:/program files (x86)/microchip/xc32/v1.40/bin/bin/../../lib/gcc/pic32mx/4.8.3/../../../../pic32mx/lib\libpic32.a(write.o)
 .debug_abbrev  0x00004881       0x28 c:/program files (x86)/microchip/xc32/v1.40/bin/bin/../../lib/gcc/pic32mx/4.8.3/../../../../pic32mx/lib\libpic32.a(_mon_putc.o)
 .debug_abbrev  0x000048a9      0x138 c:/program files (x86)/microchip/xc32/v1.40/bin/bin/../../lib/gcc/pic32mx/4.8.3\libgcc.a(_udivdi3.o)
 .debug_abbrev  0x000049e1      0x147 c:/program files (x86)/microchip/xc32/v1.40/bin/bin/../../lib/gcc/pic32mx/4.8.3\libgcc.a(_umoddi3.o)

.debug_line     0x00000000     0xabd1
 *(.debug_line)
 .debug_line    0x00000000      0x7e1 build/default/production/_ext/1361460060/drv_adc_static.o
 .debug_line    0x000007e1      0x44a build/default/production/_ext/1047219354/drv_oc_static.o
 .debug_line    0x00000c2b      0x47e build/default/production/_ext/1407244131/drv_tmr_static.o
 .debug_line    0x000010a9      0x391 build/default/production/_ext/639803181/sys_clk_static.o
 .debug_line    0x0000143a      0x3bd build/default/production/_ext/822048611/sys_ports_static.o
 .debug_line    0x000017f7      0x824 build/default/production/_ext/1688732426/system_init.o
 .debug_line    0x0000201b      0x4e5 build/default/production/_ext/1688732426/system_interrupt.o
 .debug_line    0x00002500      0x1f3 build/default/production/_ext/1688732426/system_exceptions.o
 .debug_line    0x000026f3      0x3e3 build/default/production/_ext/1688732426/system_tasks.o
 .debug_line    0x00002ad6       0xf9 build/default/production/_ext/1688732426/system_interrupt_a.o
 .debug_line    0x00002bcf      0x15c build/default/production/_ext/1688732426/rtos_hooks.o
 .debug_line    0x00002d2b      0x4e3 build/default/production/_ext/1360937237/app.o
 .debug_line    0x0000320e       0xd1 build/default/production/_ext/1360937237/main.o
 .debug_line    0x000032df      0x6ad build/default/production/_ext/1360937237/Coms.o
 .debug_line    0x0000398c      0x3f6 build/default/production/_ext/1360937237/FindAndFollow.o
 .debug_line    0x00003d82      0x610 build/default/production/_ext/1360937237/Sensors.o
 .debug_line    0x00004392      0x94e build/default/production/_ext/1360937237/Motors.o
 .debug_line    0x00004ce0      0x2fc build/default/production/_ext/1360937237/PacketManip.o
 .debug_line    0x00004fdc      0xfee build/default/production/_ext/589191024/drv_usart.o
 .debug_line    0x00005fca      0x5fa build/default/production/_ext/589191024/drv_usart_buffer_queue.o
 .debug_line    0x000065c4      0x70a build/default/production/_ext/589191024/drv_usart_read_write.o
 .debug_line    0x00006cce      0x2bb build/default/production/_ext/1645233519/osal_freertos.o
 .debug_line    0x00006f89      0x5c6 build/default/production/_ext/59525387/sys_devcon.o
 .debug_line    0x0000754f      0x471 build/default/production/_ext/59525387/sys_devcon_pic32mx.o
 .debug_line    0x000079c0      0x38c build/default/production/_ext/1713828911/sys_int_pic32.o
 .debug_line    0x00007d4c      0x870 build/default/production/_ext/156848948/sys_ports.o
 .debug_line    0x000085bc      0x3a6 build/default/production/_ext/1047663089/sys_reset.o
 .debug_line    0x00008962      0x216 build/default/production/_ext/471252175/heap_1.o
 .debug_line    0x00008b78      0x23a build/default/production/_ext/415989026/port.o
 .debug_line    0x00008db2      0x123 build/default/production/_ext/415989026/port_asm.o
 .debug_line    0x00008ed5       0x1d build/default/production/_ext/1834516116/croutine.o
 .debug_line    0x00008ef2      0x1dc build/default/production/_ext/1834516116/list.o
 .debug_line    0x000090ce      0x4a2 build/default/production/_ext/1834516116/queue.o
 .debug_line    0x00009570      0x7f6 build/default/production/_ext/1834516116/tasks.o
 .debug_line    0x00009d66      0x38d build/default/production/_ext/1834516116/timers.o
 .debug_line    0x0000a0f3      0x321 build/default/production/_ext/1834516116/event_groups.o
 .debug_line    0x0000a414       0x97 c:/program files (x86)/microchip/xc32/v1.40/bin/bin/../../lib/gcc/pic32mx/4.8.3/../../../../pic32mx/lib\libpic32.a(default-bootstrap-exception-handler.o)
 .debug_line    0x0000a4ab       0x84 c:/program files (x86)/microchip/xc32/v1.40/bin/bin/../../lib/gcc/pic32mx/4.8.3/../../../../pic32mx/lib\libpic32.a(default-on-reset.o)
 .debug_line    0x0000a52f       0x88 c:/program files (x86)/microchip/xc32/v1.40/bin/bin/../../lib/gcc/pic32mx/4.8.3/../../../../pic32mx/lib\libpic32.a(default-on-bootstrap.o)
 .debug_line    0x0000a5b7       0x96 c:/program files (x86)/microchip/xc32/v1.40/bin/bin/../../lib/gcc/pic32mx/4.8.3/../../../../pic32mx/lib\libpic32.a(defaultinterrupt.o)
 .debug_line    0x0000a64d       0x6e c:/program files (x86)/microchip/xc32/v1.40/bin/bin/../../lib/gcc/pic32mx/4.8.3/../../../../pic32mx/lib\libc.a(atoi.o)
 .debug_line    0x0000a6bb        0x0 c:/program files (x86)/microchip/xc32/v1.40/bin/bin/../../lib/gcc/pic32mx/4.8.3/../../../../pic32mx/lib\libc.a(ctype.o)
 .debug_line    0x0000a6bb       0x72 c:/program files (x86)/microchip/xc32/v1.40/bin/bin/../../lib/gcc/pic32mx/4.8.3/../../../../pic32mx/lib\libc.a(snprintf_cdnopuxX.eo)
 .debug_line    0x0000a72d       0x73 c:/program files (x86)/microchip/xc32/v1.40/bin/bin/../../lib/gcc/pic32mx/4.8.3/../../../../pic32mx/lib\libc.a(vsnprintf_cdnopuxX.eo)
 .debug_line    0x0000a7a0       0x70 c:/program files (x86)/microchip/xc32/v1.40/bin/bin/../../lib/gcc/pic32mx/4.8.3/../../../../pic32mx/lib\libc.a(doprnt_cdnopuxX.eo)
 .debug_line    0x0000a810       0x6f c:/program files (x86)/microchip/xc32/v1.40/bin/bin/../../lib/gcc/pic32mx/4.8.3/../../../../pic32mx/lib\libc.a(_fputc_simple.o)
 .debug_line    0x0000a87f        0x0 c:/program files (x86)/microchip/xc32/v1.40/bin/bin/../../lib/gcc/pic32mx/4.8.3/../../../../pic32mx/lib\libc.a(_iob.o)
 .debug_line    0x0000a87f       0x70 c:/program files (x86)/microchip/xc32/v1.40/bin/bin/../../lib/gcc/pic32mx/4.8.3/../../../../pic32mx/lib\libc.a(_flsbuf_simple.o)
 .debug_line    0x0000a8ef       0x79 c:/program files (x86)/microchip/xc32/v1.40/bin/bin/../../lib/gcc/pic32mx/4.8.3/../../../../pic32mx/lib\libpic32.a(write.o)
 .debug_line    0x0000a968       0x7d c:/program files (x86)/microchip/xc32/v1.40/bin/bin/../../lib/gcc/pic32mx/4.8.3/../../../../pic32mx/lib\libpic32.a(_mon_putc.o)
 .debug_line    0x0000a9e5        0x0 c:/program files (x86)/microchip/xc32/v1.40/bin/bin/../../lib/gcc/pic32mx/4.8.3/../../../../pic32mx/lib\libpic32.a(xc32_uart.o)
 .debug_line    0x0000a9e5       0xed c:/program files (x86)/microchip/xc32/v1.40/bin/bin/../../lib/gcc/pic32mx/4.8.3\libgcc.a(_udivdi3.o)
 .debug_line    0x0000aad2       0xff c:/program files (x86)/microchip/xc32/v1.40/bin/bin/../../lib/gcc/pic32mx/4.8.3\libgcc.a(_umoddi3.o)

.debug_frame    0x00000000     0x1c58
 *(.debug_frame)
 .debug_frame   0x00000000       0xd0 build/default/production/_ext/1361460060/drv_adc_static.o
 .debug_frame   0x000000d0       0xd0 build/default/production/_ext/1047219354/drv_oc_static.o
 .debug_frame   0x000001a0       0x70 build/default/production/_ext/1407244131/drv_tmr_static.o
 .debug_frame   0x00000210       0x58 build/default/production/_ext/639803181/sys_clk_static.o
 .debug_frame   0x00000268       0x20 build/default/production/_ext/822048611/sys_ports_static.o
 .debug_frame   0x00000288       0x30 build/default/production/_ext/1688732426/system_init.o
 .debug_frame   0x000002b8       0x30 build/default/production/_ext/1688732426/system_interrupt.o
 .debug_frame   0x000002e8       0x28 build/default/production/_ext/1688732426/system_exceptions.o
 .debug_frame   0x00000310       0xa4 build/default/production/_ext/1688732426/system_tasks.o
 .debug_frame   0x000003b4       0x40 build/default/production/_ext/1688732426/rtos_hooks.o
 .debug_frame   0x000003f4       0x54 build/default/production/_ext/1360937237/app.o
 .debug_frame   0x00000448       0x28 build/default/production/_ext/1360937237/main.o
 .debug_frame   0x00000470       0xd8 build/default/production/_ext/1360937237/Coms.o
 .debug_frame   0x00000548       0x90 build/default/production/_ext/1360937237/FindAndFollow.o
 .debug_frame   0x000005d8       0xa0 build/default/production/_ext/1360937237/Sensors.o
 .debug_frame   0x00000678      0x12c build/default/production/_ext/1360937237/Motors.o
 .debug_frame   0x000007a4       0x90 build/default/production/_ext/1360937237/PacketManip.o
 .debug_frame   0x00000834      0x1e8 build/default/production/_ext/589191024/drv_usart.o
 .debug_frame   0x00000a1c       0x70 build/default/production/_ext/589191024/drv_usart_buffer_queue.o
 .debug_frame   0x00000a8c       0x58 build/default/production/_ext/589191024/drv_usart_read_write.o
 .debug_frame   0x00000ae4      0x150 build/default/production/_ext/1645233519/osal_freertos.o
 .debug_frame   0x00000c34       0xe8 build/default/production/_ext/59525387/sys_devcon.o
 .debug_frame   0x00000d1c       0x28 build/default/production/_ext/59525387/sys_devcon_pic32mx.o
 .debug_frame   0x00000d44       0x90 build/default/production/_ext/1713828911/sys_int_pic32.o
 .debug_frame   0x00000dd4      0x1d0 build/default/production/_ext/156848948/sys_ports.o
 .debug_frame   0x00000fa4       0x50 build/default/production/_ext/1047663089/sys_reset.o
 .debug_frame   0x00000ff4       0x5c build/default/production/_ext/471252175/heap_1.o
 .debug_frame   0x00001050       0xc0 build/default/production/_ext/415989026/port.o
 .debug_frame   0x00001110       0x60 build/default/production/_ext/1834516116/list.o
 .debug_frame   0x00001170      0x230 build/default/production/_ext/1834516116/queue.o
 .debug_frame   0x000013a0      0x450 build/default/production/_ext/1834516116/tasks.o
 .debug_frame   0x000017f0      0x134 build/default/production/_ext/1834516116/timers.o
 .debug_frame   0x00001924      0x108 build/default/production/_ext/1834516116/event_groups.o
 .debug_frame   0x00001a2c       0x2c c:/program files (x86)/microchip/xc32/v1.40/bin/bin/../../lib/gcc/pic32mx/4.8.3/../../../../pic32mx/lib\libpic32.a(default-bootstrap-exception-handler.o)
 .debug_frame   0x00001a58       0x20 c:/program files (x86)/microchip/xc32/v1.40/bin/bin/../../lib/gcc/pic32mx/4.8.3/../../../../pic32mx/lib\libpic32.a(default-on-reset.o)
 .debug_frame   0x00001a78       0x20 c:/program files (x86)/microchip/xc32/v1.40/bin/bin/../../lib/gcc/pic32mx/4.8.3/../../../../pic32mx/lib\libpic32.a(default-on-bootstrap.o)
 .debug_frame   0x00001a98       0x20 c:/program files (x86)/microchip/xc32/v1.40/bin/bin/../../lib/gcc/pic32mx/4.8.3/../../../../pic32mx/lib\libpic32.a(defaultinterrupt.o)
 .debug_frame   0x00001ab8       0x20 c:/program files (x86)/microchip/xc32/v1.40/bin/bin/../../lib/gcc/pic32mx/4.8.3/../../../../pic32mx/lib\libc.a(atoi.o)
 .debug_frame   0x00001ad8       0x28 c:/program files (x86)/microchip/xc32/v1.40/bin/bin/../../lib/gcc/pic32mx/4.8.3/../../../../pic32mx/lib\libc.a(snprintf_cdnopuxX.eo)
 .debug_frame   0x00001b00       0x2c c:/program files (x86)/microchip/xc32/v1.40/bin/bin/../../lib/gcc/pic32mx/4.8.3/../../../../pic32mx/lib\libc.a(vsnprintf_cdnopuxX.eo)
 .debug_frame   0x00001b2c       0x38 c:/program files (x86)/microchip/xc32/v1.40/bin/bin/../../lib/gcc/pic32mx/4.8.3/../../../../pic32mx/lib\libc.a(doprnt_cdnopuxX.eo)
 .debug_frame   0x00001b64       0x2c c:/program files (x86)/microchip/xc32/v1.40/bin/bin/../../lib/gcc/pic32mx/4.8.3/../../../../pic32mx/lib\libc.a(_fputc_simple.o)
 .debug_frame   0x00001b90       0x28 c:/program files (x86)/microchip/xc32/v1.40/bin/bin/../../lib/gcc/pic32mx/4.8.3/../../../../pic32mx/lib\libc.a(_flsbuf_simple.o)
 .debug_frame   0x00001bb8       0x38 c:/program files (x86)/microchip/xc32/v1.40/bin/bin/../../lib/gcc/pic32mx/4.8.3/../../../../pic32mx/lib\libpic32.a(write.o)
 .debug_frame   0x00001bf0       0x28 c:/program files (x86)/microchip/xc32/v1.40/bin/bin/../../lib/gcc/pic32mx/4.8.3/../../../../pic32mx/lib\libpic32.a(_mon_putc.o)
 .debug_frame   0x00001c18       0x20 c:/program files (x86)/microchip/xc32/v1.40/bin/bin/../../lib/gcc/pic32mx/4.8.3\libgcc.a(_udivdi3.o)
 .debug_frame   0x00001c38       0x20 c:/program files (x86)/microchip/xc32/v1.40/bin/bin/../../lib/gcc/pic32mx/4.8.3\libgcc.a(_umoddi3.o)

.debug_str      0x00000000      0xace
 *(.debug_str)
 .debug_str     0x00000000       0x8e build/default/production/_ext/1361460060/drv_adc_static.o
 .debug_str     0x0000008e       0x1a build/default/production/_ext/1047219354/drv_oc_static.o
 .debug_str     0x000000a8       0x3b build/default/production/_ext/1407244131/drv_tmr_static.o
 .debug_str     0x000000e3       0x39 build/default/production/_ext/639803181/sys_clk_static.o
 .debug_str     0x0000011c       0x15 build/default/production/_ext/822048611/sys_ports_static.o
 .debug_str     0x00000131       0x36 build/default/production/_ext/1688732426/system_init.o
 .debug_str     0x00000167        0x6 build/default/production/_ext/1688732426/system_interrupt.o
 .debug_str     0x0000016d        0x0 build/default/production/_ext/1688732426/system_exceptions.o
 .debug_str     0x0000016d        0x0 build/default/production/_ext/1688732426/system_tasks.o
 .debug_str     0x0000016d        0x9 build/default/production/_ext/1688732426/rtos_hooks.o
 .debug_str     0x00000176        0x6 build/default/production/_ext/1360937237/app.o
 .debug_str     0x0000017c        0x0 build/default/production/_ext/1360937237/main.o
 .debug_str     0x0000017c       0x8a build/default/production/_ext/1360937237/Coms.o
 .debug_str     0x00000206       0x5f build/default/production/_ext/1360937237/FindAndFollow.o
 .debug_str     0x00000265       0x20 build/default/production/_ext/1360937237/Sensors.o
 .debug_str     0x00000285       0x61 build/default/production/_ext/1360937237/Motors.o
 .debug_str     0x000002e6       0x24 build/default/production/_ext/1360937237/PacketManip.o
 .debug_str     0x0000030a      0x167 build/default/production/_ext/589191024/drv_usart.o
 .debug_str     0x00000471       0x67 build/default/production/_ext/589191024/drv_usart_buffer_queue.o
 .debug_str     0x000004d8       0x3f build/default/production/_ext/589191024/drv_usart_read_write.o
 .debug_str     0x00000517       0x40 build/default/production/_ext/1645233519/osal_freertos.o
 .debug_str     0x00000557       0x16 build/default/production/_ext/59525387/sys_devcon.o
 .debug_str     0x0000056d        0x6 build/default/production/_ext/59525387/sys_devcon_pic32mx.o
 .debug_str     0x00000573       0x2d build/default/production/_ext/1713828911/sys_int_pic32.o
 .debug_str     0x000005a0       0x98 build/default/production/_ext/156848948/sys_ports.o
 .debug_str     0x00000638        0xd build/default/production/_ext/1047663089/sys_reset.o
 .debug_str     0x00000645       0x1d build/default/production/_ext/471252175/heap_1.o
 .debug_str     0x00000662       0x37 build/default/production/_ext/415989026/port.o
 .debug_str     0x00000699        0x0 build/default/production/_ext/1834516116/croutine.o
 .debug_str     0x00000699       0x2b build/default/production/_ext/1834516116/list.o
 .debug_str     0x000006c4       0xf1 build/default/production/_ext/1834516116/queue.o
 .debug_str     0x000007b5      0x174 build/default/production/_ext/1834516116/tasks.o
 .debug_str     0x00000929       0xbf build/default/production/_ext/1834516116/timers.o
 .debug_str     0x000009e8       0xe6 build/default/production/_ext/1834516116/event_groups.o
 .debug_str     0x00000ace        0x0 c:/program files (x86)/microchip/xc32/v1.40/bin/bin/../../lib/gcc/pic32mx/4.8.3/../../../../pic32mx/lib\libpic32.a(default-bootstrap-exception-handler.o)
 .debug_str     0x00000ace        0x0 c:/program files (x86)/microchip/xc32/v1.40/bin/bin/../../lib/gcc/pic32mx/4.8.3/../../../../pic32mx/lib\libpic32.a(default-on-reset.o)
 .debug_str     0x00000ace        0x0 c:/program files (x86)/microchip/xc32/v1.40/bin/bin/../../lib/gcc/pic32mx/4.8.3/../../../../pic32mx/lib\libpic32.a(default-on-bootstrap.o)
 .debug_str     0x00000ace        0x0 c:/program files (x86)/microchip/xc32/v1.40/bin/bin/../../lib/gcc/pic32mx/4.8.3/../../../../pic32mx/lib\libpic32.a(defaultinterrupt.o)
 .debug_str     0x00000ace        0x0 c:/program files (x86)/microchip/xc32/v1.40/bin/bin/../../lib/gcc/pic32mx/4.8.3/../../../../pic32mx/lib\libc.a(atoi.o)
 .debug_str     0x00000ace        0x0 c:/program files (x86)/microchip/xc32/v1.40/bin/bin/../../lib/gcc/pic32mx/4.8.3/../../../../pic32mx/lib\libc.a(ctype.o)
 .debug_str     0x00000ace        0x0 c:/program files (x86)/microchip/xc32/v1.40/bin/bin/../../lib/gcc/pic32mx/4.8.3/../../../../pic32mx/lib\libc.a(snprintf_cdnopuxX.eo)
 .debug_str     0x00000ace        0x0 c:/program files (x86)/microchip/xc32/v1.40/bin/bin/../../lib/gcc/pic32mx/4.8.3/../../../../pic32mx/lib\libc.a(vsnprintf_cdnopuxX.eo)
 .debug_str     0x00000ace        0x0 c:/program files (x86)/microchip/xc32/v1.40/bin/bin/../../lib/gcc/pic32mx/4.8.3/../../../../pic32mx/lib\libc.a(doprnt_cdnopuxX.eo)
 .debug_str     0x00000ace        0x0 c:/program files (x86)/microchip/xc32/v1.40/bin/bin/../../lib/gcc/pic32mx/4.8.3/../../../../pic32mx/lib\libc.a(_fputc_simple.o)
 .debug_str     0x00000ace        0x0 c:/program files (x86)/microchip/xc32/v1.40/bin/bin/../../lib/gcc/pic32mx/4.8.3/../../../../pic32mx/lib\libc.a(_iob.o)
 .debug_str     0x00000ace        0x0 c:/program files (x86)/microchip/xc32/v1.40/bin/bin/../../lib/gcc/pic32mx/4.8.3/../../../../pic32mx/lib\libc.a(_flsbuf_simple.o)
 .debug_str     0x00000ace        0x0 c:/program files (x86)/microchip/xc32/v1.40/bin/bin/../../lib/gcc/pic32mx/4.8.3/../../../../pic32mx/lib\libpic32.a(write.o)
 .debug_str     0x00000ace        0x0 c:/program files (x86)/microchip/xc32/v1.40/bin/bin/../../lib/gcc/pic32mx/4.8.3/../../../../pic32mx/lib\libpic32.a(_mon_putc.o)
 .debug_str     0x00000ace        0x0 c:/program files (x86)/microchip/xc32/v1.40/bin/bin/../../lib/gcc/pic32mx/4.8.3/../../../../pic32mx/lib\libpic32.a(xc32_uart.o)
 .debug_str     0x00000ace        0x0 c:/program files (x86)/microchip/xc32/v1.40/bin/bin/../../lib/gcc/pic32mx/4.8.3\libgcc.a(_udivdi3.o)
 .debug_str     0x00000ace        0x0 c:/program files (x86)/microchip/xc32/v1.40/bin/bin/../../lib/gcc/pic32mx/4.8.3\libgcc.a(_umoddi3.o)

.debug_loc      0x00000000     0xc56b
 *(.debug_loc)
 .debug_loc     0x00000000      0x111 build/default/production/_ext/1361460060/drv_adc_static.o
 .debug_loc     0x00000111       0x21 build/default/production/_ext/1407244131/drv_tmr_static.o
 .debug_loc     0x00000132       0x21 build/default/production/_ext/639803181/sys_clk_static.o
 .debug_loc     0x00000153       0x21 build/default/production/_ext/1688732426/system_init.o
 .debug_loc     0x00000174       0x34 build/default/production/_ext/1688732426/rtos_hooks.o
 .debug_loc     0x000001a8       0x21 build/default/production/_ext/1360937237/app.o
 .debug_loc     0x000001c9      0x30a build/default/production/_ext/1360937237/Coms.o
 .debug_loc     0x000004d3      0x23d build/default/production/_ext/1360937237/FindAndFollow.o
 .debug_loc     0x00000710      0x223 build/default/production/_ext/1360937237/Sensors.o
 .debug_loc     0x00000933      0x197 build/default/production/_ext/1360937237/Motors.o
 .debug_loc     0x00000aca      0x669 build/default/production/_ext/1360937237/PacketManip.o
 .debug_loc     0x00001133     0x43c6 build/default/production/_ext/589191024/drv_usart.o
 .debug_loc     0x000054f9      0x475 build/default/production/_ext/589191024/drv_usart_buffer_queue.o
 .debug_loc     0x0000596e      0xda3 build/default/production/_ext/589191024/drv_usart_read_write.o
 .debug_loc     0x00006711      0x40c build/default/production/_ext/1645233519/osal_freertos.o
 .debug_loc     0x00006b1d       0xf0 build/default/production/_ext/59525387/sys_devcon.o
 .debug_loc     0x00006c0d       0xe0 build/default/production/_ext/59525387/sys_devcon_pic32mx.o
 .debug_loc     0x00006ced       0x8d build/default/production/_ext/1713828911/sys_int_pic32.o
 .debug_loc     0x00006d7a      0xee1 build/default/production/_ext/156848948/sys_ports.o
 .debug_loc     0x00007c5b       0x21 build/default/production/_ext/1047663089/sys_reset.o
 .debug_loc     0x00007c7c       0x49 build/default/production/_ext/471252175/heap_1.o
 .debug_loc     0x00007cc5       0xea build/default/production/_ext/415989026/port.o
 .debug_loc     0x00007daf       0x31 build/default/production/_ext/1834516116/list.o
 .debug_loc     0x00007de0      0xd35 build/default/production/_ext/1834516116/queue.o
 .debug_loc     0x00008b15     0x1505 build/default/production/_ext/1834516116/tasks.o
 .debug_loc     0x0000a01a      0x7c0 build/default/production/_ext/1834516116/timers.o
 .debug_loc     0x0000a7da      0x8ea build/default/production/_ext/1834516116/event_groups.o
 .debug_loc     0x0000b0c4      0xa6a c:/program files (x86)/microchip/xc32/v1.40/bin/bin/../../lib/gcc/pic32mx/4.8.3\libgcc.a(_udivdi3.o)
 .debug_loc     0x0000bb2e      0xa3d c:/program files (x86)/microchip/xc32/v1.40/bin/bin/../../lib/gcc/pic32mx/4.8.3\libgcc.a(_umoddi3.o)

.debug_macinfo
 *(.debug_macinfo)

.debug_weaknames
 *(.debug_weaknames)

.debug_funcnames
 *(.debug_funcnames)

.debug_typenames
 *(.debug_typenames)

.debug_varnames
 *(.debug_varnames)

.debug_pubtypes
 *(.debug_pubtypes)

.debug_ranges   0x00000000     0x1c40
 *(.debug_ranges)
 .debug_ranges  0x00000000       0x68 build/default/production/_ext/1361460060/drv_adc_static.o
 .debug_ranges  0x00000068       0x68 build/default/production/_ext/1047219354/drv_oc_static.o
 .debug_ranges  0x000000d0       0x38 build/default/production/_ext/1407244131/drv_tmr_static.o