
Optional file libmchp_peripheral.a not found

Optional file libmchp_peripheral_32MX795F512L.a not found
Archive member included because of file (symbol)

c:/program files (x86)/microchip/xc32/v1.40/bin/bin/../../lib/gcc/pic32mx/4.8.3/../../../../pic32mx/lib\libpic32.a(memcpy.o)
                              build/default/debug/_ext/1834516116/queue.o (memcpy)
c:/program files (x86)/microchip/xc32/v1.40/bin/bin/../../lib/gcc/pic32mx/4.8.3/../../../../pic32mx/lib\libpic32.a(memset.o)
                              build/default/debug/_ext/1360937237/Coms.o (memset)
c:/program files (x86)/microchip/xc32/v1.40/bin/bin/../../lib/gcc/pic32mx/4.8.3/../../../../pic32mx/lib\libpic32.a(strlen.o)
                              build/default/debug/_ext/1360937237/Coms.o (strlen)
c:/program files (x86)/microchip/xc32/v1.40/bin/bin/../../lib/gcc/pic32mx/4.8.3/../../../../pic32mx/lib\libpic32.a(default-bootstrap-exception-handler.o)
                              c:/program files (x86)/microchip/xc32/v1.40/bin/bin/../../lib/gcc/pic32mx/4.8.3/../../../../pic32mx/lib/./proc/32MX795F512L/crt0_mips32r2.o (_bootstrap_exception_handler)
c:/program files (x86)/microchip/xc32/v1.40/bin/bin/../../lib/gcc/pic32mx/4.8.3/../../../../pic32mx/lib\libpic32.a(default-on-reset.o)
                              c:/program files (x86)/microchip/xc32/v1.40/bin/bin/../../lib/gcc/pic32mx/4.8.3/../../../../pic32mx/lib/./proc/32MX795F512L/crt0_mips32r2.o (_on_reset)
c:/program files (x86)/microchip/xc32/v1.40/bin/bin/../../lib/gcc/pic32mx/4.8.3/../../../../pic32mx/lib\libpic32.a(default-on-bootstrap.o)
                              c:/program files (x86)/microchip/xc32/v1.40/bin/bin/../../lib/gcc/pic32mx/4.8.3/../../../../pic32mx/lib/./proc/32MX795F512L/crt0_mips32r2.o (_on_bootstrap)
c:/program files (x86)/microchip/xc32/v1.40/bin/bin/../../lib/gcc/pic32mx/4.8.3/../../../../pic32mx/lib\libpic32.a(default-nmi-handler.o)
                              c:/program files (x86)/microchip/xc32/v1.40/bin/bin/../../lib/gcc/pic32mx/4.8.3/../../../../pic32mx/lib/./proc/32MX795F512L/crt0_mips32r2.o (_nmi_handler)
c:/program files (x86)/microchip/xc32/v1.40/bin/bin/../../lib/gcc/pic32mx/4.8.3/../../../../pic32mx/lib\libpic32.a(general-exception.o)
                              c:/program files (x86)/microchip/xc32/v1.40/bin/bin/../../lib/gcc/pic32mx/4.8.3/../../../../pic32mx/lib/./proc/32MX795F512L/crt0_mips32r2.o (_general_exception_context)
c:/program files (x86)/microchip/xc32/v1.40/bin/bin/../../lib/gcc/pic32mx/4.8.3/../../../../pic32mx/lib\libpic32.a(vector0.o)
                              c:/program files (x86)/microchip/xc32/v1.40/bin/bin/../../lib/gcc/pic32mx/4.8.3/../../../../pic32mx/lib/./proc/32MX795F512L\default_isr_vectors.o (__vector_dispatch_0)
c:/program files (x86)/microchip/xc32/v1.40/bin/bin/../../lib/gcc/pic32mx/4.8.3/../../../../pic32mx/lib\libpic32.a(vector2.o)
                              c:/program files (x86)/microchip/xc32/v1.40/bin/bin/../../lib/gcc/pic32mx/4.8.3/../../../../pic32mx/lib/./proc/32MX795F512L\default_isr_vectors.o (__vector_dispatch_2)
c:/program files (x86)/microchip/xc32/v1.40/bin/bin/../../lib/gcc/pic32mx/4.8.3/../../../../pic32mx/lib\libpic32.a(vector3.o)
                              c:/program files (x86)/microchip/xc32/v1.40/bin/bin/../../lib/gcc/pic32mx/4.8.3/../../../../pic32mx/lib/./proc/32MX795F512L\default_isr_vectors.o (__vector_dispatch_3)
c:/program files (x86)/microchip/xc32/v1.40/bin/bin/../../lib/gcc/pic32mx/4.8.3/../../../../pic32mx/lib\libpic32.a(vector5.o)
                              c:/program files (x86)/microchip/xc32/v1.40/bin/bin/../../lib/gcc/pic32mx/4.8.3/../../../../pic32mx/lib/./proc/32MX795F512L\default_isr_vectors.o (__vector_dispatch_5)
c:/program files (x86)/microchip/xc32/v1.40/bin/bin/../../lib/gcc/pic32mx/4.8.3/../../../../pic32mx/lib\libpic32.a(vector6.o)
                              c:/program files (x86)/microchip/xc32/v1.40/bin/bin/../../lib/gcc/pic32mx/4.8.3/../../../../pic32mx/lib/./proc/32MX795F512L\default_isr_vectors.o (__vector_dispatch_6)
c:/program files (x86)/microchip/xc32/v1.40/bin/bin/../../lib/gcc/pic32mx/4.8.3/../../../../pic32mx/lib\libpic32.a(vector8.o)
                              c:/program files (x86)/microchip/xc32/v1.40/bin/bin/../../lib/gcc/pic32mx/4.8.3/../../../../pic32mx/lib/./proc/32MX795F512L\default_isr_vectors.o (__vector_dispatch_8)
c:/program files (x86)/microchip/xc32/v1.40/bin/bin/../../lib/gcc/pic32mx/4.8.3/../../../../pic32mx/lib\libpic32.a(vector9.o)
                              c:/program files (x86)/microchip/xc32/v1.40/bin/bin/../../lib/gcc/pic32mx/4.8.3/../../../../pic32mx/lib/./proc/32MX795F512L\default_isr_vectors.o (__vector_dispatch_9)
c:/program files (x86)/microchip/xc32/v1.40/bin/bin/../../lib/gcc/pic32mx/4.8.3/../../../../pic32mx/lib\libpic32.a(vector10.o)
[...]
Memory Configuration

Name             Origin             Length             Attributes
kseg0_data_mem   0x80000000         0x00000200
kseg1_data_mem   0xa0000000         0x00020000         w !x
kseg0_boot_mem   0x9fc00490         0x00000970
kseg1_boot_mem   0xbfc00000         0x00000490
kseg0_program_mem 0x9d000000         0x00080000         xr
exception_mem    0x9fc01000         0x00001000
debug_exec_mem   0xbfc02000         0x00000ff0
config3          0xbfc02ff0         0x00000004
config2          0xbfc02ff4         0x00000004
config1          0xbfc02ff8         0x00000004
config0          0xbfc02ffc         0x00000004
sfrs             0xbf800000         0x00100000
configsfrs       0xbfc02ff0         0x00000010
*default*        0x00000000         0xffffffff

Linker script and memory map


reserve_data_0_kseg0
                0x80000000      0x200
                0x80000000        0x2 SHORT 0x0
                0x000001fd                . = 0x1fd
 *fill*         0x80000002      0x1fb 
                0x80000200                . = ALIGN (0x4)
 *fill*         0x800001fd        0x3 

reserve_data_0_kseg1
                0xa0000000      0x200
                0xa0000000        0x2 SHORT 0x0
                0x000001fd                . = 0x1fd
 *fill*         0xa0000002      0x1fb 
                0xa0000200                . = ALIGN (0x4)
 *fill*         0xa00001fd        0x3 

reserve_boot_0x1fc02000_kseg0
                0x9fc02000      0xff0
                0x9fc02000        0x2 SHORT 0x0
                0x00000500                . = 0x500
 *fill*         0x9fc02002      0x4fe 
                0x9fc02500                . = ALIGN (0x4)
                0x9fc02500        0x2 SHORT 0x0
                0x00000ff0                . = 0xff0
 *fill*         0x9fc02502      0xaee 
                0x9fc02ff0                . = ALIGN (0x4)

reserve_boot_0x1fc02000_kseg1
                0xbfc02000      0xff0
                0xbfc02000        0x2 SHORT 0x0
                0x00000500                . = 0x500
 *fill*         0xbfc02002      0x4fe 
                0xbfc02500                . = ALIGN (0x4)
                0xbfc02500        0x2 SHORT 0x0
                0x00000ff0                . = 0xff0
 *fill*         0xbfc02502      0xaee 
                0xbfc02ff0                . = ALIGN (0x4)
LOAD c:/program files (x86)/microchip/xc32/v1.40/bin/bin/../../lib/gcc/pic32mx/4.8.3/../../../../pic32mx/lib/./proc/32MX795F512L/crt0_mips32r2.o
LOAD c:/program files (x86)/microchip/xc32/v1.40/bin/bin/../../lib/gcc/pic32mx/4.8.3/../../../../pic32mx/lib\software-debug-break.o
LOAD build/default/debug/_ext/1360937237/app.o
LOAD build/default/debug/_ext/1360937237/main.o
LOAD build/default/debug/_ext/1360937237/Coms.o
LOAD build/default/debug/_ext/1360937237/FindAndFollow.o
LOAD build/default/debug/_ext/1360937237/Sensors.o
LOAD build/default/debug/_ext/1360937237/Motors.o
LOAD build/default/debug/_ext/1360937237/PacketManip.o
LOAD build/default/debug/_ext/589191024/drv_usart.o
LOAD build/default/debug/_ext/589191024/drv_usart_buffer_queue.o
LOAD build/default/debug/_ext/589191024/drv_usart_read_write.o
LOAD build/default/debug/_ext/1645233519/osal_freertos.o
LOAD build/default/debug/_ext/59525387/sys_devcon.o
LOAD build/default/debug/_ext/59525387/sys_devcon_pic32mx.o
LOAD build/default/debug/_ext/1713828911/sys_int_pic32.o
LOAD build/default/debug/_ext/156848948/sys_ports.o
LOAD build/default/debug/_ext/1047663089/sys_reset.o
LOAD build/default/debug/_ext/1834516116/croutine.o
LOAD build/default/debug/_ext/1834516116/list.o
LOAD build/default/debug/_ext/1834516116/queue.o
LOAD build/default/debug/_ext/1834516116/tasks.o
LOAD build/default/debug/_ext/1834516116/timers.o
LOAD build/default/debug/_ext/1834516116/event_groups.o
LOAD build/default/debug/_ext/471252175/heap_1.o
LOAD build/default/debug/_ext/415989026/port.o
LOAD build/default/debug/_ext/415989026/port_asm.o
LOAD build/default/debug/_ext/1361460060/drv_adc_static.o
LOAD build/default/debug/_ext/1047219354/drv_oc_static.o
LOAD build/default/debug/_ext/1407244131/drv_tmr_static.o
LOAD build/default/debug/_ext/639803181/sys_clk_static.o
LOAD build/default/debug/_ext/822048611/sys_ports_static.o
LOAD build/default/debug/_ext/1688732426/system_init.o
LOAD build/default/debug/_ext/1688732426/system_interrupt.o
LOAD build/default/debug/_ext/1688732426/system_exceptions.o
LOAD build/default/debug/_ext/1688732426/system_tasks.o
LOAD build/default/debug/_ext/1688732426/system_interrupt_a.o
LOAD build/default/debug/_ext/1688732426/rtos_hooks.o
LOAD ..\..\..\..\..\..\..\microchip\harmony\v1_06\bin\framework\peripheral\PIC32MX795F512L_peripherals.a
                0x00000001                __MPLAB_BUILD = 0x1
                0x00000001                __MPLAB_DEBUG = 0x1
                0x00000001                __DEBUG = 0x1
                0x00000001                __MPLAB_DEBUGGER_PK3 = 0x1
                0x00000000                _min_heap_size = 0x0
LOAD c:/program files (x86)/microchip/xc32/v1.40/bin/bin/../../lib/gcc/pic32mx/4.8.3/../../../../pic32mx/lib/./proc/32MX795F512L\default_isr_vectors.o
LOAD c:/program files (x86)/microchip/xc32/v1.40/bin/bin/../../lib/gcc/pic32mx/4.8.3/../../../../pic32mx/lib\pic32_software_reset.o
                0x00000400                PROVIDE (_min_stack_size, 0x400)
LOAD c:/program files (x86)/microchip/xc32/v1.40/bin/bin/../../lib/gcc/pic32mx/4.8.3/../../../../pic32mx/lib/./proc/32MX795F512L\processor.o
START GROUP
LOAD libmchp_peripheral.a
END GROUP
START GROUP
LOAD libmchp_peripheral_32MX795F512L.a
END GROUP
                0x00000001                PROVIDE (_vector_spacing, 0x1)
                0x9fc01000                _ebase_address = 0x9fc01000
                0xbfc00000                _RESET_ADDR = 0xbfc00000
                0xbfc00380                _BEV_EXCPT_ADDR = 0xbfc00380
                0xbfc00480                _DBG_EXCPT_ADDR = 0xbfc00480
                0xbfc02000                _DBG_CODE_ADDR = 0xbfc02000
                0x00000ff0                _DBG_CODE_SIZE = 0xff0
                0x9fc01180                _GEN_EXCPT_ADDR = (_ebase_address + 0x180)

.config_BFC02FF0
                0xbfc02ff0        0x4
 *(.config_BFC02FF0)
 .config_BFC02FF0
                0xbfc02ff0        0x4 build/default/debug/_ext/1688732426/system_init.o

.config_BFC02FF4
                0xbfc02ff4        0x4
 *(.config_BFC02FF4)
 .config_BFC02FF4
                0xbfc02ff4        0x4 build/default/debug/_ext/1688732426/system_init.o

.config_BFC02FF8
                0xbfc02ff8        0x4
 *(.config_BFC02FF8)
 .config_BFC02FF8
                0xbfc02ff8        0x4 build/default/debug/_ext/1688732426/system_init.o

.config_BFC02FFC
                0xbfc02ffc        0x4
 *(.config_BFC02FFC)
 .config_BFC02FFC
                0xbfc02ffc        0x4 build/default/debug/_ext/1688732426/system_init.o
                0xbfc02000                PROVIDE (_DBG_CODE_ADDR, 0xbfc02000)
                0x00000ff0                PROVIDE (_DBG_CODE_SIZE, 0xff0)

.reset          0xbfc00000      0x1f4
 *(.reset)
 .reset         0xbfc00000        0x8 c:/program files (x86)/microchip/xc32/v1.40/bin/bin/../../lib/gcc/pic32mx/4.8.3/../../../../pic32mx/lib/./proc/32MX795F512L/crt0_mips32r2.o
                0xbfc00000                _reset
 *(.reset.startup)
 .reset.startup
                0xbfc00008      0x1ec c:/program files (x86)/microchip/xc32/v1.40/bin/bin/../../lib/gcc/pic32mx/4.8.3/../../../../pic32mx/lib/./proc/32MX795F512L/crt0_mips32r2.o

.bev_excpt      0xbfc00380       0x10
 *(.bev_handler)
 .bev_handler   0xbfc00380       0x10 c:/program files (x86)/microchip/xc32/v1.40/bin/bin/../../lib/gcc/pic32mx/4.8.3/../../../../pic32mx/lib/./proc/32MX795F512L/crt0_mips32r2.o

.dbg_excpt      0xbfc00480        0x0
                0xbfc00480                . = (. + DEFINED (_DEBUGGER)?0x8:0x0)

.dbg_code       0xbfc02000        0x0
                0xbfc02000                . = (. + DEFINED (_DEBUGGER)?_DBG_CODE_SIZE:0x0)

.app_excpt      0x9fc01180       0x10
 *(.gen_handler)
 .gen_handler   0x9fc01180       0x10 c:/program files (x86)/microchip/xc32/v1.40/bin/bin/../../lib/gcc/pic32mx/4.8.3/../../../../pic32mx/lib/./proc/32MX795F512L/crt0_mips32r2.o

.vector_0       0x9fc01200        0x8
 *(.vector_0)
 .vector_0      0x9fc01200        0x8 c:/program files (x86)/microchip/xc32/v1.40/bin/bin/../../lib/gcc/pic32mx/4.8.3/../../../../pic32mx/lib\libpic32.a(vector0.o)
                0x9fc01200                __vector_dispatch_0
                0x00000001                ASSERT (((_vector_spacing == 0x0) || (SIZEOF (.vector_0) <= (_vector_spacing << 0x5))), function at exception vector 0 too large)

.vector_1       0x9fc01220        0x8
 *(.vector_1)
 .vector_1      0x9fc01220        0x8 build/default/debug/_ext/415989026/port.o
                0x9fc01220                __vector_dispatch_1
                0x00000001                ASSERT (((_vector_spacing == 0x0) || (SIZEOF (.vector_1) <= (_vector_spacing << 0x5))), function at exception vector 1 too large)

.vector_2       0x9fc01240        0x8
 *(.vector_2)
 .vector_2      0x9fc01240        0x8 c:/program files (x86)/microchip/xc32/v1.40/bin/bin/../../lib/gcc/pic32mx/4.8.3/../../../../pic32mx/lib\libpic32.a(vector2.o)
                0x9fc01240                __vector_dispatch_2
                0x00000001                ASSERT (((_vector_spacing == 0x0) || (SIZEOF (.vector_2) <= (_vector_spacing << 0x5))), function at exception vector 2 too large)

.vector_3       0x9fc01260        0x8
 *(.vector_3)
 .vector_3      0x9fc01260        0x8 c:/program files (x86)/microchip/xc32/v1.40/bin/bin/../../lib/gcc/pic32mx/4.8.3/../../../../pic32mx/lib\libpic32.a(vector3.o)
                0x9fc01260                __vector_dispatch_3
                0x00000001                ASSERT (((_vector_spacing == 0x0) || (SIZEOF (.vector_3) <= (_vector_spacing << 0x5))), function at exception vector 3 too large)

.vector_4       0x9fc01280        0x8
 *(.vector_4)
 .vector_4      0x9fc01280        0x8 build/default/debug/_ext/415989026/port.o
                0x9fc01280                __vector_dispatch_4
                0x00000001                ASSERT (((_vector_spacing == 0x0) || (SIZEOF (.vector_4) <= (_vector_spacing << 0x5))), function at exception vector 4 too large)

.vector_5       0x9fc012a0        0x8
 *(.vector_5)
 .vector_5      0x9fc012a0        0x8 c:/program files (x86)/microchip/xc32/v1.40/bin/bin/../../lib/gcc/pic32mx/4.8.3/../../../../pic32mx/lib\libpic32.a(vector5.o)
                0x9fc012a0                __vector_dispatch_5
                0x00000001                ASSERT (((_vector_spacing == 0x0) || (SIZEOF (.vector_5) <= (_vector_spacing << 0x5))), function at exception vector 5 too large)

.vector_6       0x9fc012c0        0x8
 *(.vector_6)
 .vector_6      0x9fc012c0        0x8 c:/program files (x86)/microchip/xc32/v1.40/bin/bin/../../lib/gcc/pic32mx/4.8.3/../../../../pic32mx/lib\libpic32.a(vector6.o)
                0x9fc012c0                __vector_dispatch_6
                0x00000001                ASSERT (((_vector_spacing == 0x0) || (SIZEOF (.vector_6) <= (_vector_spacing << 0x5))), function at exception vector 6 too large)

.vector_7       0x9fc012e0       0x10
 *(.vector_7)
 .vector_7      0x9fc012e0       0x10 build/default/debug/_ext/1688732426/system_interrupt_a.o
                0x9fc012e0                __vector_dispatch_7
                0x00000001                ASSERT (((_vector_spacing == 0x0) || (SIZEOF (.vector_7) <= (_vector_spacing << 0x5))), function at exception vector 7 too large)

.vector_8       0x9fc01300        0x8
 *(.vector_8)
 .vector_8      0x9fc01300        0x8 c:/program files (x86)/microchip/xc32/v1.40/bin/bin/../../lib/gcc/pic32mx/4.8.3/../../../../pic32mx/lib\libpic32.a(vector8.o)
                0x9fc01300                __vector_dispatch_8
                0x00000001                ASSERT (((_vector_spacing == 0x0) || (SIZEOF (.vector_8) <= (_vector_spacing << 0x5))), function at exception vector 8 too large)

.vector_9       0x9fc01320        0x8
 *(.vector_9)
 .vector_9      0x9fc01320        0x8 c:/program files (x86)/microchip/xc32/v1.40/bin/bin/../../lib/gcc/pic32mx/4.8.3/../../../../pic32mx/lib\libpic32.a(vector9.o)
                0x9fc01320                __vector_dispatch_9
                0x00000001                ASSERT (((_vector_spacing == 0x0) || (SIZEOF (.vector_9) <= (_vector_spacing << 0x5))), function at exception vector 9 too large)

.vector_10      0x9fc01340        0x8
 *(.vector_10)
 .vector_10     0x9fc01340        0x8 c:/program files (x86)/microchip/xc32/v1.40/bin/bin/../../lib/gcc/pic32mx/4.8.3/../../../../pic32mx/lib\libpic32.a(vector10.o)
                0x9fc01340                __vector_dispatch_10
                0x00000001                ASSERT (((_vector_spacing == 0x0) || (SIZEOF (.vector_10) <= (_vector_spacing << 0x5))), function at exception vector 10 too large)

.vector_11      0x9fc01360       0x10
 *(.vector_11)
 .vector_11     0x9fc01360       0x10 build/default/debug/_ext/1688732426/system_interrupt_a.o
                0x9fc01360                __vector_dispatch_11
                0x00000001                ASSERT (((_vector_spacing == 0x0) || (SIZEOF (.vector_11) <= (_vector_spacing << 0x5))), function at exception vector 11 too large)

.vector_12      0x9fc01380       0x10
 *(.vector_12)
 .vector_12     0x9fc01380       0x10 build/default/debug/_ext/1688732426/system_interrupt_a.o
                0x9fc01380                __vector_dispatch_12
                0x00000001                ASSERT (((_vector_spacing == 0x0) || (SIZEOF (.vector_12) <= (_vector_spacing << 0x5))), function at exception vector 12 too large)

.vector_13      0x9fc013a0        0x8
 *(.vector_13)
 .vector_13     0x9fc013a0        0x8 c:/program files (x86)/microchip/xc32/v1.40/bin/bin/../../lib/gcc/pic32mx/4.8.3/../../../../pic32mx/lib\libpic32.a(vector13.o)
                0x9fc013a0                __vector_dispatch_13
                0x00000001                ASSERT (((_vector_spacing == 0x0) || (SIZEOF (.vector_13) <= (_vector_spacing << 0x5))), function at exception vector 13 too large)

.vector_14      0x9fc013c0        0x8
 *(.vector_14)
 .vector_14     0x9fc013c0        0x8 c:/program files (x86)/microchip/xc32/v1.40/bin/bin/../../lib/gcc/pic32mx/4.8.3/../../../../pic32mx/lib\libpic32.a(vector14.o)
                0x9fc013c0                __vector_dispatch_14
                0x00000001                ASSERT (((_vector_spacing == 0x0) || (SIZEOF (.vector_14) <= (_vector_spacing << 0x5))), function at exception vector 14 too large)

.vector_15      0x9fc013e0        0x8
 *(.vector_15)
 .vector_15     0x9fc013e0        0x8 c:/program files (x86)/microchip/xc32/v1.40/bin/bin/../../lib/gcc/pic32mx/4.8.3/../../../../pic32mx/lib\libpic32.a(vector15.o)
                0x9fc013e0                __vector_dispatch_15
                0x00000001                ASSERT (((_vector_spacing == 0x0) || (SIZEOF (.vector_15) <= (_vector_spacing << 0x5))), function at exception vector 15 too large)

.vector_16      0x9fc01400        0x8
 *(.vector_16)
 .vector_16     0x9fc01400        0x8 c:/program files (x86)/microchip/xc32/v1.40/bin/bin/../../lib/gcc/pic32mx/4.8.3/../../../../pic32mx/lib\libpic32.a(vector16.o)
                0x9fc01400                __vector_dispatch_16
                0x00000001                ASSERT (((_vector_spacing == 0x0) || (SIZEOF (.vector_16) <= (_vector_spacing << 0x5))), function at exception vector 16 too large)

.vector_17      0x9fc01420        0x8
 *(.vector_17)
 .vector_17     0x9fc01420        0x8 c:/program files (x86)/microchip/xc32/v1.40/bin/bin/../../lib/gcc/pic32mx/4.8.3/../../../../pic32mx/lib\libpic32.a(vector17.o)
                0x9fc01420                __vector_dispatch_17
                0x00000001                ASSERT (((_vector_spacing == 0x0) || (SIZEOF (.vector_17) <= (_vector_spacing << 0x5))), function at exception vector 17 too large)

.vector_18      0x9fc01440        0x8
 *(.vector_18)
 .vector_18     0x9fc01440        0x8 c:/program files (x86)/microchip/xc32/v1.40/bin/bin/../../lib/gcc/pic32mx/4.8.3/../../../../pic32mx/lib\libpic32.a(vector18.o)
                0x9fc01440                __vector_dispatch_18
                0x00000001                ASSERT (((_vector_spacing == 0x0) || (SIZEOF (.vector_18) <= (_vector_spacing << 0x5))), function at exception vector 18 too large)

.vector_19      0x9fc01460        0x8
 *(.vector_19)
 .vector_19     0x9fc01460        0x8 c:/program files (x86)/microchip/xc32/v1.40/bin/bin/../../lib/gcc/pic32mx/4.8.3/../../../../pic32mx/lib\libpic32.a(vector19.o)
                0x9fc01460                __vector_dispatch_19
                0x00000001                ASSERT (((_vector_spacing == 0x0) || (SIZEOF (.vector_19) <= (_vector_spacing << 0x5))), function at exception vector 19 too large)

.vector_20      0x9fc01480        0x8
 *(.vector_20)
 .vector_20     0x9fc01480        0x8 c:/program files (x86)/microchip/xc32/v1.40/bin/bin/../../lib/gcc/pic32mx/4.8.3/../../../../pic32mx/lib\libpic32.a(vector20.o)
                0x9fc01480                __vector_dispatch_20
                0x00000001                ASSERT (((_vector_spacing == 0x0) || (SIZEOF (.vector_20) <= (_vector_spacing << 0x5))), function at exception vector 20 too large)

.vector_21      0x9fc014a0        0x8
 *(.vector_21)
 .vector_21     0x9fc014a0        0x8 c:/program files (x86)/microchip/xc32/v1.40/bin/bin/../../lib/gcc/pic32mx/4.8.3/../../../../pic32mx/lib\libpic32.a(vector21.o)
                0x9fc014a0                __vector_dispatch_21
                0x00000001                ASSERT (((_vector_spacing == 0x0) || (SIZEOF (.vector_21) <= (_vector_spacing << 0x5))), function at exception vector 21 too large)

.vector_22      0x9fc014c0        0x8
 *(.vector_22)
 .vector_22     0x9fc014c0        0x8 c:/program files (x86)/microchip/xc32/v1.40/bin/bin/../../lib/gcc/pic32mx/4.8.3/../../../../pic32mx/lib\libpic32.a(vector22.o)
                0x9fc014c0                __vector_dispatch_22
                0x00000001                ASSERT (((_vector_spacing == 0x0) || (SIZEOF (.vector_22) <= (_vector_spacing << 0x5))), function at exception vector 22 too large)

.vector_23      0x9fc014e0        0x8
 *(.vector_23)
 .vector_23     0x9fc014e0        0x8 c:/program files (x86)/microchip/xc32/v1.40/bin/bin/../../lib/gcc/pic32mx/4.8.3/../../../../pic32mx/lib\libpic32.a(vector23.o)
                0x9fc014e0                __vector_dispatch_23
                0x00000001                ASSERT (((_vector_spacing == 0x0) || (SIZEOF (.vector_23) <= (_vector_spacing << 0x5))), function at exception vector 23 too large)

.vector_24      0x9fc01500        0x8
 *(.vector_24)
 .vector_24     0x9fc01500        0x8 c:/program files (x86)/microchip/xc32/v1.40/bin/bin/../../lib/gcc/pic32mx/4.8.3/../../../../pic32mx/lib\libpic32.a(vector24.o)
                0x9fc01500                __vector_dispatch_24
                0x00000001                ASSERT (((_vector_spacing == 0x0) || (SIZEOF (.vector_24) <= (_vector_spacing << 0x5))), function at exception vector 24 too large)

.vector_25      0x9fc01520        0x8
 *(.vector_25)
 .vector_25     0x9fc01520        0x8 c:/program files (x86)/microchip/xc32/v1.40/bin/bin/../../lib/gcc/pic32mx/4.8.3/../../../../pic32mx/lib\libpic32.a(vector25.o)
                0x9fc01520                __vector_dispatch_25
                0x00000001                ASSERT (((_vector_spacing == 0x0) || (SIZEOF (.vector_25) <= (_vector_spacing << 0x5))), function at exception vector 25 too large)

.vector_26      0x9fc01540        0x8
 *(.vector_26)
 .vector_26     0x9fc01540        0x8 c:/program files (x86)/microchip/xc32/v1.40/bin/bin/../../lib/gcc/pic32mx/4.8.3/../../../../pic32mx/lib\libpic32.a(vector26.o)
                0x9fc01540                __vector_dispatch_26
                0x00000001                ASSERT (((_vector_spacing == 0x0) || (SIZEOF (.vector_26) <= (_vector_spacing << 0x5))), function at exception vector 26 too large)

.vector_27      0x9fc01560       0x10
 *(.vector_27)
 .vector_27     0x9fc01560       0x10 build/default/debug/_ext/1688732426/system_interrupt_a.o
                0x9fc01560                __vector_dispatch_27
                0x00000001                ASSERT (((_vector_spacing == 0x0) || (SIZEOF (.vector_27) <= (_vector_spacing << 0x5))), function at exception vector 27 too large)

.vector_28      0x9fc01580        0x8
 *(.vector_28)
 .vector_28     0x9fc01580        0x8 c:/program files (x86)/microchip/xc32/v1.40/bin/bin/../../lib/gcc/pic32mx/4.8.3/../../../../pic32mx/lib\libpic32.a(vector28.o)
                0x9fc01580                __vector_dispatch_28
                0x00000001                ASSERT (((_vector_spacing == 0x0) || (SIZEOF (.vector_28) <= (_vector_spacing << 0x5))), function at exception vector 28 too large)

.vector_29      0x9fc015a0        0x8
 *(.vector_29)
 .vector_29     0x9fc015a0        0x8 c:/program files (x86)/microchip/xc32/v1.40/bin/bin/../../lib/gcc/pic32mx/4.8.3/../../../../pic32mx/lib\libpic32.a(vector29.o)
                0x9fc015a0                __vector_dispatch_29
                0x00000001                ASSERT (((_vector_spacing == 0x0) || (SIZEOF (.vector_29) <= (_vector_spacing << 0x5))), function at exception vector 29 too large)

.vector_30      0x9fc015c0        0x8
 *(.vector_30)
 .vector_30     0x9fc015c0        0x8 c:/program files (x86)/microchip/xc32/v1.40/bin/bin/../../lib/gcc/pic32mx/4.8.3/../../../../pic32mx/lib\libpic32.a(vector30.o)
                0x9fc015c0                __vector_dispatch_30
                0x00000001                ASSERT (((_vector_spacing == 0x0) || (SIZEOF (.vector_30) <= (_vector_spacing << 0x5))), function at exception vector 30 too large)

.vector_31      0x9fc015e0        0x8
 *(.vector_31)
 .vector_31     0x9fc015e0        0x8 c:/program files (x86)/microchip/xc32/v1.40/bin/bin/../../lib/gcc/pic32mx/4.8.3/../../../../pic32mx/lib\libpic32.a(vector31.o)
                0x9fc015e0                __vector_dispatch_31
                0x00000001                ASSERT (((_vector_spacing == 0x0) || (SIZEOF (.vector_31) <= (_vector_spacing << 0x5))), function at exception vector 31 too large)

.vector_32      0x9fc01600        0x8
 *(.vector_32)
 .vector_32     0x9fc01600        0x8 c:/program files (x86)/microchip/xc32/v1.40/bin/bin/../../lib/gcc/pic32mx/4.8.3/../../../../pic32mx/lib\libpic32.a(vector32.o)
                0x9fc01600                __vector_dispatch_32
                0x00000001                ASSERT (((_vector_spacing == 0x0) || (SIZEOF (.vector_32) <= (_vector_spacing << 0x5))), function at exception vector 32 too large)

.vector_33      0x9fc01620        0x8
 *(.vector_33)
 .vector_33     0x9fc01620        0x8 c:/program files (x86)/microchip/xc32/v1.40/bin/bin/../../lib/gcc/pic32mx/4.8.3/../../../../pic32mx/lib\libpic32.a(vector33.o)
                0x9fc01620                __vector_dispatch_33
                0x00000001                ASSERT (((_vector_spacing == 0x0) || (SIZEOF (.vector_33) <= (_vector_spacing << 0x5))), function at exception vector 33 too large)

.vector_34      0x9fc01640        0x8
 *(.vector_34)
 .vector_34     0x9fc01640        0x8 c:/program files (x86)/microchip/xc32/v1.40/bin/bin/../../lib/gcc/pic32mx/4.8.3/../../../../pic32mx/lib\libpic32.a(vector34.o)
                0x9fc01640                __vector_dispatch_34
                0x00000001                ASSERT (((_vector_spacing == 0x0) || (SIZEOF (.vector_34) <= (_vector_spacing << 0x5))), function at exception vector 34 too large)

.vector_35      0x9fc01660        0x8
 *(.vector_35)
 .vector_35     0x9fc01660        0x8 c:/program files (x86)/microchip/xc32/v1.40/bin/bin/../../lib/gcc/pic32mx/4.8.3/../../../../pic32mx/lib\libpic32.a(vector35.o)
                0x9fc01660                __vector_dispatch_35
                0x00000001                ASSERT (((_vector_spacing == 0x0) || (SIZEOF (.vector_35) <= (_vector_spacing << 0x5))), function at exception vector 35 too large)

.vector_36      0x9fc01680        0x8
 *(.vector_36)
 .vector_36     0x9fc01680        0x8 c:/program files (x86)/microchip/xc32/v1.40/bin/bin/../../lib/gcc/pic32mx/4.8.3/../../../../pic32mx/lib\libpic32.a(vector36.o)
                0x9fc01680                __vector_dispatch_36
                0x00000001                ASSERT (((_vector_spacing == 0x0) || (SIZEOF (.vector_36) <= (_vector_spacing << 0x5))), function at exception vector 36 too large)

.vector_37      0x9fc016a0        0x8
 *(.vector_37)
 .vector_37     0x9fc016a0        0x8 c:/program files (x86)/microchip/xc32/v1.40/bin/bin/../../lib/gcc/pic32mx/4.8.3/../../../../pic32mx/lib\libpic32.a(vector37.o)
                0x9fc016a0                __vector_dispatch_37
                0x00000001                ASSERT (((_vector_spacing == 0x0) || (SIZEOF (.vector_37) <= (_vector_spacing << 0x5))), function at exception vector 37 too large)

.vector_38      0x9fc016c0        0x8
 *(.vector_38)
 .vector_38     0x9fc016c0        0x8 c:/program files (x86)/microchip/xc32/v1.40/bin/bin/../../lib/gcc/pic32mx/4.8.3/../../../../pic32mx/lib\libpic32.a(vector38.o)
                0x9fc016c0                __vector_dispatch_38
                0x00000001                ASSERT (((_vector_spacing == 0x0) || (SIZEOF (.vector_38) <= (_vector_spacing << 0x5))), function at exception vector 38 too large)

.vector_39      0x9fc016e0        0x8
 *(.vector_39)
 .vector_39     0x9fc016e0        0x8 c:/program files (x86)/microchip/xc32/v1.40/bin/bin/../../lib/gcc/pic32mx/4.8.3/../../../../pic32mx/lib\libpic32.a(vector39.o)
                0x9fc016e0                __vector_dispatch_39
                0x00000001                ASSERT (((_vector_spacing == 0x0) || (SIZEOF (.vector_39) <= (_vector_spacing << 0x5))), function at exception vector 39 too large)

.vector_40      0x9fc01700        0x8
 *(.vector_40)
 .vector_40     0x9fc01700        0x8 c:/program files (x86)/microchip/xc32/v1.40/bin/bin/../../lib/gcc/pic32mx/4.8.3/../../../../pic32mx/lib\libpic32.a(vector40.o)
                0x9fc01700                __vector_dispatch_40
                0x00000001                ASSERT (((_vector_spacing == 0x0) || (SIZEOF (.vector_40) <= (_vector_spacing << 0x5))), function at exception vector 40 too large)

.vector_41      0x9fc01720        0x8
 *(.vector_41)
 .vector_41     0x9fc01720        0x8 c:/program files (x86)/microchip/xc32/v1.40/bin/bin/../../lib/gcc/pic32mx/4.8.3/../../../../pic32mx/lib\libpic32.a(vector41.o)
                0x9fc01720                __vector_dispatch_41
                0x00000001                ASSERT (((_vector_spacing == 0x0) || (SIZEOF (.vector_41) <= (_vector_spacing << 0x5))), function at exception vector 41 too large)

.vector_42      0x9fc01740        0x8
 *(.vector_42)
 .vector_42     0x9fc01740        0x8 c:/program files (x86)/microchip/xc32/v1.40/bin/bin/../../lib/gcc/pic32mx/4.8.3/../../../../pic32mx/lib\libpic32.a(vector42.o)
                0x9fc01740                __vector_dispatch_42
                0x00000001                ASSERT (((_vector_spacing == 0x0) || (SIZEOF (.vector_42) <= (_vector_spacing << 0x5))), function at exception vector 42 too large)

.vector_43      0x9fc01760        0x8
 *(.vector_43)
 .vector_43     0x9fc01760        0x8 c:/program files (x86)/microchip/xc32/v1.40/bin/bin/../../lib/gcc/pic32mx/4.8.3/../../../../pic32mx/lib\libpic32.a(vector43.o)
                0x9fc01760                __vector_dispatch_43
                0x00000001                ASSERT (((_vector_spacing == 0x0) || (SIZEOF (.vector_43) <= (_vector_spacing << 0x5))), function at exception vector 43 too large)

.vector_44      0x9fc01780        0x8
 *(.vector_44)
 .vector_44     0x9fc01780        0x8 c:/program files (x86)/microchip/xc32/v1.40/bin/bin/../../lib/gcc/pic32mx/4.8.3/../../../../pic32mx/lib\libpic32.a(vector44.o)
                0x9fc01780                __vector_dispatch_44
                0x00000001                ASSERT (((_vector_spacing == 0x0) || (SIZEOF (.vector_44) <= (_vector_spacing << 0x5))), function at exception vector 44 too large)

.vector_45      0x9fc017a0        0x8
 *(.vector_45)
 .vector_45     0x9fc017a0        0x8 c:/program files (x86)/microchip/xc32/v1.40/bin/bin/../../lib/gcc/pic32mx/4.8.3/../../../../pic32mx/lib\libpic32.a(vector45.o)
                0x9fc017a0                __vector_dispatch_45
                0x00000001                ASSERT (((_vector_spacing == 0x0) || (SIZEOF (.vector_45) <= (_vector_spacing << 0x5))), function at exception vector 45 too large)

.vector_46      0x9fc017c0        0x8
 *(.vector_46)
 .vector_46     0x9fc017c0        0x8 c:/program files (x86)/microchip/xc32/v1.40/bin/bin/../../lib/gcc/pic32mx/4.8.3/../../../../pic32mx/lib\libpic32.a(vector46.o)
                0x9fc017c0                __vector_dispatch_46
                0x00000001                ASSERT (((_vector_spacing == 0x0) || (SIZEOF (.vector_46) <= (_vector_spacing << 0x5))), function at exception vector 46 too large)

.vector_47      0x9fc017e0        0x8
 *(.vector_47)
 .vector_47     0x9fc017e0        0x8 c:/program files (x86)/microchip/xc32/v1.40/bin/bin/../../lib/gcc/pic32mx/4.8.3/../../../../pic32mx/lib\libpic32.a(vector47.o)
                0x9fc017e0                __vector_dispatch_47
                0x00000001                ASSERT (((_vector_spacing == 0x0) || (SIZEOF (.vector_47) <= (_vector_spacing << 0x5))), function at exception vector 47 too large)

.vector_48      0x9fc01800        0x8
 *(.vector_48)
 .vector_48     0x9fc01800        0x8 c:/program files (x86)/microchip/xc32/v1.40/bin/bin/../../lib/gcc/pic32mx/4.8.3/../../../../pic32mx/lib\libpic32.a(vector48.o)
                0x9fc01800                __vector_dispatch_48
                0x00000001                ASSERT (((_vector_spacing == 0x0) || (SIZEOF (.vector_48) <= (_vector_spacing << 0x5))), function at exception vector 48 too large)

.vector_49      0x9fc01820        0x8
 *(.vector_49)
 .vector_49     0x9fc01820        0x8 c:/program files (x86)/microchip/xc32/v1.40/bin/bin/../../lib/gcc/pic32mx/4.8.3/../../../../pic32mx/lib\libpic32.a(vector49.o)
                0x9fc01820                __vector_dispatch_49
                0x00000001                ASSERT (((_vector_spacing == 0x0) || (SIZEOF (.vector_49) <= (_vector_spacing << 0x5))), function at exception vector 49 too large)

.vector_50      0x9fc01840        0x8
 *(.vector_50)
 .vector_50     0x9fc01840        0x8 c:/program files (x86)/microchip/xc32/v1.40/bin/bin/../../lib/gcc/pic32mx/4.8.3/../../../../pic32mx/lib\libpic32.a(vector50.o)
                0x9fc01840                __vector_dispatch_50
                0x00000001                ASSERT (((_vector_spacing == 0x0) || (SIZEOF (.vector_50) <= (_vector_spacing << 0x5))), function at exception vector 50 too large)

.vector_51      0x9fc01860        0x8
 *(.vector_51)
 .vector_51     0x9fc01860        0x8 c:/program files (x86)/microchip/xc32/v1.40/bin/bin/../../lib/gcc/pic32mx/4.8.3/../../../../pic32mx/lib\libpic32.a(vector51.o)
                0x9fc01860                __vector_dispatch_51
                0x00000001                ASSERT (((_vector_spacing == 0x0) || (SIZEOF (.vector_51) <= (_vector_spacing << 0x5))), function at exception vector 51 too large)

.vector_52      0x9fc01880        0x0
 *(.vector_52)
                0x00000001                ASSERT (((_vector_spacing == 0x0) || (SIZEOF (.vector_52) <= (_vector_spacing << 0x5))), function at exception vector 52 too large)

.vector_53      0x9fc018a0        0x0
 *(.vector_53)
                0x00000001                ASSERT (((_vector_spacing == 0x0) || (SIZEOF (.vector_53) <= (_vector_spacing << 0x5))), function at exception vector 53 too large)

.vector_54      0x9fc018c0        0x0
 *(.vector_54)
                0x00000001                ASSERT (((_vector_spacing == 0x0) || (SIZEOF (.vector_54) <= (_vector_spacing << 0x5))), function at exception vector 54 too large)

.vector_55      0x9fc018e0        0x0
 *(.vector_55)
                0x00000001                ASSERT (((_vector_spacing == 0x0) || (SIZEOF (.vector_55) <= (_vector_spacing << 0x5))), function at exception vector 55 too large)

.vector_56      0x9fc01900        0x0
 *(.vector_56)
                0x00000001                ASSERT (((_vector_spacing == 0x0) || (SIZEOF (.vector_56) <= (_vector_spacing << 0x5))), function at exception vector 56 too large)

.vector_57      0x9fc01920        0x0
 *(.vector_57)
                0x00000001                ASSERT (((_vector_spacing == 0x0) || (SIZEOF (.vector_57) <= (_vector_spacing << 0x5))), function at exception vector 57 too large)

.vector_58      0x9fc01940        0x0
 *(.vector_58)
                0x00000001                ASSERT (((_vector_spacing == 0x0) || (SIZEOF (.vector_58) <= (_vector_spacing << 0x5))), function at exception vector 58 too large)

.vector_59      0x9fc01960        0x0
 *(.vector_59)
                0x00000001                ASSERT (((_vector_spacing == 0x0) || (SIZEOF (.vector_59) <= (_vector_spacing << 0x5))), function at exception vector 59 too large)

.vector_60      0x9fc01980        0x0
 *(.vector_60)
                0x00000001                ASSERT (((_vector_spacing == 0x0) || (SIZEOF (.vector_60) <= (_vector_spacing << 0x5))), function at exception vector 60 too large)

.vector_61      0x9fc019a0        0x0
 *(.vector_61)
                0x00000001                ASSERT (((_vector_spacing == 0x0) || (SIZEOF (.vector_61) <= (_vector_spacing << 0x5))), function at exception vector 61 too large)

.vector_62      0x9fc019c0        0x0
 *(.vector_62)
                0x00000001                ASSERT (((_vector_spacing == 0x0) || (SIZEOF (.vector_62) <= (_vector_spacing << 0x5))), function at exception vector 62 too large)

.vector_63      0x9fc019e0        0x0
 *(.vector_63)
                0x00000001                ASSERT (((_vector_spacing == 0x0) || (SIZEOF (.vector_63) <= (_vector_spacing << 0x5))), function at exception vector 63 too large)

.startup
 *(.startup)

.text           0x9d000000        0x0
 *(.stub .gnu.linkonce.t.*)
 *(.text.*personality*)
 *(.mips16.fn.*)
 *(.mips16.call.*)
 *(.gnu.warning)
                0x9d000000                . = ALIGN (0x4)

.init           0x9d000000        0x0
 *crti.o(.init)
 *crtbegin.o(.init)
 *(EXCLUDE_FILE(*crtn.o *crtend?.o *crtend.o) .init)
 *crtend.o(.init)
 *crtn.o(.init)
                0x9d000000                . = ALIGN (0x4)

.fini           0x9d000000        0x0
 *(.fini)
                0x9d000000                . = ALIGN (0x4)

.preinit_array  0x9d000000        0x0
                0x9d000000                PROVIDE (__preinit_array_start, .)
 *(.preinit_array)
                0x9d000000                PROVIDE (__preinit_array_end, .)
                0x9d000000                . = ALIGN (0x4)

.init_array     0x9d000000        0x0
                0x9d000000                PROVIDE (__init_array_start, .)
 *(SORT(.init_array.*))
 *(.init_array)
                0x9d000000                PROVIDE (__init_array_end, .)
                0x9d000000                . = ALIGN (0x4)

.fini_array     0x9d000000        0x0
                0x9d000000                PROVIDE (__fini_array_start, .)
 *(SORT(.fini_array.*))
 *(.fini_array)
                0x9d000000                PROVIDE (__fini_array_end, .)
                0x9d000000                . = ALIGN (0x4)

.ctors          0x9d000000        0x0
 *crtbegin.o(.ctors)
 *crtbegin?.o(.ctors)
 *(EXCLUDE_FILE(*crtend?.o *crtend.o) .ctors)
 *(SORT(.ctors.*))
 *(.ctors)
                0x9d000000                . = ALIGN (0x4)

.dtors          0x9d000000        0x0
 *crtbegin.o(.dtors)
 *crtbegin?.o(.dtors)
 *(EXCLUDE_FILE(*crtend?.o *crtend.o) .dtors)
 *(SORT(.dtors.*))
 *(.dtors)
                0x9d000000                . = ALIGN (0x4)

.rodata         0x9d000000        0x0
 *(.gnu.linkonce.r.*)
 *(.rodata1)
                0x9d000000                . = ALIGN (0x4)

.sdata2         0x9fc00490        0x0
 *(.sdata2 .sdata2.* .gnu.linkonce.s2.*)
                0x9fc00490                . = ALIGN (0x4)

.sbss2          0x9fc00490        0x0
 *(.sbss2 .sbss2.* .gnu.linkonce.sb2.*)
                0x9fc00490                . = ALIGN (0x4)

.eh_frame_hdr
 *(.eh_frame_hdr)
                0x9fc00490                . = ALIGN (0x4)

.eh_frame
 *(.eh_frame)
                0x9fc00490                . = ALIGN (0x4)

.gcc_except_table
 *(.gcc_except_table .gcc_except_table.*)
                0x9fc00490                . = ALIGN (0x4)

.dbg_data       0xa0000200        0x0
                0xa0000200                . = (. + DEFINED (_DEBUGGER)?0x200:0x0)

.jcr            0xa0000200        0x0
 *(.jcr)
                0xa0000200                . = ALIGN (0x4)

.eh_frame
 *(.eh_frame)
                0xa0000200                . = ALIGN (0x4)

.gcc_except_table
 *(.gcc_except_table .gcc_except_table.*)
                0xa0000200                . = ALIGN (0x4)

.persist        0xa0000200        0x0
                0xa0000200                _persist_begin = .
 *(.persist .persist.*)
 *(.pbss .pbss.*)
                0xa0000200                . = ALIGN (0x4)
                0xa0000200                _persist_end = .

.data           0xa0000200        0x0
 *(.gnu.linkonce.d.*)
 *(.data1)
                0xa0000200                . = ALIGN (0x4)
                0xa0000200                . = .
                0xa00081f0                _gp = (ALIGN (0x10) + 0x7ff0)

.got            0xa0000200        0x0
 *(.got.plt)
 *(.got)
                0xa0000200                . = ALIGN (0x4)

.sdata          0xa0000200       0x14
                0xa0000200                _sdata_begin = .
 *(.sdata .sdata.* .gnu.linkonce.s.*)
 .sdata         0xa0000200        0x8 build/default/debug/_ext/1360937237/Coms.o
                0xa0000200                stringPointer
                0xa0000204                tempPointer
 .sdata         0xa0000208        0x4 build/default/debug/_ext/1834516116/tasks.o
                0xa0000208                xNextTaskUnblockTime
 .sdata         0xa000020c        0x4 build/default/debug/_ext/415989026/port.o
                0xa000020c                uxInterruptNesting
 .sdata         0xa0000210        0x4 c:/program files (x86)/microchip/xc32/v1.40/bin/bin/../../lib/gcc/pic32mx/4.8.3/../../../../pic32mx/lib\libpic32.a(xc32_uart.o)
                0xa0000210                __XC_UART
                0xa0000214                . = ALIGN (0x4)
                0xa0000214                _sdata_end = .

.lit8
 *(.lit8)

.lit4
 *(.lit4)
                0xa0000214                . = ALIGN (0x4)
                0xa0000214                _data_end = .
                0xa0000214                _bss_begin = .

.sbss           0xa0000214       0xc4
                0xa0000214                _sbss_begin = .
 *(.dynsbss)
 *(.sbss .sbss.* .gnu.linkonce.sb.*)
 .sbss          0xa0000214        0x4 build/default/debug/_ext/1360937237/app.o
                0xa0000214                xTimerHandle
 .sbss          0xa0000218       0x38 build/default/debug/_ext/1360937237/Sensors.o
                0xa0000218                FrontRightSensor
                0xa000021c                FrontRightSensorCM
                0xa0000220                FrontLeftSensor
                0xa0000224                FrontLeftSensorCM
                0xa0000228                BackRightSensor
                0xa000022c                BackRightSensorCM
                0xa0000230                BackLeftSensor
                0xa0000234                BackLeftSensorCM
                0xa0000238                ForwardLeftSensor
                0xa000023c                ForwardLeftSensorCM
                0xa0000240                ForwardCenterSensor
                0xa0000244                ForwardCenterSensorCM
                0xa0000248                ForwardRightSensor
                0xa000024c                ForwardRightSensorCM
 .sbss          0xa0000250        0x2 build/default/debug/_ext/589191024/drv_usart_buffer_queue.o
 *fill*         0xa0000252        0x2 
 .sbss          0xa0000254       0x2c build/default/debug/_ext/1834516116/tasks.o
                0xa0000254                pxCurrentTCB
                0xa0000258                uxTasksDeleted
                0xa000025c                uxCurrentNumberOfTasks
                0xa0000260                xTickCount
                0xa0000264                uxTopReadyPriority
                0xa0000268                xSchedulerRunning
                0xa000026c                uxPendedTicks
                0xa0000270                xYieldPending
                0xa0000274                xNumOfOverflows
                0xa0000278                uxTaskNumber
                0xa000027c                uxSchedulerSuspended
 .sbss          0xa0000280       0x10 build/default/debug/_ext/1834516116/timers.o
 .sbss          0xa0000290        0x8 build/default/debug/_ext/471252175/heap_1.o
 .sbss          0xa0000298        0x4 build/default/debug/_ext/415989026/port.o
                0xa0000298                uxSavedTaskStackPointer
 .sbss          0xa000029c        0x8 build/default/debug/_ext/1688732426/system_interrupt.o
                0xa000029c                sensorCounter
                0xa00002a0                dataAvg
 .sbss          0xa00002a4        0xc build/default/debug/_ext/1688732426/system_exceptions.o
 *(.scommon)
 .scommon       0xa00002b0        0x4 build/default/debug/_ext/1360937237/FindAndFollow.o
                0xa00002b0                leadermodeflag
 .scommon       0xa00002b4       0x10 build/default/debug/_ext/1360937237/Sensors.o
                0xa00002b4                RS
                0xa00002b8                LS
                0xa00002bc                FS
                0xa00002c0                BS
 .scommon       0xa00002c4        0x4 build/default/debug/_ext/1360937237/Motors.o
                0xa00002c4                NUM_ENCODER_TICKS
 .scommon       0xa00002c8        0x8 build/default/debug/_ext/59525387/sys_devcon.o
                0xa00002c8                sysDevconObj
 .scommon       0xa00002d0        0x8 build/default/debug/_ext/1834516116/tasks.o
                0xa00002d0                pxDelayedTaskList
                0xa00002d4                pxOverflowDelayedTaskList
                0xa00002d8                _sbss_end = .
                0xa00002d8                . = ALIGN (0x4)

.bss            0xa00002d8      0x788
 *(.dynbss)
 *(COMMON)
 COMMON         0xa00002d8      0x60c build/default/debug/_ext/1360937237/Coms.o
                0xa00002d8                motorsData
                0xa0000838                comsData
                0xa0000864                sensorsData
                0xa00008b4                findandfollowData
 COMMON         0xa00008e4       0xa8 build/default/debug/_ext/589191024/drv_usart.o
                0xa00008e4                gDrvUSARTCommonDataObj
                0xa00008f0                gDrvUSARTClientObj
                0xa0000938                gDrvUSARTObj
 COMMON         0xa000098c       0xc8 build/default/debug/_ext/1834516116/tasks.o
                0xa000098c                pxReadyTasksLists
                0xa00009f0                xPendingReadyList
                0xa0000a04                xTasksWaitingTermination
                0xa0000a18                xSuspendedTaskList
                0xa0000a2c                xDelayedTaskList2
                0xa0000a40                xDelayedTaskList1
 COMMON         0xa0000a54        0xc build/default/debug/_ext/1688732426/system_init.o
                0xa0000a54                sysObj
                0xa0000a60                . = ALIGN ((. != 0x0)?0x4:0x1)
                0xa0000a60                . = ALIGN (0x4)
                0xa0000a60                _end = .
                0xa0000a60                _bss_end = .
                0x00020000                _bmxdudba_address = 0x20000
                0x00020000                _bmxdupba_address = 0x20000

/DISCARD/
 *(.pdr)
 *(.rel.dyn)
 *(.note.GNU-stack)
 *(.note.GNU-stack)
 *(.gnu_debuglink)
 *(.gnu.lto_*)
 *(.discard)

.gptab.sdata
 *(.gptab.data)
 *(.gptab.sdata)

.gptab.sbss
 *(.gptab.bss)
 *(.gptab.sbss)

.mdebug.abi32   0xa0000a60        0x0
 *(.mdebug.abi32)
 .mdebug.abi32  0xa0000a60        0x0 c:/program files (x86)/microchip/xc32/v1.40/bin/bin/../../lib/gcc/pic32mx/4.8.3/../../../../pic32mx/lib\software-debug-break.o
 .mdebug.abi32  0xa0000a60        0x0 build/default/debug/_ext/1360937237/app.o
 .mdebug.abi32  0xa0000a60        0x0 build/default/debug/_ext/1360937237/main.o
 .mdebug.abi32  0xa0000a60        0x0 build/default/debug/_ext/1360937237/Coms.o
 .mdebug.abi32  0xa0000a60        0x0 build/default/debug/_ext/1360937237/FindAndFollow.o
 .mdebug.abi32  0xa0000a60        0x0 build/default/debug/_ext/1360937237/Sensors.o
 .mdebug.abi32  0xa0000a60        0x0 build/default/debug/_ext/1360937237/Motors.o
 .mdebug.abi32  0xa0000a60        0x0 build/default/debug/_ext/1360937237/PacketManip.o
 .mdebug.abi32  0xa0000a60        0x0 build/default/debug/_ext/589191024/drv_usart.o
 .mdebug.abi32  0xa0000a60        0x0 build/default/debug/_ext/589191024/drv_usart_buffer_queue.o
 .mdebug.abi32  0xa0000a60        0x0 build/default/debug/_ext/589191024/drv_usart_read_write.o
 .mdebug.abi32  0xa0000a60        0x0 build/default/debug/_ext/1645233519/osal_freertos.o
 .mdebug.abi32  0xa0000a60        0x0 build/default/debug/_ext/59525387/sys_devcon.o
 .mdebug.abi32  0xa0000a60        0x0 build/default/debug/_ext/59525387/sys_devcon_pic32mx.o
 .mdebug.abi32  0xa0000a60        0x0 build/default/debug/_ext/1713828911/sys_int_pic32.o
 .mdebug.abi32  0xa0000a60        0x0 build/default/debug/_ext/156848948/sys_ports.o
 .mdebug.abi32  0xa0000a60        0x0 build/default/debug/_ext/1047663089/sys_reset.o
 .mdebug.abi32  0xa0000a60        0x0 build/default/debug/_ext/1834516116/croutine.o
 .mdebug.abi32  0xa0000a60        0x0 build/default/debug/_ext/1834516116/list.o
 .mdebug.abi32  0xa0000a60        0x0 build/default/debug/_ext/1834516116/queue.o
 .mdebug.abi32  0xa0000a60        0x0 build/default/debug/_ext/1834516116/tasks.o
 .mdebug.abi32  0xa0000a60        0x0 build/default/debug/_ext/1834516116/timers.o
 .mdebug.abi32  0xa0000a60        0x0 build/default/debug/_ext/1834516116/event_groups.o
 .mdebug.abi32  0xa0000a60        0x0 build/default/debug/_ext/471252175/heap_1.o
 .mdebug.abi32  0xa0000a60        0x0 build/default/debug/_ext/415989026/port.o
 .mdebug.abi32  0xa0000a60        0x0 build/default/debug/_ext/1361460060/drv_adc_static.o
 .mdebug.abi32  0xa0000a60        0x0 build/default/debug/_ext/1047219354/drv_oc_static.o
 .mdebug.abi32  0xa0000a60        0x0 build/default/debug/_ext/1407244131/drv_tmr_static.o
 .mdebug.abi32  0xa0000a60        0x0 build/default/debug/_ext/639803181/sys_clk_static.o
 .mdebug.abi32  0xa0000a60        0x0 build/default/debug/_ext/822048611/sys_ports_static.o
 .mdebug.abi32  0xa0000a60        0x0 build/default/debug/_ext/1688732426/system_init.o
 .mdebug.abi32  0xa0000a60        0x0 build/default/debug/_ext/1688732426/system_interrupt.o
 .mdebug.abi32  0xa0000a60        0x0 build/default/debug/_ext/1688732426/system_exceptions.o
 .mdebug.abi32  0xa0000a60        0x0 build/default/debug/_ext/1688732426/system_tasks.o
 .mdebug.abi32  0xa0000a60        0x0 build/default/debug/_ext/1688732426/rtos_hooks.o
 .mdebug.abi32  0xa0000a60        0x0 c:/program files (x86)/microchip/xc32/v1.40/bin/bin/../../lib/gcc/pic32mx/4.8.3/../../../../pic32mx/lib\libpic32.a(default-bootstrap-exception-handler.o)
 .mdebug.abi32  0xa0000a60        0x0 c:/program files (x86)/microchip/xc32/v1.40/bin/bin/../../lib/gcc/pic32mx/4.8.3/../../../../pic32mx/lib\libpic32.a(default-on-reset.o)
 .mdebug.abi32  0xa0000a60        0x0 c:/program files (x86)/microchip/xc32/v1.40/bin/bin/../../lib/gcc/pic32mx/4.8.3/../../../../pic32mx/lib\libpic32.a(default-on-bootstrap.o)
 .mdebug.abi32  0xa0000a60        0x0 c:/program files (x86)/microchip/xc32/v1.40/bin/bin/../../lib/gcc/pic32mx/4.8.3/../../../../pic32mx/lib\libpic32.a(defaultinterrupt.o)
 .mdebug.abi32  0xa0000a60        0x0 c:/program files (x86)/microchip/xc32/v1.40/bin/bin/../../lib/gcc/pic32mx/4.8.3/../../../../pic32mx/lib\libc.a(atoi.o)
 .mdebug.abi32  0xa0000a60        0x0 c:/program files (x86)/microchip/xc32/v1.40/bin/bin/../../lib/gcc/pic32mx/4.8.3/../../../../pic32mx/lib\libc.a(ctype.o)
 .mdebug.abi32  0xa0000a60        0x0 c:/program files (x86)/microchip/xc32/v1.40/bin/bin/../../lib/gcc/pic32mx/4.8.3/../../../../pic32mx/lib\libc.a(snprintf_cdnopuxX.eo)
 .mdebug.abi32  0xa0000a60        0x0 c:/program files (x86)/microchip/xc32/v1.40/bin/bin/../../lib/gcc/pic32mx/4.8.3/../../../../pic32mx/lib\libc.a(vsnprintf_cdnopuxX.eo)
 .mdebug.abi32  0xa0000a60        0x0 c:/program files (x86)/microchip/xc32/v1.40/bin/bin/../../lib/gcc/pic32mx/4.8.3/../../../../pic32mx/lib\libc.a(doprnt_cdnopuxX.eo)
 .mdebug.abi32  0xa0000a60        0x0 c:/program files (x86)/microchip/xc32/v1.40/bin/bin/../../lib/gcc/pic32mx/4.8.3/../../../../pic32mx/lib\libc.a(_fputc_simple.o)
 .mdebug.abi32  0xa0000a60        0x0 c:/program files (x86)/microchip/xc32/v1.40/bin/bin/../../lib/gcc/pic32mx/4.8.3/../../../../pic32mx/lib\libc.a(_iob.o)
 .mdebug.abi32  0xa0000a60        0x0 c:/program files (x86)/microchip/xc32/v1.40/bin/bin/../../lib/gcc/pic32mx/4.8.3/../../../../pic32mx/lib\libc.a(_flsbuf_simple.o)
 .mdebug.abi32  0xa0000a60        0x0 c:/program files (x86)/microchip/xc32/v1.40/bin/bin/../../lib/gcc/pic32mx/4.8.3/../../../../pic32mx/lib\libpic32.a(write.o)
 .mdebug.abi32  0xa0000a60        0x0 c:/program files (x86)/microchip/xc32/v1.40/bin/bin/../../lib/gcc/pic32mx/4.8.3/../../../../pic32mx/lib\libpic32.a(_mon_putc.o)
 .mdebug.abi32  0xa0000a60        0x0 c:/program files (x86)/microchip/xc32/v1.40/bin/bin/../../lib/gcc/pic32mx/4.8.3/../../../../pic32mx/lib\libpic32.a(xc32_uart.o)
 .mdebug.abi32  0xa0000a60        0x0 c:/program files (x86)/microchip/xc32/v1.40/bin/bin/../../lib/gcc/pic32mx/4.8.3\libgcc.a(_udivdi3.o)
 .mdebug.abi32  0xa0000a60        0x0 c:/program files (x86)/microchip/xc32/v1.40/bin/bin/../../lib/gcc/pic32mx/4.8.3\libgcc.a(_umoddi3.o)

.mdebug.abiN32
 *(.mdebug.abiN32)

.mdebug.abi64
 *(.mdebug.abi64)

.mdebug.abiO64
 *(.mdebug.abiO64)

.mdebug.eabi32
 *(.mdebug.eabi32)

.mdebug.eabi64
 *(.mdebug.eabi64)

.gcc_compiled_long32
 *(.gcc_compiled_long32)

.gcc_compiled_long64
 *(.gcc_compiled_long64)

.stab
 *(.stab)

.stabstr
 *(.stabstr)

.stab.excl
 *(.stab.excl)

.stab.exclstr
 *(.stab.exclstr)

.stab.index
 *(.stab.index)

.stab.indexstr
 *(.stab.indexstr)

.comment        0x00000000       0xba
 *(.comment)
 .comment       0x00000000       0x3c c:/program files (x86)/microchip/xc32/v1.40/bin/bin/../../lib/gcc/pic32mx/4.8.3/../../../../pic32mx/lib\software-debug-break.o
                                 0x3d (size before relaxing)
 .comment       0x00000000       0x3d build/default/debug/_ext/1360937237/app.o
 .comment       0x00000000       0x3d build/default/debug/_ext/1360937237/main.o
 .comment       0x00000000       0x3d build/default/debug/_ext/1360937237/Coms.o
 .comment       0x00000000       0x3d build/default/debug/_ext/1360937237/FindAndFollow.o
 .comment       0x00000000       0x3d build/default/debug/_ext/1360937237/Sensors.o
 .comment       0x00000000       0x3d build/default/debug/_ext/1360937237/Motors.o
 .comment       0x00000000       0x3d build/default/debug/_ext/1360937237/PacketManip.o
 .comment       0x00000000       0x3d build/default/debug/_ext/589191024/drv_usart.o
 .comment       0x00000000       0x3d build/default/debug/_ext/589191024/drv_usart_buffer_queue.o
 .comment       0x00000000       0x3d build/default/debug/_ext/589191024/drv_usart_read_write.o
 .comment       0x00000000       0x3d build/default/debug/_ext/1645233519/osal_freertos.o
 .comment       0x00000000       0x3d build/default/debug/_ext/59525387/sys_devcon.o
 .comment       0x00000000       0x3d build/default/debug/_ext/59525387/sys_devcon_pic32mx.o
 .comment       0x00000000       0x3d build/default/debug/_ext/1713828911/sys_int_pic32.o
 .comment       0x00000000       0x3d build/default/debug/_ext/156848948/sys_ports.o
 .comment       0x00000000       0x3d build/default/debug/_ext/1047663089/sys_reset.o
 .comment       0x00000000       0x3d build/default/debug/_ext/1834516116/croutine.o
 .comment       0x00000000       0x3d build/default/debug/_ext/1834516116/list.o
 .comment       0x00000000       0x3d build/default/debug/_ext/1834516116/queue.o
 .comment       0x00000000       0x3d build/default/debug/_ext/1834516116/tasks.o
 .comment       0x00000000       0x3d build/default/debug/_ext/1834516116/timers.o
 .comment       0x00000000       0x3d build/default/debug/_ext/1834516116/event_groups.o
 .comment       0x00000000       0x3d build/default/debug/_ext/471252175/heap_1.o
 .comment       0x00000000       0x3d build/default/debug/_ext/415989026/port.o
 .comment       0x00000000       0x3d build/default/debug/_ext/1361460060/drv_adc_static.o
 .comment       0x00000000       0x3d build/default/debug/_ext/1047219354/drv_oc_static.o
 .comment       0x00000000       0x3d build/default/debug/_ext/1407244131/drv_tmr_static.o
 .comment       0x00000000       0x3d build/default/debug/_ext/639803181/sys_clk_static.o
 .comment       0x00000000       0x3d build/default/debug/_ext/822048611/sys_ports_static.o
 .comment       0x00000000       0x3d build/default/debug/_ext/1688732426/system_init.o
 .comment       0x00000000       0x3d build/default/debug/_ext/1688732426/system_interrupt.o
 .comment       0x00000000       0x3d build/default/debug/_ext/1688732426/system_exceptions.o
 .comment       0x00000000       0x3d build/default/debug/_ext/1688732426/system_tasks.o
 .comment       0x00000000       0x3d build/default/debug/_ext/1688732426/rtos_hooks.o
 .comment       0x0000003c       0x18 c:/program files (x86)/microchip/xc32/v1.40/bin/bin/../../lib/gcc/pic32mx/4.8.3/../../../../pic32mx/lib\libpic32.a(memset.o)
                                 0x19 (size before relaxing)
 .comment       0x00000000       0x3d c:/program files (x86)/microchip/xc32/v1.40/bin/bin/../../lib/gcc/pic32mx/4.8.3/../../../../pic32mx/lib\libpic32.a(default-bootstrap-exception-handler.o)
 .comment       0x00000000       0x3d c:/program files (x86)/microchip/xc32/v1.40/bin/bin/../../lib/gcc/pic32mx/4.8.3/../../../../pic32mx/lib\libpic32.a(default-on-reset.o)
 .comment       0x00000000       0x3d c:/program files (x86)/microchip/xc32/v1.40/bin/bin/../../lib/gcc/pic32mx/4.8.3/../../../../pic32mx/lib\libpic32.a(default-on-bootstrap.o)
 .comment       0x00000054       0x18 c:/program files (x86)/microchip/xc32/v1.40/bin/bin/../../lib/gcc/pic32mx/4.8.3/../../../../pic32mx/lib\libpic32.a(memcmp.o)
                                 0x19 (size before relaxing)
 .comment       0x00000000       0x3d c:/program files (x86)/microchip/xc32/v1.40/bin/bin/../../lib/gcc/pic32mx/4.8.3/../../../../pic32mx/lib\libpic32.a(defaultinterrupt.o)
 .comment       0x00000000       0x3d c:/program files (x86)/microchip/xc32/v1.40/bin/bin/../../lib/gcc/pic32mx/4.8.3/../../../../pic32mx/lib\libc.a(atoi.o)
 .comment       0x0000006c       0x4e c:/program files (x86)/microchip/xc32/v1.40/bin/bin/../../lib/gcc/pic32mx/4.8.3/../../../../pic32mx/lib\libc.a(ctype.o)
                                 0x8b (size before relaxing)
 .comment       0x00000000       0x3d c:/program files (x86)/microchip/xc32/v1.40/bin/bin/../../lib/gcc/pic32mx/4.8.3/../../../../pic32mx/lib\libc.a(snprintf_cdnopuxX.eo)
 .comment       0x00000000       0x3d c:/program files (x86)/microchip/xc32/v1.40/bin/bin/../../lib/gcc/pic32mx/4.8.3/../../../../pic32mx/lib\libc.a(vsnprintf_cdnopuxX.eo)
 .comment       0x00000000       0x3d c:/program files (x86)/microchip/xc32/v1.40/bin/bin/../../lib/gcc/pic32mx/4.8.3/../../../../pic32mx/lib\libc.a(doprnt_cdnopuxX.eo)
 .comment       0x00000000       0x3d c:/program files (x86)/microchip/xc32/v1.40/bin/bin/../../lib/gcc/pic32mx/4.8.3/../../../../pic32mx/lib\libc.a(_fputc_simple.o)
 .comment       0x00000000       0x3d c:/program files (x86)/microchip/xc32/v1.40/bin/bin/../../lib/gcc/pic32mx/4.8.3/../../../../pic32mx/lib\libc.a(_iob.o)
 .comment       0x00000000       0x3d c:/program files (x86)/microchip/xc32/v1.40/bin/bin/../../lib/gcc/pic32mx/4.8.3/../../../../pic32mx/lib\libc.a(_flsbuf_simple.o)
 .comment       0x00000000       0x3d c:/program files (x86)/microchip/xc32/v1.40/bin/bin/../../lib/gcc/pic32mx/4.8.3/../../../../pic32mx/lib\libpic32.a(write.o)
 .comment       0x00000000       0x3d c:/program files (x86)/microchip/xc32/v1.40/bin/bin/../../lib/gcc/pic32mx/4.8.3/../../../../pic32mx/lib\libpic32.a(_mon_putc.o)
 .comment       0x00000000       0x3d c:/program files (x86)/microchip/xc32/v1.40/bin/bin/../../lib/gcc/pic32mx/4.8.3/../../../../pic32mx/lib\libpic32.a(xc32_uart.o)
 .comment       0x00000000       0x3d c:/program files (x86)/microchip/xc32/v1.40/bin/bin/../../lib/gcc/pic32mx/4.8.3\libgcc.a(_udivdi3.o)
 .comment       0x00000000       0x3d c:/program files (x86)/microchip/xc32/v1.40/bin/bin/../../lib/gcc/pic32mx/4.8.3\libgcc.a(_umoddi3.o)

.debug
 *(.debug)

.line
 *(.line)

.debug_srcinfo
 *(.debug_srcinfo)

.debug_sfnames
 *(.debug_sfnames)

.debug_aranges  0x00000000      0xe68
 *(.debug_aranges)
 .debug_aranges
                0x00000000       0x20 c:/program files (x86)/microchip/xc32/v1.40/bin/bin/../../lib/gcc/pic32mx/4.8.3/../../../../pic32mx/lib\software-debug-break.o
 .debug_aranges
                0x00000020       0x30 build/default/debug/_ext/1360937237/app.o
 .debug_aranges
                0x00000050       0x20 build/default/debug/_ext/1360937237/main.o
 .debug_aranges
                0x00000070       0x58 build/default/debug/_ext/1360937237/Coms.o
 .debug_aranges
                0x000000c8       0x40 build/default/debug/_ext/1360937237/FindAndFollow.o
 .debug_aranges
                0x00000108       0x50 build/default/debug/_ext/1360937237/Sensors.o
 .debug_aranges
                0x00000158       0x70 build/default/debug/_ext/1360937237/Motors.o
 .debug_aranges
                0x000001c8       0x50 build/default/debug/_ext/1360937237/PacketManip.o
 .debug_aranges
                0x00000218       0xa8 build/default/debug/_ext/589191024/drv_usart.o
 .debug_aranges
                0x000002c0       0x38 build/default/debug/_ext/589191024/drv_usart_buffer_queue.o
 .debug_aranges
                0x000002f8       0x28 build/default/debug/_ext/589191024/drv_usart_read_write.o
 .debug_aranges
                0x00000320       0x88 build/default/debug/_ext/1645233519/osal_freertos.o
 .debug_aranges
                0x000003a8       0x78 build/default/debug/_ext/59525387/sys_devcon.o
 .debug_aranges
                0x00000420       0x20 build/default/debug/_ext/59525387/sys_devcon_pic32mx.o
 .debug_aranges
                0x00000440       0x48 build/default/debug/_ext/1713828911/sys_int_pic32.o
 .debug_aranges
                0x00000488       0xf8 build/default/debug/_ext/156848948/sys_ports.o
 .debug_aranges
                0x00000580       0x38 build/default/debug/_ext/1047663089/sys_reset.o
 .debug_aranges
                0x000005b8       0x18 build/default/debug/_ext/1834516116/croutine.o
 .debug_aranges
                0x000005d0       0x40 build/default/debug/_ext/1834516116/list.o
 .debug_aranges
                0x00000610       0xb8 build/default/debug/_ext/1834516116/queue.o
 .debug_aranges
                0x000006c8      0x1a0 build/default/debug/_ext/1834516116/tasks.o
 .debug_aranges
                0x00000868       0x70 build/default/debug/_ext/1834516116/timers.o
 .debug_aranges
                0x000008d8       0x60 build/default/debug/_ext/1834516116/event_groups.o
 .debug_aranges
                0x00000938       0x38 build/default/debug/_ext/471252175/heap_1.o
 .debug_aranges
                0x00000970       0x58 build/default/debug/_ext/415989026/port.o
 .debug_aranges
                0x000009c8       0x20 build/default/debug/_ext/415989026/port_asm.o
 .debug_aranges
                0x000009e8       0x78 build/default/debug/_ext/1361460060/drv_adc_static.o
 .debug_aranges
                0x00000a60       0x78 build/default/debug/_ext/1047219354/drv_oc_static.o
 .debug_aranges
                0x00000ad8       0x48 build/default/debug/_ext/1407244131/drv_tmr_static.o
 .debug_aranges
                0x00000b20       0x38 build/default/debug/_ext/639803181/sys_clk_static.o
 .debug_aranges
                0x00000b58       0x20 build/default/debug/_ext/822048611/sys_ports_static.o
 .debug_aranges
                0x00000b78       0x20 build/default/debug/_ext/1688732426/system_init.o
 .debug_aranges
                0x00000b98       0x28 build/default/debug/_ext/1688732426/system_interrupt.o
 .debug_aranges
                0x00000bc0       0x20 build/default/debug/_ext/1688732426/system_exceptions.o
 .debug_aranges
                0x00000be0       0x48 build/default/debug/_ext/1688732426/system_tasks.o
 .debug_aranges
                0x00000c28       0x58 build/default/debug/_ext/1688732426/system_interrupt_a.o
 .debug_aranges
                0x00000c80       0x28 build/default/debug/_ext/1688732426/rtos_hooks.o
 .debug_aranges
                0x00000ca8       0x20 c:/program files (x86)/microchip/xc32/v1.40/bin/bin/../../lib/gcc/pic32mx/4.8.3/../../../../pic32mx/lib\libpic32.a(default-bootstrap-exception-handler.o)
 .debug_aranges
                0x00000cc8       0x20 c:/program files (x86)/microchip/xc32/v1.40/bin/bin/../../lib/gcc/pic32mx/4.8.3/../../../../pic32mx/lib\libpic32.a(default-on-reset.o)
 .debug_aranges
                0x00000ce8       0x20 c:/program files (x86)/microchip/xc32/v1.40/bin/bin/../../lib/gcc/pic32mx/4.8.3/../../../../pic32mx/lib\libpic32.a(default-on-bootstrap.o)
 .debug_aranges
                0x00000d08       0x20 c:/program files (x86)/microchip/xc32/v1.40/bin/bin/../../lib/gcc/pic32mx/4.8.3/../../../../pic32mx/lib\libpic32.a(defaultinterrupt.o)
 .debug_aranges
                0x00000d28       0x20 c:/program files (x86)/microchip/xc32/v1.40/bin/bin/../../lib/gcc/pic32mx/4.8.3/../../../../pic32mx/lib\libc.a(atoi.o)
 .debug_aranges
                0x00000d48       0x20 c:/program files (x86)/microchip/xc32/v1.40/bin/bin/../../lib/gcc/pic32mx/4.8.3/../../../../pic32mx/lib\libc.a(snprintf_cdnopuxX.eo)
 .debug_aranges
                0x00000d68       0x20 c:/program files (x86)/microchip/xc32/v1.40/bin/bin/../../lib/gcc/pic32mx/4.8.3/../../../../pic32mx/lib\libc.a(vsnprintf_cdnopuxX.eo)
 .debug_aranges
                0x00000d88       0x20 c:/program files (x86)/microchip/xc32/v1.40/bin/bin/../../lib/gcc/pic32mx/4.8.3/../../../../pic32mx/lib\libc.a(doprnt_cdnopuxX.eo)
 .debug_aranges
                0x00000da8       0x20 c:/program files (x86)/microchip/xc32/v1.40/bin/bin/../../lib/gcc/pic32mx/4.8.3/../../../../pic32mx/lib\libc.a(_fputc_simple.o)
 .debug_aranges
                0x00000dc8       0x20 c:/program files (x86)/microchip/xc32/v1.40/bin/bin/../../lib/gcc/pic32mx/4.8.3/../../../../pic32mx/lib\libc.a(_flsbuf_simple.o)
 .debug_aranges
                0x00000de8       0x20 c:/program files (x86)/microchip/xc32/v1.40/bin/bin/../../lib/gcc/pic32mx/4.8.3/../../../../pic32mx/lib\libpic32.a(write.o)
 .debug_aranges
                0x00000e08       0x20 c:/program files (x86)/microchip/xc32/v1.40/bin/bin/../../lib/gcc/pic32mx/4.8.3/../../../../pic32mx/lib\libpic32.a(_mon_putc.o)
 .debug_aranges
                0x00000e28       0x20 c:/program files (x86)/microchip/xc32/v1.40/bin/bin/../../lib/gcc/pic32mx/4.8.3\libgcc.a(_udivdi3.o)
 .debug_aranges
                0x00000e48       0x20 c:/program files (x86)/microchip/xc32/v1.40/bin/bin/../../lib/gcc/pic32mx/4.8.3\libgcc.a(_umoddi3.o)

.debug_pubnames
 *(.debug_pubnames)

.debug_info     0x00000000    0x3cb1b
 *(.debug_info .gnu.linkonce.wi.*)
 .debug_info    0x00000000       0xd3 c:/program files (x86)/microchip/xc32/v1.40/bin/bin/../../lib/gcc/pic32mx/4.8.3/../../../../pic32mx/lib\software-debug-break.o
 .debug_info    0x000000d3     0x1b20 build/default/debug/_ext/1360937237/app.o
 .debug_info    0x00001bf3      0x1c2 build/default/debug/_ext/1360937237/main.o
 .debug_info    0x00001db5     0x2ef1 build/default/debug/_ext/1360937237/Coms.o
 .debug_info    0x00004ca6     0x2718 build/default/debug/_ext/1360937237/FindAndFollow.o
 .debug_info    0x000073be     0x27b7 build/default/debug/_ext/1360937237/Sensors.o
 .debug_info    0x00009b75     0x367d build/default/debug/_ext/1360937237/Motors.o
 .debug_info    0x0000d1f2      0xf97 build/default/debug/_ext/1360937237/PacketManip.o
 .debug_info    0x0000e189     0x61ae build/default/debug/_ext/589191024/drv_usart.o
 .debug_info    0x00014337     0x234e build/default/debug/_ext/589191024/drv_usart_buffer_queue.o
 .debug_info    0x00016685     0x2ae2 build/default/debug/_ext/589191024/drv_usart_read_write.o
 .debug_info    0x00019167      0xadf build/default/debug/_ext/1645233519/osal_freertos.o
 .debug_info    0x00019c46     0x10c2 build/default/debug/_ext/59525387/sys_devcon.o
 .debug_info    0x0001ad08      0xd8c build/default/debug/_ext/59525387/sys_devcon_pic32mx.o
 .debug_info    0x0001ba94     0x15fb build/default/debug/_ext/1713828911/sys_int_pic32.o
 .debug_info    0x0001d08f     0x3290 build/default/debug/_ext/156848948/sys_ports.o
 .debug_info    0x0002031f      0xabb build/default/debug/_ext/1047663089/sys_reset.o
 .debug_info    0x00020dda      0x1a6 build/default/debug/_ext/1834516116/croutine.o
 .debug_info    0x00020f80      0x4af build/default/debug/_ext/1834516116/list.o
 .debug_info    0x0002142f     0x187e build/default/debug/_ext/1834516116/queue.o
 .debug_info    0x00022cad     0x2a2c build/default/debug/_ext/1834516116/tasks.o
 .debug_info    0x000256d9     0x1543 build/default/debug/_ext/1834516116/timers.o
 .debug_info    0x00026c1c      0xd8a build/default/debug/_ext/1834516116/event_groups.o
 .debug_info    0x000279a6      0x3af build/default/debug/_ext/471252175/heap_1.o
 .debug_info    0x00027d55     0x11e3 build/default/debug/_ext/415989026/port.o
 .debug_info    0x00028f38       0xf4 build/default/debug/_ext/415989026/port_asm.o
 .debug_info    0x0002902c     0x4426 build/default/debug/_ext/1361460060/drv_adc_static.o
 .debug_info    0x0002d452     0x12c1 build/default/debug/_ext/1047219354/drv_oc_static.o
 .debug_info    0x0002e713     0x2157 build/default/debug/_ext/1407244131/drv_tmr_static.o
 .debug_info    0x0003086a     0x14b6 build/default/debug/_ext/639803181/sys_clk_static.o
 .debug_info    0x00031d20     0x1287 build/default/debug/_ext/822048611/sys_ports_static.o
 .debug_info    0x00032fa7     0x36ee build/default/debug/_ext/1688732426/system_init.o
 .debug_info    0x00036695     0x23b2 build/default/debug/_ext/1688732426/system_interrupt.o
 .debug_info    0x00038a47     0x14c4 build/default/debug/_ext/1688732426/system_exceptions.o
 .debug_info    0x00039f0b     0x110d build/default/debug/_ext/1688732426/system_tasks.o
 .debug_info    0x0003b018       0xb2 build/default/debug/_ext/1688732426/system_interrupt_a.o
 .debug_info    0x0003b0ca      0x26c build/default/debug/_ext/1688732426/rtos_hooks.o
 .debug_info    0x0003b336       0xe3 c:/program files (x86)/microchip/xc32/v1.40/bin/bin/../../lib/gcc/pic32mx/4.8.3/../../../../pic32mx/lib\libpic32.a(default-bootstrap-exception-handler.o)
 .debug_info    0x0003b419       0xbd c:/program files (x86)/microchip/xc32/v1.40/bin/bin/../../lib/gcc/pic32mx/4.8.3/../../../../pic32mx/lib\libpic32.a(default-on-reset.o)
 .debug_info    0x0003b4d6       0xc5 c:/program files (x86)/microchip/xc32/v1.40/bin/bin/../../lib/gcc/pic32mx/4.8.3/../../../../pic32mx/lib\libpic32.a(default-on-bootstrap.o)
 .debug_info    0x0003b59b       0xd7 c:/program files (x86)/microchip/xc32/v1.40/bin/bin/../../lib/gcc/pic32mx/4.8.3/../../../../pic32mx/lib\libpic32.a(defaultinterrupt.o)
 .debug_info    0x0003b672       0xb2 c:/program files (x86)/microchip/xc32/v1.40/bin/bin/../../lib/gcc/pic32mx/4.8.3/../../../../pic32mx/lib\libc.a(atoi.o)
 .debug_info    0x0003b724       0xc4 c:/program files (x86)/microchip/xc32/v1.40/bin/bin/../../lib/gcc/pic32mx/4.8.3/../../../../pic32mx/lib\libc.a(snprintf_cdnopuxX.eo)
 .debug_info    0x0003b7e8       0xc6 c:/program files (x86)/microchip/xc32/v1.40/bin/bin/../../lib/gcc/pic32mx/4.8.3/../../../../pic32mx/lib\libc.a(vsnprintf_cdnopuxX.eo)
 .debug_info    0x0003b8ae       0xc3 c:/program files (x86)/microchip/xc32/v1.40/bin/bin/../../lib/gcc/pic32mx/4.8.3/../../../../pic32mx/lib\libc.a(doprnt_cdnopuxX.eo)
 .debug_info    0x0003b971       0xb4 c:/program files (x86)/microchip/xc32/v1.40/bin/bin/../../lib/gcc/pic32mx/4.8.3/../../../../pic32mx/lib\libc.a(_fputc_simple.o)
 .debug_info    0x0003ba25       0xb7 c:/program files (x86)/microchip/xc32/v1.40/bin/bin/../../lib/gcc/pic32mx/4.8.3/../../../../pic32mx/lib\libc.a(_flsbuf_simple.o)
 .debug_info    0x0003badc       0xae c:/program files (x86)/microchip/xc32/v1.40/bin/bin/../../lib/gcc/pic32mx/4.8.3/../../../../pic32mx/lib\libpic32.a(write.o)
 .debug_info    0x0003bb8a       0xb6 c:/program files (x86)/microchip/xc32/v1.40/bin/bin/../../lib/gcc/pic32mx/4.8.3/../../../../pic32mx/lib\libpic32.a(_mon_putc.o)
 .debug_info    0x0003bc40      0x74f c:/program files (x86)/microchip/xc32/v1.40/bin/bin/../../lib/gcc/pic32mx/4.8.3\libgcc.a(_udivdi3.o)
 .debug_info    0x0003c38f      0x78c c:/program files (x86)/microchip/xc32/v1.40/bin/bin/../../lib/gcc/pic32mx/4.8.3\libgcc.a(_umoddi3.o)

.debug_abbrev   0x00000000     0x4c03
 *(.debug_abbrev)
 .debug_abbrev  0x00000000       0x28 c:/program files (x86)/microchip/xc32/v1.40/bin/bin/../../lib/gcc/pic32mx/4.8.3/../../../../pic32mx/lib\software-debug-break.o
 .debug_abbrev  0x00000028      0x230 build/default/debug/_ext/1360937237/app.o
 .debug_abbrev  0x00000258       0x93 build/default/debug/_ext/1360937237/main.o
 .debug_abbrev  0x000002eb      0x3ec build/default/debug/_ext/1360937237/Coms.o
 .debug_abbrev  0x000006d7      0x205 build/default/debug/_ext/1360937237/FindAndFollow.o
 .debug_abbrev  0x000008dc      0x2e1 build/default/debug/_ext/1360937237/Sensors.o
 .debug_abbrev  0x00000bbd      0x39e build/default/debug/_ext/1360937237/Motors.o
 .debug_abbrev  0x00000f5b      0x1c9 build/default/debug/_ext/1360937237/PacketManip.o
 .debug_abbrev  0x00001124      0x422 build/default/debug/_ext/589191024/drv_usart.o
 .debug_abbrev  0x00001546      0x35e build/default/debug/_ext/589191024/drv_usart_buffer_queue.o
 .debug_abbrev  0x000018a4      0x317 build/default/debug/_ext/589191024/drv_usart_read_write.o
 .debug_abbrev  0x00001bbb      0x1fe build/default/debug/_ext/1645233519/osal_freertos.o
 .debug_abbrev  0x00001db9      0x2a1 build/default/debug/_ext/59525387/sys_devcon.o
 .debug_abbrev  0x0000205a      0x16d build/default/debug/_ext/59525387/sys_devcon_pic32mx.o
 .debug_abbrev  0x000021c7      0x1ea build/default/debug/_ext/1713828911/sys_int_pic32.o
 .debug_abbrev  0x000023b1      0x219 build/default/debug/_ext/156848948/sys_ports.o
 .debug_abbrev  0x000025ca      0x18b build/default/debug/_ext/1047663089/sys_reset.o
 .debug_abbrev  0x00002755       0x1b build/default/debug/_ext/1834516116/croutine.o
 .debug_abbrev  0x00002770       0xf1 build/default/debug/_ext/1834516116/list.o
 .debug_abbrev  0x00002861      0x2e0 build/default/debug/_ext/1834516116/queue.o
 .debug_abbrev  0x00002b41      0x2f9 build/default/debug/_ext/1834516116/tasks.o
 .debug_abbrev  0x00002e3a      0x353 build/default/debug/_ext/1834516116/timers.o
 .debug_abbrev  0x0000318d      0x29a build/default/debug/_ext/1834516116/event_groups.o
 .debug_abbrev  0x00003427      0x13f build/default/debug/_ext/471252175/heap_1.o
 .debug_abbrev  0x00003566      0x2cf build/default/debug/_ext/415989026/port.o
 .debug_abbrev  0x00003835       0x14 build/default/debug/_ext/415989026/port_asm.o
 .debug_abbrev  0x00003849      0x1e4 build/default/debug/_ext/1361460060/drv_adc_static.o
 .debug_abbrev  0x00003a2d      0x157 build/default/debug/_ext/1047219354/drv_oc_static.o
 .debug_abbrev  0x00003b84      0x1b3 build/default/debug/_ext/1407244131/drv_tmr_static.o
 .debug_abbrev  0x00003d37      0x209 build/default/debug/_ext/639803181/sys_clk_static.o
 .debug_abbrev  0x00003f40      0x138 build/default/debug/_ext/822048611/sys_ports_static.o
 .debug_abbrev  0x00004078      0x2e4 build/default/debug/_ext/1688732426/system_init.o
 .debug_abbrev  0x0000435c      0x1a9 build/default/debug/_ext/1688732426/system_interrupt.o
 .debug_abbrev  0x00004505       0xa2 build/default/debug/_ext/1688732426/system_exceptions.o
 .debug_abbrev  0x000045a7      0x154 build/default/debug/_ext/1688732426/system_tasks.o
 .debug_abbrev  0x000046fb       0x12 build/default/debug/_ext/1688732426/system_interrupt_a.o
 .debug_abbrev  0x0000470d       0x97 build/default/debug/_ext/1688732426/rtos_hooks.o
 .debug_abbrev  0x000047a4       0x28 c:/program files (x86)/microchip/xc32/v1.40/bin/bin/../../lib/gcc/pic32mx/4.8.3/../../../../pic32mx/lib\libpic32.a(default-bootstrap-exception-handler.o)
 .debug_abbrev  0x000047cc       0x28 c:/program files (x86)/microchip/xc32/v1.40/bin/bin/../../lib/gcc/pic32mx/4.8.3/../../../../pic32mx/lib\libpic32.a(default-on-reset.o)
 .debug_abbrev  0x000047f4       0x28 c:/program files (x86)/microchip/xc32/v1.40/bin/bin/../../lib/gcc/pic32mx/4.8.3/../../../../pic32mx/lib\libpic32.a(default-on-bootstrap.o)
 .debug_abbrev  0x0000481c       0x28 c:/program files (x86)/microchip/xc32/v1.40/bin/bin/../../lib/gcc/pic32mx/4.8.3/../../../../pic32mx/lib\libpic32.a(defaultinterrupt.o)
 .debug_abbrev  0x00004844       0x28 c:/program files (x86)/microchip/xc32/v1.40/bin/bin/../../lib/gcc/pic32mx/4.8.3/../../../../pic32mx/lib\libc.a(atoi.o)
 .debug_abbrev  0x0000486c       0x28 c:/program files (x86)/microchip/xc32/v1.40/bin/bin/../../lib/gcc/pic32mx/4.8.3/../../../../pic32mx/lib\libc.a(snprintf_cdnopuxX.eo)
 .debug_abbrev  0x00004894       0x28 c:/program files (x86)/microchip/xc32/v1.40/bin/bin/../../lib/gcc/pic32mx/4.8.3/../../../../pic32mx/lib\libc.a(vsnprintf_cdnopuxX.eo)
 .debug_abbrev  0x000048bc       0x28 c:/program files (x86)/microchip/xc32/v1.40/bin/bin/../../lib/gcc/pic32mx/4.8.3/../../../../pic32mx/lib\libc.a(doprnt_cdnopuxX.eo)
 .debug_abbrev  0x000048e4       0x28 c:/program files (x86)/microchip/xc32/v1.40/bin/bin/../../lib/gcc/pic32mx/4.8.3/../../../../pic32mx/lib\libc.a(_fputc_simple.o)
 .debug_abbrev  0x0000490c       0x28 c:/program files (x86)/microchip/xc32/v1.40/bin/bin/../../lib/gcc/pic32mx/4.8.3/../../../../pic32mx/lib\libc.a(_flsbuf_simple.o)
 .debug_abbrev  0x00004934       0x28 c:/program files (x86)/microchip/xc32/v1.40/bin/bin/../../lib/gcc/pic32mx/4.8.3/../../../../pic32mx/lib\libpic32.a(write.o)
 .debug_abbrev  0x0000495c       0x28 c:/program files (x86)/microchip/xc32/v1.40/bin/bin/../../lib/gcc/pic32mx/4.8.3/../../../../pic32mx/lib\libpic32.a(_mon_putc.o)
 .debug_abbrev  0x00004984      0x138 c:/program files (x86)/microchip/xc32/v1.40/bin/bin/../../lib/gcc/pic32mx/4.8.3\libgcc.a(_udivdi3.o)
 .debug_abbrev  0x00004abc      0x147 c:/program files (x86)/microchip/xc32/v1.40/bin/bin/../../lib/gcc/pic32mx/4.8.3\libgcc.a(_umoddi3.o)

.debug_line     0x00000000     0xace1
 *(.debug_line)
 .debug_line    0x00000000       0x8a c:/program files (x86)/microchip/xc32/v1.40/bin/bin/../../lib/gcc/pic32mx/4.8.3/../../../../pic32mx/lib\software-debug-break.o
 .debug_line    0x0000008a      0x4e3 build/default/debug/_ext/1360937237/app.o
 .debug_line    0x0000056d       0xd1 build/default/debug/_ext/1360937237/main.o
 .debug_line    0x0000063e      0x6ad build/default/debug/_ext/1360937237/Coms.o
 .debug_line    0x00000ceb      0x3f6 build/default/debug/_ext/1360937237/FindAndFollow.o
 .debug_line    0x000010e1      0x60f build/default/debug/_ext/1360937237/Sensors.o
 .debug_line    0x000016f0      0x94e build/default/debug/_ext/1360937237/Motors.o
 .debug_line    0x0000203e      0x2fc build/default/debug/_ext/1360937237/PacketManip.o
 .debug_line    0x0000233a      0xfee build/default/debug/_ext/589191024/drv_usart.o
 .debug_line    0x00003328      0x5fa build/default/debug/_ext/589191024/drv_usart_buffer_queue.o
 .debug_line    0x00003922      0x70a build/default/debug/_ext/589191024/drv_usart_read_write.o
 .debug_line    0x0000402c      0x2bb build/default/debug/_ext/1645233519/osal_freertos.o
 .debug_line    0x000042e7      0x5c6 build/default/debug/_ext/59525387/sys_devcon.o
 .debug_line    0x000048ad      0x471 build/default/debug/_ext/59525387/sys_devcon_pic32mx.o
 .debug_line    0x00004d1e      0x38c build/default/debug/_ext/1713828911/sys_int_pic32.o
 .debug_line    0x000050aa      0x870 build/default/debug/_ext/156848948/sys_ports.o
 .debug_line    0x0000591a      0x3a6 build/default/debug/_ext/1047663089/sys_reset.o
 .debug_line    0x00005cc0       0x1d build/default/debug/_ext/1834516116/croutine.o
 .debug_line    0x00005cdd      0x1dc build/default/debug/_ext/1834516116/list.o
 .debug_line    0x00005eb9      0x4a2 build/default/debug/_ext/1834516116/queue.o
 .debug_line    0x0000635b      0x846 build/default/debug/_ext/1834516116/tasks.o
 .debug_line    0x00006ba1      0x38d build/default/debug/_ext/1834516116/timers.o
 .debug_line    0x00006f2e      0x321 build/default/debug/_ext/1834516116/event_groups.o
 .debug_line    0x0000724f      0x216 build/default/debug/_ext/471252175/heap_1.o
 .debug_line    0x00007465      0x23a build/default/debug/_ext/415989026/port.o
 .debug_line    0x0000769f      0x123 build/default/debug/_ext/415989026/port_asm.o
 .debug_line    0x000077c2      0x80d build/default/debug/_ext/1361460060/drv_adc_static.o
 .debug_line    0x00007fcf      0x44a build/default/debug/_ext/1047219354/drv_oc_static.o
 .debug_line    0x00008419      0x47e build/default/debug/_ext/1407244131/drv_tmr_static.o
 .debug_line    0x00008897      0x391 build/default/debug/_ext/639803181/sys_clk_static.o
 .debug_line    0x00008c28      0x3bd build/default/debug/_ext/822048611/sys_ports_static.o
 .debug_line    0x00008fe5      0x824 build/default/debug/_ext/1688732426/system_init.o
 .debug_line    0x00009809      0x4ee build/default/debug/_ext/1688732426/system_interrupt.o
 .debug_line    0x00009cf7      0x1f5 build/default/debug/_ext/1688732426/system_exceptions.o
 .debug_line    0x00009eec      0x3e3 build/default/debug/_ext/1688732426/system_tasks.o
 .debug_line    0x0000a2cf       0xf9 build/default/debug/_ext/1688732426/system_interrupt_a.o
 .debug_line    0x0000a3c8      0x15c build/default/debug/_ext/1688732426/rtos_hooks.o
 .debug_line    0x0000a524       0x97 c:/program files (x86)/microchip/xc32/v1.40/bin/bin/../../lib/gcc/pic32mx/4.8.3/../../../../pic32mx/lib\libpic32.a(default-bootstrap-exception-handler.o)
 .debug_line    0x0000a5bb       0x84 c:/program files (x86)/microchip/xc32/v1.40/bin/bin/../../lib/gcc/pic32mx/4.8.3/../../../../pic32mx/lib\libpic32.a(default-on-reset.o)
 .debug_line    0x0000a63f       0x88 c:/program files (x86)/microchip/xc32/v1.40/bin/bin/../../lib/gcc/pic32mx/4.8.3/../../../../pic32mx/lib\libpic32.a(default-on-bootstrap.o)
 .debug_line    0x0000a6c7       0x96 c:/program files (x86)/microchip/xc32/v1.40/bin/bin/../../lib/gcc/pic32mx/4.8.3/../../../../pic32mx/lib\libpic32.a(defaultinterrupt.o)
 .debug_line    0x0000a75d       0x6e c:/program files (x86)/microchip/xc32/v1.40/bin/bin/../../lib/gcc/pic32mx/4.8.3/../../../../pic32mx/lib\libc.a(atoi.o)
 .debug_line    0x0000a7cb        0x0 c:/program files (x86)/microchip/xc32/v1.40/bin/bin/../../lib/gcc/pic32mx/4.8.3/../../../../pic32mx/lib\libc.a(ctype.o)
 .debug_line    0x0000a7cb       0x72 c:/program files (x86)/microchip/xc32/v1.40/bin/bin/../../lib/gcc/pic32mx/4.8.3/../../../../pic32mx/lib\libc.a(snprintf_cdnopuxX.eo)
 .debug_line    0x0000a83d       0x73 c:/program files (x86)/microchip/xc32/v1.40/bin/bin/../../lib/gcc/pic32mx/4.8.3/../../../../pic32mx/lib\libc.a(vsnprintf_cdnopuxX.eo)
 .debug_line    0x0000a8b0       0x70 c:/program files (x86)/microchip/xc32/v1.40/bin/bin/../../lib/gcc/pic32mx/4.8.3/../../../../pic32mx/lib\libc.a(doprnt_cdnopuxX.eo)
 .debug_line    0x0000a920       0x6f c:/program files (x86)/microchip/xc32/v1.40/bin/bin/../../lib/gcc/pic32mx/4.8.3/../../../../pic32mx/lib\libc.a(_fputc_simple.o)
 .debug_line    0x0000a98f        0x0 c:/program files (x86)/microchip/xc32/v1.40/bin/bin/../../lib/gcc/pic32mx/4.8.3/../../../../pic32mx/lib\libc.a(_iob.o)
 .debug_line    0x0000a98f       0x70 c:/program files (x86)/microchip/xc32/v1.40/bin/bin/../../lib/gcc/pic32mx/4.8.3/../../../../pic32mx/lib\libc.a(_flsbuf_simple.o)
 .debug_line    0x0000a9ff       0x79 c:/program files (x86)/microchip/xc32/v1.40/bin/bin/../../lib/gcc/pic32mx/4.8.3/../../../../pic32mx/lib\libpic32.a(write.o)
 .debug_line    0x0000aa78       0x7d c:/program files (x86)/microchip/xc32/v1.40/bin/bin/../../lib/gcc/pic32mx/4.8.3/../../../../pic32mx/lib\libpic32.a(_mon_putc.o)
 .debug_line    0x0000aaf5        0x0 c:/program files (x86)/microchip/xc32/v1.40/bin/bin/../../lib/gcc/pic32mx/4.8.3/../../../../pic32mx/lib\libpic32.a(xc32_uart.o)
 .debug_line    0x0000aaf5       0xed c:/program files (x86)/microchip/xc32/v1.40/bin/bin/../../lib/gcc/pic32mx/4.8.3\libgcc.a(_udivdi3.o)
 .debug_line    0x0000abe2       0xff c:/program files (x86)/microchip/xc32/v1.40/bin/bin/../../lib/gcc/pic32mx/4.8.3\libgcc.a(_umoddi3.o)

.debug_frame    0x00000000     0x1d04
 *(.debug_frame)
 .debug_frame   0x00000000       0x20 c:/program files (x86)/microchip/xc32/v1.40/bin/bin/../../lib/gcc/pic32mx/4.8.3/../../../../pic32mx/lib\software-debug-break.o
 .debug_frame   0x00000020       0x54 build/default/debug/_ext/1360937237/app.o
 .debug_frame   0x00000074       0x28 build/default/debug/_ext/1360937237/main.o
 .debug_frame   0x0000009c       0xd8 build/default/debug/_ext/1360937237/Coms.o
 .debug_frame   0x00000174       0x90 build/default/debug/_ext/1360937237/FindAndFollow.o
 .debug_frame   0x00000204       0xa0 build/default/debug/_ext/1360937237/Sensors.o
 .debug_frame   0x000002a4      0x12c build/default/debug/_ext/1360937237/Motors.o
 .debug_frame   0x000003d0       0x90 build/default/debug/_ext/1360937237/PacketManip.o
 .debug_frame   0x00000460      0x1e8 build/default/debug/_ext/589191024/drv_usart.o
 .debug_frame   0x00000648       0x70 build/default/debug/_ext/589191024/drv_usart_buffer_queue.o
 .debug_frame   0x000006b8       0x58 build/default/debug/_ext/589191024/drv_usart_read_write.o
 .debug_frame   0x00000710      0x150 build/default/debug/_ext/1645233519/osal_freertos.o
 .debug_frame   0x00000860       0xe8 build/default/debug/_ext/59525387/sys_devcon.o
 .debug_frame   0x00000948       0x28 build/default/debug/_ext/59525387/sys_devcon_pic32mx.o
 .debug_frame   0x00000970       0x90 build/default/debug/_ext/1713828911/sys_int_pic32.o
 .debug_frame   0x00000a00      0x1d0 build/default/debug/_ext/156848948/sys_ports.o
 .debug_frame   0x00000bd0       0x50 build/default/debug/_ext/1047663089/sys_reset.o
 .debug_frame   0x00000c20       0x60 build/default/debug/_ext/1834516116/list.o
 .debug_frame   0x00000c80      0x230 build/default/debug/_ext/1834516116/queue.o
 .debug_frame   0x00000eb0      0x4d4 build/default/debug/_ext/1834516116/tasks.o
 .debug_frame   0x00001384      0x134 build/default/debug/_ext/1834516116/timers.o
 .debug_frame   0x000014b8      0x108 build/default/debug/_ext/1834516116/event_groups.o
 .debug_frame   0x000015c0       0x5c build/default/debug/_ext/471252175/heap_1.o
 .debug_frame   0x0000161c       0xc0 build/default/debug/_ext/415989026/port.o
 .debug_frame   0x000016dc       0xd0 build/default/debug/_ext/1361460060/drv_adc_static.o
 .debug_frame   0x000017ac       0xd0 build/default/debug/_ext/1047219354/drv_oc_static.o
 .debug_frame   0x0000187c       0x70 build/default/debug/_ext/1407244131/drv_tmr_static.o
 .debug_frame   0x000018ec       0x58 build/default/debug/_ext/639803181/sys_clk_static.o
 .debug_frame   0x00001944       0x20 build/default/debug/_ext/822048611/sys_ports_static.o
 .debug_frame   0x00001964       0x30 build/default/debug/_ext/1688732426/system_init.o
 .debug_frame   0x00001994       0x38 build/default/debug/_ext/1688732426/system_interrupt.o
 .debug_frame   0x000019cc       0x28 build/default/debug/_ext/1688732426/system_exceptions.o
 .debug_frame   0x000019f4       0xa4 build/default/debug/_ext/1688732426/system_tasks.o
 .debug_frame   0x00001a98       0x40 build/default/debug/_ext/1688732426/rtos_hooks.o
 .debug_frame   0x00001ad8       0x2c c:/program files (x86)/microchip/xc32/v1.40/bin/bin/../../lib/gcc/pic32mx/4.8.3/../../../../pic32mx/lib\libpic32.a(default-bootstrap-exception-handler.o)
 .debug_frame   0x00001b04       0x20 c:/program files (x86)/microchip/xc32/v1.40/bin/bin/../../lib/gcc/pic32mx/4.8.3/../../../../pic32mx/lib\libpic32.a(default-on-reset.o)
 .debug_frame   0x00001b24       0x20 c:/program files (x86)/microchip/xc32/v1.40/bin/bin/../../lib/gcc/pic32mx/4.8.3/../../../../pic32mx/lib\libpic32.a(default-on-bootstrap.o)
 .debug_frame   0x00001b44       0x20 c:/program files (x86)/microchip/xc32/v1.40/bin/bin/../../lib/gcc/pic32mx/4.8.3/../../../../pic32mx/lib\libpic32.a(defaultinterrupt.o)
 .debug_frame   0x00001b64       0x20 c:/program files (x86)/microchip/xc32/v1.40/bin/bin/../../lib/gcc/pic32mx/4.8.3/../../../../pic32mx/lib\libc.a(atoi.o)
 .debug_frame   0x00001b84       0x28 c:/program files (x86)/microchip/xc32/v1.40/bin/bin/../../lib/gcc/pic32mx/4.8.3/../../../../pic32mx/lib\libc.a(snprintf_cdnopuxX.eo)
 .debug_frame   0x00001bac       0x2c c:/program files (x86)/microchip/xc32/v1.40/bin/bin/../../lib/gcc/pic32mx/4.8.3/../../../../pic32mx/lib\libc.a(vsnprintf_cdnopuxX.eo)
 .debug_frame   0x00001bd8       0x38 c:/program files (x86)/microchip/xc32/v1.40/bin/bin/../../lib/gcc/pic32mx/4.8.3/../../../../pic32mx/lib\libc.a(doprnt_cdnopuxX.eo)
 .debug_frame   0x00001c10       0x2c c:/program files (x86)/microchip/xc32/v1.40/bin/bin/../../lib/gcc/pic32mx/4.8.3/../../../../pic32mx/lib\libc.a(_fputc_simple.o)
 .debug_frame   0x00001c3c       0x28 c:/program files (x86)/microchip/xc32/v1.40/bin/bin/../../lib/gcc/pic32mx/4.8.3/../../../../pic32mx/lib\libc.a(_flsbuf_simple.o)
 .debug_frame   0x00001c64       0x38 c:/program files (x86)/microchip/xc32/v1.40/bin/bin/../../lib/gcc/pic32mx/4.8.3/../../../../pic32mx/lib\libpic32.a(write.o)
 .debug_frame   0x00001c9c       0x28 c:/program files (x86)/microchip/xc32/v1.40/bin/bin/../../lib/gcc/pic32mx/4.8.3/../../../../pic32mx/lib\libpic32.a(_mon_putc.o)
 .debug_frame   0x00001cc4       0x20 c:/program files (x86)/microchip/xc32/v1.40/bin/bin/../../lib/gcc/pic32mx/4.8.3\libgcc.a(_udivdi3.o)
 .debug_frame   0x00001ce4       0x20 c:/program files (x86)/microchip/xc32/v1.40/bin/bin/../../lib/gcc/pic32mx/4.8.3\libgcc.a(_umoddi3.o)

.debug_str      0x00000000      0xac8
 *(.debug_str)
 .debug_str     0x00000000        0x0 c:/program files (x86)/microchip/xc32/v1.40/bin/bin/../../lib/gcc/pic32mx/4.8.3/../../../../pic32mx/lib\software-debug-break.o
 .debug_str     0x00000000        0x6 build/default/debug/_ext/1360937237/app.o
 .debug_str     0x00000006        0x0 build/default/debug/_ext/1360937237/main.o
 .debug_str     0x00000006       0x8a build/default/debug/_ext/1360937237/Coms.o
 .debug_str     0x00000090       0x5f build/default/debug/_ext/1360937237/FindAndFollow.o
 .debug_str     0x000000ef       0x20 build/default/debug/_ext/1360937237/Sensors.o
 .debug_str     0x0000010f       0x61 build/default/debug/_ext/1360937237/Motors.o
 .debug_str     0x00000170       0x24 build/default/debug/_ext/1360937237/PacketManip.o
 .debug_str     0x00000194      0x167 build/default/debug/_ext/589191024/drv_usart.o
 .debug_str     0x000002fb       0x67 build/default/debug/_ext/589191024/drv_usart_buffer_queue.o
 .debug_str     0x00000362       0x3f build/default/debug/_ext/589191024/drv_usart_read_write.o
 .debug_str     0x000003a1       0x40 build/default/debug/_ext/1645233519/osal_freertos.o
 .debug_str     0x000003e1       0x16 build/default/debug/_ext/59525387/sys_devcon.o
 .debug_str     0x000003f7        0x6 build/default/debug/_ext/59525387/sys_devcon_pic32mx.o
 .debug_str     0x000003fd       0x2d build/default/debug/_ext/1713828911/sys_int_pic32.o
 .debug_str     0x0000042a       0x98 build/default/debug/_ext/156848948/sys_ports.o
 .debug_str     0x000004c2        0xd build/default/debug/_ext/1047663089/sys_reset.o
 .debug_str     0x000004cf        0x0 build/default/debug/_ext/1834516116/croutine.o
 .debug_str     0x000004cf       0x2b build/default/debug/_ext/1834516116/list.o
 .debug_str     0x000004fa       0xf1 build/default/debug/_ext/1834516116/queue.o
 .debug_str     0x000005eb      0x174 build/default/debug/_ext/1834516116/tasks.o
 .debug_str     0x0000075f       0xbf build/default/debug/_ext/1834516116/timers.o
 .debug_str     0x0000081e       0xe6 build/default/debug/_ext/1834516116/event_groups.o
 .debug_str     0x00000904       0x1d build/default/debug/_ext/471252175/heap_1.o
 .debug_str     0x00000921       0x37 build/default/debug/_ext/415989026/port.o
 .debug_str     0x00000958       0x8e build/default/debug/_ext/1361460060/drv_adc_static.o
 .debug_str     0x000009e6       0x1a build/default/debug/_ext/1047219354/drv_oc_static.o
 .debug_str     0x00000a00       0x3b build/default/debug/_ext/1407244131/drv_tmr_static.o
 .debug_str     0x00000a3b       0x39 build/default/debug/_ext/639803181/sys_clk_static.o
 .debug_str     0x00000a74       0x15 build/default/debug/_ext/822048611/sys_ports_static.o
 .debug_str     0x00000a89       0x36 build/default/debug/_ext/1688732426/system_init.o
 .debug_str     0x00000abf        0x0 build/default/debug/_ext/1688732426/system_interrupt.o
 .debug_str     0x00000abf        0x0 build/default/debug/_ext/1688732426/system_exceptions.o
 .debug_str     0x00000abf        0x0 build/default/debug/_ext/1688732426/system_tasks.o
 .debug_str     0x00000abf        0x9 build/default/debug/_ext/1688732426/rtos_hooks.o
 .debug_str     0x00000ac8        0x0 c:/program files (x86)/microchip/xc32/v1.40/bin/bin/../../lib/gcc/pic32mx/4.8.3/../../../../pic32mx/lib\libpic32.a(default-bootstrap-exception-handler.o)
 .debug_str     0x00000ac8        0x0 c:/program files (x86)/microchip/xc32/v1.40/bin/bin/../../lib/gcc/pic32mx/4.8.3/../../../../pic32mx/lib\libpic32.a(default-on-reset.o)
 .debug_str     0x00000ac8        0x0 c:/program files (x86)/microchip/xc32/v1.40/bin/bin/../../lib/gcc/pic32mx/4.8.3/../../../../pic32mx/lib\libpic32.a(default-on-bootstrap.o)
 .debug_str     0x00000ac8        0x0 c:/program files (x86)/microchip/xc32/v1.40/bin/bin/../../lib/gcc/pic32mx/4.8.3/../../../../pic32mx/lib\libpic32.a(defaultinterrupt.o)
 .debug_str     0x00000ac8        0x0 c:/program files (x86)/microchip/xc32/v1.40/bin/bin/../../lib/gcc/pic32mx/4.8.3/../../../../pic32mx/lib\libc.a(atoi.o)
 .debug_str     0x00000ac8        0x0 c:/program files (x86)/microchip/xc32/v1.40/bin/bin/../../lib/gcc/pic32mx/4.8.3/../../../../pic32mx/lib\libc.a(ctype.o)
 .debug_str     0x00000ac8        0x0 c:/program files (x86)/microchip/xc32/v1.40/bin/bin/../../lib/gcc/pic32mx/4.8.3/../../../../pic32mx/lib\libc.a(snprintf_cdnopuxX.eo)
 .debug_str     0x00000ac8        0x0 c:/program files (x86)/microchip/xc32/v1.40/bin/bin/../../lib/gcc/pic32mx/4.8.3/../../../../pic32mx/lib\libc.a(vsnprintf_cdnopuxX.eo)
 .debug_str     0x00000ac8        0x0 c:/program files (x86)/microchip/xc32/v1.40/bin/bin/../../lib/gcc/pic32mx/4.8.3/../../../../pic32mx/lib\libc.a(doprnt_cdnopuxX.eo)
 .debug_str     0x00000ac8        0x0 c:/program files (x86)/microchip/xc32/v1.40/bin/bin/../../lib/gcc/pic32mx/4.8.3/../../../../pic32mx/lib\libc.a(_fputc_simple.o)
 .debug_str     0x00000ac8        0x0 c:/program files (x86)/microchip/xc32/v1.40/bin/bin/../../lib/gcc/pic32mx/4.8.3/../../../../pic32mx/lib\libc.a(_iob.o)
 .debug_str     0x00000ac8        0x0 c:/program files (x86)/microchip/xc32/v1.40/bin/bin/../../lib/gcc/pic32mx/4.8.3/../../../../pic32mx/lib\libc.a(_flsbuf_simple.o)
 .debug_str     0x00000ac8        0x0 c:/program files (x86)/microchip/xc32/v1.40/bin/bin/../../lib/gcc/pic32mx/4.8.3/../../../../pic32mx/lib\libpic32.a(write.o)
 .debug_str     0x00000ac8        0x0 c:/program files (x86)/microchip/xc32/v1.40/bin/bin/../../lib/gcc/pic32mx/4.8.3/../../../../pic32mx/lib\libpic32.a(_mon_putc.o)
 .debug_str     0x00000ac8        0x0 c:/program files (x86)/microchip/xc32/v1.40/bin/bin/../../lib/gcc/pic32mx/4.8.3/../../../../pic32mx/lib\libpic32.a(xc32_uart.o)
 .debug_str     0x00000ac8        0x0 c:/program files (x86)/microchip/xc32/v1.40/bin/bin/../../lib/gcc/pic32mx/4.8.3\libgcc.a(_udivdi3.o)
 .debug_str     0x00000ac8        0x0 c:/program files (x86)/microchip/xc32/v1.40/bin/bin/../../lib/gcc/pic32mx/4.8.3\libgcc.a(_umoddi3.o)

.debug_loc      0x00000000     0xd987
 *(.debug_loc)
 .debug_loc     0x00000000       0x6d build/default/debug/_ext/1360937237/app.o
 .debug_loc     0x0000006d       0x20 build/default/debug/_ext/1360937237/main.o
 .debug_loc     0x0000008d      0x3f9 build/default/debug/_ext/1360937237/Coms.o
 .debug_loc     0x00000486      0x2ed build/default/debug/_ext/1360937237/FindAndFollow.o
 .debug_loc     0x00000773      0x267 build/default/debug/_ext/1360937237/Sensors.o
 .debug_loc     0x000009da      0x2fe build/default/debug/_ext/1360937237/Motors.o
 .debug_loc     0x00000cd8      0x6a9 build/default/debug/_ext/1360937237/PacketManip.o
 .debug_loc     0x00001381     0x45aa build/default/debug/_ext/589191024/drv_usart.o
 .debug_loc     0x0000592b      0x4b5 build/default/debug/_ext/589191024/drv_usart_buffer_queue.o
 .debug_loc     0x00005de0      0xde3 build/default/debug/_ext/589191024/drv_usart_read_write.o
 .debug_loc     0x00006bc3      0x58c build/default/debug/_ext/1645233519/osal_freertos.o
 .debug_loc     0x0000714f      0x150 build/default/debug/_ext/59525387/sys_devcon.o
 .debug_loc     0x0000729f      0x100 build/default/debug/_ext/59525387/sys_devcon_pic32mx.o
 .debug_loc     0x0000739f      0x10d build/default/debug/_ext/1713828911/sys_int_pic32.o
 .debug_loc     0x000074ac      0xee1 build/default/debug/_ext/156848948/sys_ports.o
 .debug_loc     0x0000838d       0x21 build/default/debug/_ext/1047663089/sys_reset.o
 .debug_loc     0x000083ae       0x31 build/default/debug/_ext/1834516116/list.o
 .debug_loc     0x000083df      0xf5e build/default/debug/_ext/1834516116/queue.o
 .debug_loc     0x0000933d     0x195d build/default/debug/_ext/1834516116/tasks.o
 .debug_loc     0x0000ac9a      0x901 build/default/debug/_ext/1834516116/timers.o
 .debug_loc     0x0000b59b      0xa0a build/default/debug/_ext/1834516116/event_groups.o
 .debug_loc     0x0000bfa5       0x69 build/default/debug/_ext/471252175/heap_1.o